Component: ARM Compiler 5.06 update 6 (build 750) Tool: armlink [4d35ed]

==============================================================================

Section Cross References

    startup_stm32f407xx.o(RESET) refers to startup_stm32f407xx.o(STACK) for __initial_sp
    startup_stm32f407xx.o(RESET) refers to startup_stm32f407xx.o(.text) for Reset_Handler
    startup_stm32f407xx.o(RESET) refers to stm32fxxx_it.o(.text) for NMI_Handler
    startup_stm32f407xx.o(.text) refers to system_stm32f4xx.o(.text) for SystemInit
    startup_stm32f407xx.o(.text) refers to entry.o(.ARM.Collect$$$$00000000) for __main
    stm32f4xx_hal.o(.text) refers to stm32f4xx_hal_cortex.o(.text) for HAL_SYSTICK_Config
    stm32f4xx_hal.o(.text) refers to tm_stm32_delay.o(.text) for HAL_GetTick
    stm32f4xx_hal.o(.text) refers to system_stm32f4xx.o(.data) for SystemCoreClock
    stm32f4xx_hal.o(.text) refers to stm32f4xx_hal.o(.data) for uwTick
    stm32f4xx_hal_dma.o(.text) refers to tm_stm32_delay.o(.text) for HAL_GetTick
    stm32f4xx_hal_dma.o(.text) refers to stm32f4xx_hal_dma.o(.constdata) for flagBitshiftOffset
    stm32f4xx_hal_dma.o(.text) refers to system_stm32f4xx.o(.data) for SystemCoreClock
    stm32f4xx_hal_i2c.o(.text) refers to stm32f4xx_hal_rcc.o(.text) for HAL_RCC_GetPCLK1Freq
    stm32f4xx_hal_i2c.o(.text) refers to tm_stm32_delay.o(.text) for HAL_GetTick
    stm32f4xx_hal_i2c.o(.text) refers to system_stm32f4xx.o(.data) for SystemCoreClock
    stm32f4xx_hal_i2c.o(.text) refers to stm32f4xx_hal_dma.o(.text) for HAL_DMA_GetError
    stm32f4xx_hal_pwr_ex.o(.text) refers to tm_stm32_delay.o(.text) for HAL_GetTick
    stm32f4xx_hal_rcc.o(.text) refers to tm_stm32_delay.o(.text) for HAL_GetTick
    stm32f4xx_hal_rcc.o(.text) refers to stm32f4xx_hal.o(.text) for HAL_InitTick
    stm32f4xx_hal_rcc.o(.text) refers to stm32f4xx_hal_gpio.o(.text) for HAL_GPIO_Init
    stm32f4xx_hal_rcc.o(.text) refers to system_stm32f4xx.o(.constdata) for AHBPrescTable
    stm32f4xx_hal_rcc.o(.text) refers to system_stm32f4xx.o(.data) for SystemCoreClock
    stm32f4xx_hal_rcc_ex.o(.text) refers to tm_stm32_delay.o(.text) for HAL_GetTick
    stm32f4xx_hal_rcc_ex.o(.text) refers to system_stm32f4xx.o(.data) for SystemCoreClock
    stm32f4xx_hal_uart.o(.text) refers to stm32f4xx_hal_rcc.o(.text) for HAL_RCC_GetPCLK2Freq
    stm32f4xx_hal_uart.o(.text) refers to tm_stm32_delay.o(.text) for HAL_GetTick
    stm32f4xx_hal_uart.o(.text) refers to stm32f4xx_hal_dma.o(.text) for HAL_DMA_Start_IT
    stm32f4xx_hal_usart.o(.text) refers to stm32f4xx_hal_rcc.o(.text) for HAL_RCC_GetPCLK2Freq
    stm32f4xx_hal_usart.o(.text) refers to tm_stm32_delay.o(.text) for HAL_GetTick
    stm32f4xx_hal_usart.o(.text) refers to stm32f4xx_hal_dma.o(.text) for HAL_DMA_Start_IT
    tm_stm32_rcc.o(.text) refers to stm32f4xx_hal_rcc.o(.text) for HAL_RCC_OscConfig
    tm_stm32_gpio.o(.text) refers to tm_stm32_gpio.o(.bss) for GPIO_UsedPins
    tm_stm32_delay.o(.text) refers to malloc.o(i.malloc) for malloc
    tm_stm32_delay.o(.text) refers to malloc.o(i.free) for free
    tm_stm32_delay.o(.text) refers to tm_stm32_delay.o(.bss) for CustomTimers
    tm_stm32_delay.o(.text) refers to tm_stm32_delay.o(.data) for TM_Time
    tm_stm32_disco.o(.text) refers to tm_stm32_gpio.o(.text) for TM_GPIO_Init
    tm_stm32_disco.o(.text) refers to tm_stm32_disco.o(.data) for TM_INT_DISCO_ButtonPressed
    tm_stm32_buffer.o(.text) refers to memseta.o(.text) for __aeabi_memclr4
    tm_stm32_buffer.o(.text) refers to malloc.o(i.malloc) for malloc
    tm_stm32_buffer.o(.text) refers to malloc.o(i.free) for free
    tm_stm32_buffer.o(.text) refers to memcpya.o(.text) for __aeabi_memcpy
    tm_stm32_buffer.o(.text) refers to strlen.o(.text) for strlen
    tm_stm32_i2c.o(.text) refers to tm_stm32_gpio.o(.text) for TM_GPIO_InitAlternate
    tm_stm32_i2c.o(.text) refers to stm32f4xx_hal_i2c.o(.text) for HAL_I2C_Init
    tm_stm32_i2c.o(.text) refers to tm_stm32_i2c.o(.data) for I2C1Handle
    tm_stm32_mpu6050.o(.text) refers to tm_stm32_i2c.o(.text) for TM_I2C_Read
    main.o(.text) refers to tm_stm32_rcc.o(.text) for TM_RCC_InitSystem
    main.o(.text) refers to stm32f4xx_hal.o(.text) for HAL_Init
    main.o(.text) refers to tm_stm32_disco.o(.text) for TM_DISCO_LedInit
    main.o(.text) refers to tm_stm32_mpu6050.o(.text) for TM_MPU6050_Init
    main.o(.text) refers to tm_stm32_delay.o(.text) for HAL_Delay
    main.o(.text) refers to main.o(.bss) for MPU6050
    stm32fxxx_it.o(.text) refers to tm_stm32_delay.o(.text) for HAL_IncTick
    system_stm32f4xx.o(.text) refers to system_stm32f4xx.o(.data) for SystemCoreClock
    system_stm32f4xx.o(.text) refers to system_stm32f4xx.o(.constdata) for AHBPrescTable
    entry.o(.ARM.Collect$$$$00000000) refers (Special) to entry10a.o(.ARM.Collect$$$$0000000D) for __rt_final_cpp
    entry.o(.ARM.Collect$$$$00000000) refers (Special) to entry11a.o(.ARM.Collect$$$$0000000F) for __rt_final_exit
    entry.o(.ARM.Collect$$$$00000000) refers (Special) to entry7b.o(.ARM.Collect$$$$00000008) for _main_clock
    entry.o(.ARM.Collect$$$$00000000) refers (Special) to entry8b.o(.ARM.Collect$$$$0000000A) for _main_cpp_init
    entry.o(.ARM.Collect$$$$00000000) refers (Special) to entry9a.o(.ARM.Collect$$$$0000000B) for _main_init
    entry.o(.ARM.Collect$$$$00000000) refers (Special) to entry5.o(.ARM.Collect$$$$00000004) for _main_scatterload
    entry.o(.ARM.Collect$$$$00000000) refers (Special) to entry2.o(.ARM.Collect$$$$00000001) for _main_stk
    malloc.o(i.free) refers to mvars.o(.data) for __microlib_freelist
    malloc.o(i.malloc) refers to mvars.o(.data) for __microlib_freelist_initialised
    malloc.o(i.malloc) refers to mvars.o(.data) for __microlib_freelist
    malloc.o(i.malloc) refers to startup_stm32f407xx.o(HEAP) for __heap_base
    mallocr.o(i.__free$realloc) refers to mvars.o(.data) for __microlib_freelist
    mallocr.o(i.__malloc$realloc) refers to mallocr.o(i.internal_alloc) for internal_alloc
    mallocr.o(i.__malloc$realloc) refers to mvars.o(.data) for __microlib_freelist_initialised
    mallocr.o(i.__malloc$realloc) refers to startup_stm32f407xx.o(HEAP) for __heap_base
    mallocr.o(i.__malloc$realloc) refers to mvars.o(.data) for __microlib_freelist
    mallocr.o(i.internal_alloc) refers to memcpya.o(.text) for __aeabi_memcpy
    mallocr.o(i.internal_alloc) refers to mvars.o(.data) for __microlib_freelist
    mallocr.o(i.realloc) refers to mallocr.o(i.__free$realloc) for __free$realloc
    mallocr.o(i.realloc) refers to mallocr.o(i.internal_alloc) for internal_alloc
    mallocr.o(i.realloc) refers to mallocr.o(i.__malloc$realloc) for __malloc$realloc
    mallocr.o(i.realloc) refers to mvars.o(.data) for __microlib_freelist
    malloca.o(i.__aligned_malloc) refers to mvars.o(.data) for __microlib_freelist_initialised
    malloca.o(i.__aligned_malloc) refers to mvars.o(.data) for __microlib_freelist
    malloca.o(i.__aligned_malloc) refers to startup_stm32f407xx.o(HEAP) for __heap_base
    malloca.o(i.__free$memalign) refers to mvars.o(.data) for __microlib_freelist
    malloca.o(i.__malloc$memalign) refers to malloca.o(i.__aligned_malloc) for __aligned_malloc
    mallocra.o(i.__aligned_malloc$realloc) refers to mallocra.o(i.internal_alloc) for internal_alloc
    mallocra.o(i.__aligned_malloc$realloc) refers to mvars.o(.data) for __microlib_freelist_initialised
    mallocra.o(i.__aligned_malloc$realloc) refers to startup_stm32f407xx.o(HEAP) for __heap_base
    mallocra.o(i.__aligned_malloc$realloc) refers to mvars.o(.data) for __microlib_freelist
    mallocra.o(i.__free$realloc$memalign) refers to mvars.o(.data) for __microlib_freelist
    mallocra.o(i.__malloc$realloc$memalign) refers to mallocra.o(i.__aligned_malloc$realloc) for __aligned_malloc$realloc
    mallocra.o(i.__realloc$memalign) refers to mallocra.o(i.__free$realloc$memalign) for __free$realloc$memalign
    mallocra.o(i.__realloc$memalign) refers to mallocra.o(i.internal_alloc) for internal_alloc
    mallocra.o(i.__realloc$memalign) refers to mallocra.o(i.__malloc$realloc$memalign) for __malloc$realloc$memalign
    mallocra.o(i.__realloc$memalign) refers to mvars.o(.data) for __microlib_freelist
    mallocra.o(i.internal_alloc) refers to memcpya.o(.text) for __aeabi_memcpy
    mallocra.o(i.internal_alloc) refers to mvars.o(.data) for __microlib_freelist
    entry2.o(.ARM.Collect$$$$00000001) refers to entry2.o(.ARM.Collect$$$$00002712) for __lit__00000000
    entry2.o(.ARM.Collect$$$$00002712) refers to startup_stm32f407xx.o(STACK) for __initial_sp
    entry2.o(__vectab_stack_and_reset_area) refers to startup_stm32f407xx.o(STACK) for __initial_sp
    entry2.o(__vectab_stack_and_reset_area) refers to entry.o(.ARM.Collect$$$$00000000) for __main
    entry5.o(.ARM.Collect$$$$00000004) refers to init.o(.text) for __scatterload
    entry9a.o(.ARM.Collect$$$$0000000B) refers to main.o(.text) for main
    entry9b.o(.ARM.Collect$$$$0000000C) refers to main.o(.text) for main
    init.o(.text) refers to entry5.o(.ARM.Collect$$$$00000004) for __main_after_scatterload


==============================================================================

Removing Unused input sections from the image.

    Removing stm32f4xx_hal.o(.rev16_text), (4 bytes).
    Removing stm32f4xx_hal.o(.revsh_text), (4 bytes).
    Removing stm32f4xx_hal.o(.rrx_text), (6 bytes).
    Removing stm32f4xx_hal_cortex.o(.rev16_text), (4 bytes).
    Removing stm32f4xx_hal_cortex.o(.revsh_text), (4 bytes).
    Removing stm32f4xx_hal_cortex.o(.rrx_text), (6 bytes).
    Removing stm32f4xx_hal_dma.o(.rev16_text), (4 bytes).
    Removing stm32f4xx_hal_dma.o(.revsh_text), (4 bytes).
    Removing stm32f4xx_hal_dma.o(.rrx_text), (6 bytes).
    Removing stm32f4xx_hal_dma_ex.o(.rev16_text), (4 bytes).
    Removing stm32f4xx_hal_dma_ex.o(.revsh_text), (4 bytes).
    Removing stm32f4xx_hal_dma_ex.o(.rrx_text), (6 bytes).
    Removing stm32f4xx_hal_dma_ex.o(.text), (4240 bytes).
    Removing stm32f4xx_hal_dma2d.o(.rev16_text), (4 bytes).
    Removing stm32f4xx_hal_dma2d.o(.revsh_text), (4 bytes).
    Removing stm32f4xx_hal_dma2d.o(.rrx_text), (6 bytes).
    Removing stm32f4xx_hal_gpio.o(.rev16_text), (4 bytes).
    Removing stm32f4xx_hal_gpio.o(.revsh_text), (4 bytes).
    Removing stm32f4xx_hal_gpio.o(.rrx_text), (6 bytes).
    Removing stm32f4xx_hal_i2c.o(.rev16_text), (4 bytes).
    Removing stm32f4xx_hal_i2c.o(.revsh_text), (4 bytes).
    Removing stm32f4xx_hal_i2c.o(.rrx_text), (6 bytes).
    Removing stm32f4xx_hal_i2c_ex.o(.rev16_text), (4 bytes).
    Removing stm32f4xx_hal_i2c_ex.o(.revsh_text), (4 bytes).
    Removing stm32f4xx_hal_i2c_ex.o(.rrx_text), (6 bytes).
    Removing stm32f4xx_hal_pwr.o(.rev16_text), (4 bytes).
    Removing stm32f4xx_hal_pwr.o(.revsh_text), (4 bytes).
    Removing stm32f4xx_hal_pwr.o(.rrx_text), (6 bytes).
    Removing stm32f4xx_hal_pwr.o(.text), (524 bytes).
    Removing stm32f4xx_hal_pwr_ex.o(.rev16_text), (4 bytes).
    Removing stm32f4xx_hal_pwr_ex.o(.revsh_text), (4 bytes).
    Removing stm32f4xx_hal_pwr_ex.o(.rrx_text), (6 bytes).
    Removing stm32f4xx_hal_pwr_ex.o(.text), (312 bytes).
    Removing stm32f4xx_hal_rcc.o(.rev16_text), (4 bytes).
    Removing stm32f4xx_hal_rcc.o(.revsh_text), (4 bytes).
    Removing stm32f4xx_hal_rcc.o(.rrx_text), (6 bytes).
    Removing stm32f4xx_hal_rcc_ex.o(.rev16_text), (4 bytes).
    Removing stm32f4xx_hal_rcc_ex.o(.revsh_text), (4 bytes).
    Removing stm32f4xx_hal_rcc_ex.o(.rrx_text), (6 bytes).
    Removing stm32f4xx_hal_rcc_ex.o(.text), (768 bytes).
    Removing stm32f4xx_hal_uart.o(.rev16_text), (4 bytes).
    Removing stm32f4xx_hal_uart.o(.revsh_text), (4 bytes).
    Removing stm32f4xx_hal_uart.o(.rrx_text), (6 bytes).
    Removing stm32f4xx_hal_uart.o(.text), (5038 bytes).
    Removing stm32f4xx_hal_usart.o(.rev16_text), (4 bytes).
    Removing stm32f4xx_hal_usart.o(.revsh_text), (4 bytes).
    Removing stm32f4xx_hal_usart.o(.rrx_text), (6 bytes).
    Removing stm32f4xx_hal_usart.o(.text), (4444 bytes).
    Removing tm_stm32_rcc.o(.rev16_text), (4 bytes).
    Removing tm_stm32_rcc.o(.revsh_text), (4 bytes).
    Removing tm_stm32_rcc.o(.rrx_text), (6 bytes).
    Removing tm_stm32_gpio.o(.rev16_text), (4 bytes).
    Removing tm_stm32_gpio.o(.revsh_text), (4 bytes).
    Removing tm_stm32_gpio.o(.rrx_text), (6 bytes).
    Removing tm_stm32_delay.o(.rev16_text), (4 bytes).
    Removing tm_stm32_delay.o(.revsh_text), (4 bytes).
    Removing tm_stm32_delay.o(.rrx_text), (6 bytes).
    Removing tm_stm32_disco.o(.rev16_text), (4 bytes).
    Removing tm_stm32_disco.o(.revsh_text), (4 bytes).
    Removing tm_stm32_disco.o(.rrx_text), (6 bytes).
    Removing tm_stm32_buffer.o(.rev16_text), (4 bytes).
    Removing tm_stm32_buffer.o(.revsh_text), (4 bytes).
    Removing tm_stm32_buffer.o(.rrx_text), (6 bytes).
    Removing tm_stm32_buffer.o(.text), (1020 bytes).
    Removing tm_stm32_i2c.o(.rev16_text), (4 bytes).
    Removing tm_stm32_i2c.o(.revsh_text), (4 bytes).
    Removing tm_stm32_i2c.o(.rrx_text), (6 bytes).
    Removing tm_stm32_mpu6050.o(.rev16_text), (4 bytes).
    Removing tm_stm32_mpu6050.o(.revsh_text), (4 bytes).
    Removing tm_stm32_mpu6050.o(.rrx_text), (6 bytes).
    Removing main.o(.rev16_text), (4 bytes).
    Removing main.o(.revsh_text), (4 bytes).
    Removing main.o(.rrx_text), (6 bytes).
    Removing stm32fxxx_it.o(.rev16_text), (4 bytes).
    Removing stm32fxxx_it.o(.revsh_text), (4 bytes).
    Removing stm32fxxx_it.o(.rrx_text), (6 bytes).
    Removing system_stm32f4xx.o(.rev16_text), (4 bytes).
    Removing system_stm32f4xx.o(.revsh_text), (4 bytes).
    Removing system_stm32f4xx.o(.rrx_text), (6 bytes).

79 unused section(s) (total 16682 bytes) removed from the image.

==============================================================================

Image Symbol Table

    Local Symbols

    Symbol Name                              Value     Ov Type        Size  Object(Section)

    ../clib/microlib/init/entry.s            0x00000000   Number         0  entry7b.o ABSOLUTE
    ../clib/microlib/init/entry.s            0x00000000   Number         0  entry9a.o ABSOLUTE
    ../clib/microlib/init/entry.s            0x00000000   Number         0  entry7a.o ABSOLUTE
    ../clib/microlib/init/entry.s            0x00000000   Number         0  entry.o ABSOLUTE
    ../clib/microlib/init/entry.s            0x00000000   Number         0  entry8b.o ABSOLUTE
    ../clib/microlib/init/entry.s            0x00000000   Number         0  entry2.o ABSOLUTE
    ../clib/microlib/init/entry.s            0x00000000   Number         0  entry5.o ABSOLUTE
    ../clib/microlib/init/entry.s            0x00000000   Number         0  entry11b.o ABSOLUTE
    ../clib/microlib/init/entry.s            0x00000000   Number         0  entry11a.o ABSOLUTE
    ../clib/microlib/init/entry.s            0x00000000   Number         0  entry10b.o ABSOLUTE
    ../clib/microlib/init/entry.s            0x00000000   Number         0  entry10a.o ABSOLUTE
    ../clib/microlib/init/entry.s            0x00000000   Number         0  entry9b.o ABSOLUTE
    ../clib/microlib/init/entry.s            0x00000000   Number         0  entry8a.o ABSOLUTE
    ../clib/microlib/malloc/malloc.c         0x00000000   Number         0  malloc.o ABSOLUTE
    ../clib/microlib/malloc/malloc.c         0x00000000   Number         0  mallocr.o ABSOLUTE
    ../clib/microlib/malloc/malloc.c         0x00000000   Number         0  malloca.o ABSOLUTE
    ../clib/microlib/malloc/malloc.c         0x00000000   Number         0  mallocra.o ABSOLUTE
    ../clib/microlib/malloc/mvars.c          0x00000000   Number         0  mvars.o ABSOLUTE
    ../clib/microlib/string/memcpy.c         0x00000000   Number         0  memcpyb.o ABSOLUTE
    ../clib/microlib/string/memcpy.c         0x00000000   Number         0  memcpya.o ABSOLUTE
    ../clib/microlib/string/memset.c         0x00000000   Number         0  memseta.o ABSOLUTE
    ../clib/microlib/string/strlen.c         0x00000000   Number         0  strlen.o ABSOLUTE
    ..\00-HAL_DRIVERS\CMSIS\Device\ST\STM32F4xx\Source\Templates\arm\startup_stm32f407xx.s 0x00000000   Number         0  startup_stm32f407xx.o ABSOLUTE
    ..\00-HAL_DRIVERS\STM32F4xx_HAL_Driver\Src\stm32f4xx_hal.c 0x00000000   Number         0  stm32f4xx_hal.o ABSOLUTE
    ..\00-HAL_DRIVERS\STM32F4xx_HAL_Driver\Src\stm32f4xx_hal_cortex.c 0x00000000   Number         0  stm32f4xx_hal_cortex.o ABSOLUTE
    ..\00-HAL_DRIVERS\STM32F4xx_HAL_Driver\Src\stm32f4xx_hal_dma.c 0x00000000   Number         0  stm32f4xx_hal_dma.o ABSOLUTE
    ..\00-HAL_DRIVERS\STM32F4xx_HAL_Driver\Src\stm32f4xx_hal_dma2d.c 0x00000000   Number         0  stm32f4xx_hal_dma2d.o ABSOLUTE
    ..\00-HAL_DRIVERS\STM32F4xx_HAL_Driver\Src\stm32f4xx_hal_dma_ex.c 0x00000000   Number         0  stm32f4xx_hal_dma_ex.o ABSOLUTE
    ..\00-HAL_DRIVERS\STM32F4xx_HAL_Driver\Src\stm32f4xx_hal_gpio.c 0x00000000   Number         0  stm32f4xx_hal_gpio.o ABSOLUTE
    ..\00-HAL_DRIVERS\STM32F4xx_HAL_Driver\Src\stm32f4xx_hal_i2c.c 0x00000000   Number         0  stm32f4xx_hal_i2c.o ABSOLUTE
    ..\00-HAL_DRIVERS\STM32F4xx_HAL_Driver\Src\stm32f4xx_hal_i2c_ex.c 0x00000000   Number         0  stm32f4xx_hal_i2c_ex.o ABSOLUTE
    ..\00-HAL_DRIVERS\STM32F4xx_HAL_Driver\Src\stm32f4xx_hal_pwr.c 0x00000000   Number         0  stm32f4xx_hal_pwr.o ABSOLUTE
    ..\00-HAL_DRIVERS\STM32F4xx_HAL_Driver\Src\stm32f4xx_hal_pwr_ex.c 0x00000000   Number         0  stm32f4xx_hal_pwr_ex.o ABSOLUTE
    ..\00-HAL_DRIVERS\STM32F4xx_HAL_Driver\Src\stm32f4xx_hal_rcc.c 0x00000000   Number         0  stm32f4xx_hal_rcc.o ABSOLUTE
    ..\00-HAL_DRIVERS\STM32F4xx_HAL_Driver\Src\stm32f4xx_hal_rcc_ex.c 0x00000000   Number         0  stm32f4xx_hal_rcc_ex.o ABSOLUTE
    ..\00-HAL_DRIVERS\STM32F4xx_HAL_Driver\Src\stm32f4xx_hal_uart.c 0x00000000   Number         0  stm32f4xx_hal_uart.o ABSOLUTE
    ..\00-HAL_DRIVERS\STM32F4xx_HAL_Driver\Src\stm32f4xx_hal_usart.c 0x00000000   Number         0  stm32f4xx_hal_usart.o ABSOLUTE
    ..\00-STM32_LIBRARIES\tm_stm32_buffer.c  0x00000000   Number         0  tm_stm32_buffer.o ABSOLUTE
    ..\00-STM32_LIBRARIES\tm_stm32_delay.c   0x00000000   Number         0  tm_stm32_delay.o ABSOLUTE
    ..\00-STM32_LIBRARIES\tm_stm32_disco.c   0x00000000   Number         0  tm_stm32_disco.o ABSOLUTE
    ..\00-STM32_LIBRARIES\tm_stm32_gpio.c    0x00000000   Number         0  tm_stm32_gpio.o ABSOLUTE
    ..\00-STM32_LIBRARIES\tm_stm32_i2c.c     0x00000000   Number         0  tm_stm32_i2c.o ABSOLUTE
    ..\00-STM32_LIBRARIES\tm_stm32_mpu6050.c 0x00000000   Number         0  tm_stm32_mpu6050.o ABSOLUTE
    ..\00-STM32_LIBRARIES\tm_stm32_rcc.c     0x00000000   Number         0  tm_stm32_rcc.o ABSOLUTE
    ..\\00-HAL_DRIVERS\\STM32F4xx_HAL_Driver\\Src\\stm32f4xx_hal.c 0x00000000   Number         0  stm32f4xx_hal.o ABSOLUTE
    ..\\00-HAL_DRIVERS\\STM32F4xx_HAL_Driver\\Src\\stm32f4xx_hal_cortex.c 0x00000000   Number         0  stm32f4xx_hal_cortex.o ABSOLUTE
    ..\\00-HAL_DRIVERS\\STM32F4xx_HAL_Driver\\Src\\stm32f4xx_hal_dma.c 0x00000000   Number         0  stm32f4xx_hal_dma.o ABSOLUTE
    ..\\00-HAL_DRIVERS\\STM32F4xx_HAL_Driver\\Src\\stm32f4xx_hal_dma2d.c 0x00000000   Number         0  stm32f4xx_hal_dma2d.o ABSOLUTE
    ..\\00-HAL_DRIVERS\\STM32F4xx_HAL_Driver\\Src\\stm32f4xx_hal_dma_ex.c 0x00000000   Number         0  stm32f4xx_hal_dma_ex.o ABSOLUTE
    ..\\00-HAL_DRIVERS\\STM32F4xx_HAL_Driver\\Src\\stm32f4xx_hal_gpio.c 0x00000000   Number         0  stm32f4xx_hal_gpio.o ABSOLUTE
    ..\\00-HAL_DRIVERS\\STM32F4xx_HAL_Driver\\Src\\stm32f4xx_hal_i2c.c 0x00000000   Number         0  stm32f4xx_hal_i2c.o ABSOLUTE
    ..\\00-HAL_DRIVERS\\STM32F4xx_HAL_Driver\\Src\\stm32f4xx_hal_i2c_ex.c 0x00000000   Number         0  stm32f4xx_hal_i2c_ex.o ABSOLUTE
    ..\\00-HAL_DRIVERS\\STM32F4xx_HAL_Driver\\Src\\stm32f4xx_hal_pwr.c 0x00000000   Number         0  stm32f4xx_hal_pwr.o ABSOLUTE
    ..\\00-HAL_DRIVERS\\STM32F4xx_HAL_Driver\\Src\\stm32f4xx_hal_pwr_ex.c 0x00000000   Number         0  stm32f4xx_hal_pwr_ex.o ABSOLUTE
    ..\\00-HAL_DRIVERS\\STM32F4xx_HAL_Driver\\Src\\stm32f4xx_hal_rcc.c 0x00000000   Number         0  stm32f4xx_hal_rcc.o ABSOLUTE
    ..\\00-HAL_DRIVERS\\STM32F4xx_HAL_Driver\\Src\\stm32f4xx_hal_rcc_ex.c 0x00000000   Number         0  stm32f4xx_hal_rcc_ex.o ABSOLUTE
    ..\\00-HAL_DRIVERS\\STM32F4xx_HAL_Driver\\Src\\stm32f4xx_hal_uart.c 0x00000000   Number         0  stm32f4xx_hal_uart.o ABSOLUTE
    ..\\00-HAL_DRIVERS\\STM32F4xx_HAL_Driver\\Src\\stm32f4xx_hal_usart.c 0x00000000   Number         0  stm32f4xx_hal_usart.o ABSOLUTE
    ..\\00-STM32_LIBRARIES\\tm_stm32_buffer.c 0x00000000   Number         0  tm_stm32_buffer.o ABSOLUTE
    ..\\00-STM32_LIBRARIES\\tm_stm32_delay.c 0x00000000   Number         0  tm_stm32_delay.o ABSOLUTE
    ..\\00-STM32_LIBRARIES\\tm_stm32_disco.c 0x00000000   Number         0  tm_stm32_disco.o ABSOLUTE
    ..\\00-STM32_LIBRARIES\\tm_stm32_gpio.c  0x00000000   Number         0  tm_stm32_gpio.o ABSOLUTE
    ..\\00-STM32_LIBRARIES\\tm_stm32_i2c.c   0x00000000   Number         0  tm_stm32_i2c.o ABSOLUTE
    ..\\00-STM32_LIBRARIES\\tm_stm32_mpu6050.c 0x00000000   Number         0  tm_stm32_mpu6050.o ABSOLUTE
    ..\\00-STM32_LIBRARIES\\tm_stm32_rcc.c   0x00000000   Number         0  tm_stm32_rcc.o ABSOLUTE
    User\\main.c                             0x00000000   Number         0  main.o ABSOLUTE
    User\\stm32fxxx_it.c                     0x00000000   Number         0  stm32fxxx_it.o ABSOLUTE
    User\\system_stm32f4xx.c                 0x00000000   Number         0  system_stm32f4xx.o ABSOLUTE
    User\main.c                              0x00000000   Number         0  main.o ABSOLUTE
    User\stm32fxxx_it.c                      0x00000000   Number         0  stm32fxxx_it.o ABSOLUTE
    User\system_stm32f4xx.c                  0x00000000   Number         0  system_stm32f4xx.o ABSOLUTE
    dc.s                                     0x00000000   Number         0  dc.o ABSOLUTE
    handlers.s                               0x00000000   Number         0  handlers.o ABSOLUTE
    init.s                                   0x00000000   Number         0  init.o ABSOLUTE
    RESET                                    0x08000000   Section      392  startup_stm32f407xx.o(RESET)
    .ARM.Collect$$$$00000000                 0x08000188   Section        0  entry.o(.ARM.Collect$$$$00000000)
    .ARM.Collect$$$$00000001                 0x08000188   Section        4  entry2.o(.ARM.Collect$$$$00000001)
    .ARM.Collect$$$$00000004                 0x0800018c   Section        4  entry5.o(.ARM.Collect$$$$00000004)
    .ARM.Collect$$$$00000008                 0x08000190   Section        0  entry7b.o(.ARM.Collect$$$$00000008)
    .ARM.Collect$$$$0000000A                 0x08000190   Section        0  entry8b.o(.ARM.Collect$$$$0000000A)
    .ARM.Collect$$$$0000000B                 0x08000190   Section        8  entry9a.o(.ARM.Collect$$$$0000000B)
    .ARM.Collect$$$$0000000D                 0x08000198   Section        0  entry10a.o(.ARM.Collect$$$$0000000D)
    .ARM.Collect$$$$0000000F                 0x08000198   Section        0  entry11a.o(.ARM.Collect$$$$0000000F)
    .ARM.Collect$$$$00002712                 0x08000198   Section        4  entry2.o(.ARM.Collect$$$$00002712)
    __lit__00000000                          0x08000198   Data           4  entry2.o(.ARM.Collect$$$$00002712)
    .text                                    0x0800019c   Section       36  startup_stm32f407xx.o(.text)
    $v0                                      0x0800019c   Number         0  startup_stm32f407xx.o(.text)
    .text                                    0x080001c0   Section        0  stm32f4xx_hal.o(.text)
    .text                                    0x08000384   Section        0  stm32f4xx_hal_cortex.o(.text)
    NVIC_SetPriority                         0x08000385   Thumb Code    32  stm32f4xx_hal_cortex.o(.text)
    NVIC_GetPriorityGrouping                 0x080006e7   Thumb Code    12  stm32f4xx_hal_cortex.o(.text)
    .text                                    0x08000708   Section        0  stm32f4xx_hal_dma.o(.text)
    DMA_CalcBaseAndBitshift                  0x08000709   Thumb Code    46  stm32f4xx_hal_dma.o(.text)
    DMA_CheckFifoParam                       0x08000737   Thumb Code   170  stm32f4xx_hal_dma.o(.text)
    DMA_SetConfig                            0x0800092b   Thumb Code    44  stm32f4xx_hal_dma.o(.text)
    .text                                    0x08000fc0   Section        0  stm32f4xx_hal_gpio.o(.text)
    .text                                    0x0800136c   Section        0  stm32f4xx_hal_i2c.o(.text)
    I2C_IsAcknowledgeFailed                  0x080014cb   Thumb Code    52  stm32f4xx_hal_i2c.o(.text)
    I2C_WaitOnBTFFlagUntilTimeout            0x080014ff   Thumb Code    86  stm32f4xx_hal_i2c.o(.text)
    I2C_WaitOnTXEFlagUntilTimeout            0x08001555   Thumb Code    86  stm32f4xx_hal_i2c.o(.text)
    I2C_WaitOnMasterAddressFlagUntilTimeout  0x080015ab   Thumb Code   172  stm32f4xx_hal_i2c.o(.text)
    I2C_WaitOnFlagUntilTimeout               0x08001657   Thumb Code   124  stm32f4xx_hal_i2c.o(.text)
    I2C_MasterRequestWrite                   0x080016d3   Thumb Code   198  stm32f4xx_hal_i2c.o(.text)
    I2C_WaitOnRXNEFlagUntilTimeout           0x08001925   Thumb Code   110  stm32f4xx_hal_i2c.o(.text)
    I2C_MasterRequestRead                    0x08001993   Thumb Code   298  stm32f4xx_hal_i2c.o(.text)
    I2C_WaitOnSTOPFlagUntilTimeout           0x08001f7d   Thumb Code    82  stm32f4xx_hal_i2c.o(.text)
    I2C_DMAError                             0x080028e5   Thumb Code    60  stm32f4xx_hal_i2c.o(.text)
    I2C_DMAXferCplt                          0x08002925   Thumb Code   176  stm32f4xx_hal_i2c.o(.text)
    I2C_DMAAbort                             0x08002c9d   Thumb Code   104  stm32f4xx_hal_i2c.o(.text)
    I2C_ITError                              0x08002d05   Thumb Code   378  stm32f4xx_hal_i2c.o(.text)
    I2C_RequestMemoryWrite                   0x08003131   Thumb Code   218  stm32f4xx_hal_i2c.o(.text)
    I2C_RequestMemoryRead                    0x080033a3   Thumb Code   340  stm32f4xx_hal_i2c.o(.text)
    I2C_SlaveReceive_BTF                     0x08003f39   Thumb Code    30  stm32f4xx_hal_i2c.o(.text)
    I2C_SlaveReceive_RXNE                    0x08003f59   Thumb Code    72  stm32f4xx_hal_i2c.o(.text)
    I2C_SlaveTransmit_BTF                    0x08003fa1   Thumb Code    28  stm32f4xx_hal_i2c.o(.text)
    I2C_SlaveTransmit_TXE                    0x08003fbf   Thumb Code    70  stm32f4xx_hal_i2c.o(.text)
    I2C_Slave_STOPF                          0x08004005   Thumb Code   268  stm32f4xx_hal_i2c.o(.text)
    I2C_Slave_ADDR                           0x08004113   Thumb Code    54  stm32f4xx_hal_i2c.o(.text)
    I2C_MasterReceive_BTF                    0x08004149   Thumb Code   248  stm32f4xx_hal_i2c.o(.text)
    I2C_MasterReceive_RXNE                   0x08004241   Thumb Code   210  stm32f4xx_hal_i2c.o(.text)
    I2C_MasterTransmit_BTF                   0x08004317   Thumb Code   160  stm32f4xx_hal_i2c.o(.text)
    I2C_MasterTransmit_TXE                   0x080043b7   Thumb Code   330  stm32f4xx_hal_i2c.o(.text)
    I2C_Master_ADDR                          0x08004501   Thumb Code   558  stm32f4xx_hal_i2c.o(.text)
    I2C_Master_ADD10                         0x0800472f   Thumb Code    14  stm32f4xx_hal_i2c.o(.text)
    I2C_Master_SB                            0x0800473d   Thumb Code   130  stm32f4xx_hal_i2c.o(.text)
    I2C_Slave_AF                             0x0800492f   Thumb Code   158  stm32f4xx_hal_i2c.o(.text)
    .text                                    0x08004ad0   Section        0  stm32f4xx_hal_rcc.o(.text)
    .text                                    0x08005460   Section        0  tm_stm32_rcc.o(.text)
    .text                                    0x08005514   Section        0  tm_stm32_gpio.o(.text)
    .text                                    0x08005814   Section        0  tm_stm32_delay.o(.text)
    .text                                    0x08005a88   Section        0  tm_stm32_disco.o(.text)
    .text                                    0x08005b20   Section        0  tm_stm32_i2c.o(.text)
    TM_I2C_FillSettings                      0x08005b45   Thumb Code    26  tm_stm32_i2c.o(.text)
    TM_I2C3_INT_InitPins                     0x08005b61   Thumb Code    86  tm_stm32_i2c.o(.text)
    TM_I2C2_INT_InitPins                     0x08005bb7   Thumb Code    90  tm_stm32_i2c.o(.text)
    TM_I2C1_INT_InitPins                     0x08005c11   Thumb Code    92  tm_stm32_i2c.o(.text)
    .text                                    0x08006080   Section        0  tm_stm32_mpu6050.o(.text)
    .text                                    0x08006418   Section        0  main.o(.text)
    .text                                    0x0800645c   Section        0  stm32fxxx_it.o(.text)
    .text                                    0x08006480   Section        0  system_stm32f4xx.o(.text)
    .text                                    0x080065a0   Section       36  init.o(.text)
    i.__scatterload_copy                     0x080065c4   Section       14  handlers.o(i.__scatterload_copy)
    i.__scatterload_null                     0x080065d2   Section        2  handlers.o(i.__scatterload_null)
    i.__scatterload_zeroinit                 0x080065d4   Section       14  handlers.o(i.__scatterload_zeroinit)
    i.free                                   0x080065e4   Section        0  malloc.o(i.free)
    i.malloc                                 0x08006634   Section        0  malloc.o(i.malloc)
    .constdata                               0x080066a0   Section        8  stm32f4xx_hal_dma.o(.constdata)
    flagBitshiftOffset                       0x080066a0   Data           8  stm32f4xx_hal_dma.o(.constdata)
    .constdata                               0x080066a8   Section       24  system_stm32f4xx.o(.constdata)
    .data                                    0x20000000   Section        4  stm32f4xx_hal.o(.data)
    .data                                    0x20000004   Section        8  tm_stm32_delay.o(.data)
    .data                                    0x2000000c   Section        1  tm_stm32_disco.o(.data)
    TM_INT_DISCO_ButtonPressed               0x2000000c   Data           1  tm_stm32_disco.o(.data)
    .data                                    0x20000010   Section      252  tm_stm32_i2c.o(.data)
    I2C1Handle                               0x20000010   Data          84  tm_stm32_i2c.o(.data)
    I2C2Handle                               0x20000064   Data          84  tm_stm32_i2c.o(.data)
    I2C3Handle                               0x200000b8   Data          84  tm_stm32_i2c.o(.data)
    .data                                    0x2000010c   Section        4  system_stm32f4xx.o(.data)
    .data                                    0x20000110   Section        4  mvars.o(.data)
    .data                                    0x20000114   Section        4  mvars.o(.data)
    .bss                                     0x20000118   Section       26  tm_stm32_gpio.o(.bss)
    GPIO_UsedPins                            0x20000118   Data          26  tm_stm32_gpio.o(.bss)
    .bss                                     0x20000134   Section       24  tm_stm32_delay.o(.bss)
    CustomTimers                             0x20000134   Data          24  tm_stm32_delay.o(.bss)
    .bss                                     0x2000014c   Section       28  main.o(.bss)
    HEAP                                     0x20000168   Section     4096  startup_stm32f407xx.o(HEAP)
    STACK                                    0x20001168   Section     1024  startup_stm32f407xx.o(STACK)

    Global Symbols

    Symbol Name                              Value     Ov Type        Size  Object(Section)

    BuildAttributes$$THM_ISAv4$E$P$D$K$B$S$7EM$VFPi3$EXTD16$VFPS$VFMA$PE$A:L22UL41UL21$X:L11$S22US41US21$IEEE1$IW$USESV6$~STKCKD$USESV7$~SHL$OSPACE$EBA8$MICROLIB$REQ8$PRES8$EABIv2 0x00000000   Number         0  anon$$obj.o ABSOLUTE
    __ARM_use_no_argv                        0x00000000   Number         0  main.o ABSOLUTE
    __cpp_initialize__aeabi_                  - Undefined Weak Reference
    __cxa_finalize                            - Undefined Weak Reference
    __decompress                              - Undefined Weak Reference
    _clock_init                               - Undefined Weak Reference
    _microlib_exit                            - Undefined Weak Reference
    __Vectors_Size                           0x00000188   Number         0  startup_stm32f407xx.o ABSOLUTE
    __Vectors                                0x08000000   Data           4  startup_stm32f407xx.o(RESET)
    __Vectors_End                            0x08000188   Data           0  startup_stm32f407xx.o(RESET)
    __main                                   0x08000189   Thumb Code     0  entry.o(.ARM.Collect$$$$00000000)
    _main_stk                                0x08000189   Thumb Code     0  entry2.o(.ARM.Collect$$$$00000001)
    _main_scatterload                        0x0800018d   Thumb Code     0  entry5.o(.ARM.Collect$$$$00000004)
    __main_after_scatterload                 0x08000191   Thumb Code     0  entry5.o(.ARM.Collect$$$$00000004)
    _main_clock                              0x08000191   Thumb Code     0  entry7b.o(.ARM.Collect$$$$00000008)
    _main_cpp_init                           0x08000191   Thumb Code     0  entry8b.o(.ARM.Collect$$$$0000000A)
    _main_init                               0x08000191   Thumb Code     0  entry9a.o(.ARM.Collect$$$$0000000B)
    __rt_final_cpp                           0x08000199   Thumb Code     0  entry10a.o(.ARM.Collect$$$$0000000D)
    __rt_final_exit                          0x08000199   Thumb Code     0  entry11a.o(.ARM.Collect$$$$0000000F)
    Reset_Handler                            0x0800019d   Thumb Code     8  startup_stm32f407xx.o(.text)
    ADC_IRQHandler                           0x080001b7   Thumb Code     0  startup_stm32f407xx.o(.text)
    CAN1_RX0_IRQHandler                      0x080001b7   Thumb Code     0  startup_stm32f407xx.o(.text)
    CAN1_RX1_IRQHandler                      0x080001b7   Thumb Code     0  startup_stm32f407xx.o(.text)
    CAN1_SCE_IRQHandler                      0x080001b7   Thumb Code     0  startup_stm32f407xx.o(.text)
    CAN1_TX_IRQHandler                       0x080001b7   Thumb Code     0  startup_stm32f407xx.o(.text)
    CAN2_RX0_IRQHandler                      0x080001b7   Thumb Code     0  startup_stm32f407xx.o(.text)
    CAN2_RX1_IRQHandler                      0x080001b7   Thumb Code     0  startup_stm32f407xx.o(.text)
    CAN2_SCE_IRQHandler                      0x080001b7   Thumb Code     0  startup_stm32f407xx.o(.text)
    CAN2_TX_IRQHandler                       0x080001b7   Thumb Code     0  startup_stm32f407xx.o(.text)
    DCMI_IRQHandler                          0x080001b7   Thumb Code     0  startup_stm32f407xx.o(.text)
    DMA1_Stream0_IRQHandler                  0x080001b7   Thumb Code     0  startup_stm32f407xx.o(.text)
    DMA1_Stream1_IRQHandler                  0x080001b7   Thumb Code     0  startup_stm32f407xx.o(.text)
    DMA1_Stream2_IRQHandler                  0x080001b7   Thumb Code     0  startup_stm32f407xx.o(.text)
    DMA1_Stream3_IRQHandler                  0x080001b7   Thumb Code     0  startup_stm32f407xx.o(.text)
    DMA1_Stream4_IRQHandler                  0x080001b7   Thumb Code     0  startup_stm32f407xx.o(.text)
    DMA1_Stream5_IRQHandler                  0x080001b7   Thumb Code     0  startup_stm32f407xx.o(.text)
    DMA1_Stream6_IRQHandler                  0x080001b7   Thumb Code     0  startup_stm32f407xx.o(.text)
    DMA1_Stream7_IRQHandler                  0x080001b7   Thumb Code     0  startup_stm32f407xx.o(.text)
    DMA2_Stream0_IRQHandler                  0x080001b7   Thumb Code     0  startup_stm32f407xx.o(.text)
    DMA2_Stream1_IRQHandler                  0x080001b7   Thumb Code     0  startup_stm32f407xx.o(.text)
    DMA2_Stream2_IRQHandler                  0x080001b7   Thumb Code     0  startup_stm32f407xx.o(.text)
    DMA2_Stream3_IRQHandler                  0x080001b7   Thumb Code     0  startup_stm32f407xx.o(.text)
    DMA2_Stream4_IRQHandler                  0x080001b7   Thumb Code     0  startup_stm32f407xx.o(.text)
    DMA2_Stream5_IRQHandler                  0x080001b7   Thumb Code     0  startup_stm32f407xx.o(.text)
    DMA2_Stream6_IRQHandler                  0x080001b7   Thumb Code     0  startup_stm32f407xx.o(.text)
    DMA2_Stream7_IRQHandler                  0x080001b7   Thumb Code     0  startup_stm32f407xx.o(.text)
    ETH_IRQHandler                           0x080001b7   Thumb Code     0  startup_stm32f407xx.o(.text)
    ETH_WKUP_IRQHandler                      0x080001b7   Thumb Code     0  startup_stm32f407xx.o(.text)
    EXTI0_IRQHandler                         0x080001b7   Thumb Code     0  startup_stm32f407xx.o(.text)
    EXTI15_10_IRQHandler                     0x080001b7   Thumb Code     0  startup_stm32f407xx.o(.text)
    EXTI1_IRQHandler                         0x080001b7   Thumb Code     0  startup_stm32f407xx.o(.text)
    EXTI2_IRQHandler                         0x080001b7   Thumb Code     0  startup_stm32f407xx.o(.text)
    EXTI3_IRQHandler                         0x080001b7   Thumb Code     0  startup_stm32f407xx.o(.text)
    EXTI4_IRQHandler                         0x080001b7   Thumb Code     0  startup_stm32f407xx.o(.text)
    EXTI9_5_IRQHandler                       0x080001b7   Thumb Code     0  startup_stm32f407xx.o(.text)
    FLASH_IRQHandler                         0x080001b7   Thumb Code     0  startup_stm32f407xx.o(.text)
    FMC_IRQHandler                           0x080001b7   Thumb Code     0  startup_stm32f407xx.o(.text)
    FPU_IRQHandler                           0x080001b7   Thumb Code     0  startup_stm32f407xx.o(.text)
    HASH_RNG_IRQHandler                      0x080001b7   Thumb Code     0  startup_stm32f407xx.o(.text)
    I2C1_ER_IRQHandler                       0x080001b7   Thumb Code     0  startup_stm32f407xx.o(.text)
    I2C1_EV_IRQHandler                       0x080001b7   Thumb Code     0  startup_stm32f407xx.o(.text)
    I2C2_ER_IRQHandler                       0x080001b7   Thumb Code     0  startup_stm32f407xx.o(.text)
    I2C2_EV_IRQHandler                       0x080001b7   Thumb Code     0  startup_stm32f407xx.o(.text)
    I2C3_ER_IRQHandler                       0x080001b7   Thumb Code     0  startup_stm32f407xx.o(.text)
    I2C3_EV_IRQHandler                       0x080001b7   Thumb Code     0  startup_stm32f407xx.o(.text)
    OTG_FS_IRQHandler                        0x080001b7   Thumb Code     0  startup_stm32f407xx.o(.text)
    OTG_FS_WKUP_IRQHandler                   0x080001b7   Thumb Code     0  startup_stm32f407xx.o(.text)
    OTG_HS_EP1_IN_IRQHandler                 0x080001b7   Thumb Code     0  startup_stm32f407xx.o(.text)
    OTG_HS_EP1_OUT_IRQHandler                0x080001b7   Thumb Code     0  startup_stm32f407xx.o(.text)
    OTG_HS_IRQHandler                        0x080001b7   Thumb Code     0  startup_stm32f407xx.o(.text)
    OTG_HS_WKUP_IRQHandler                   0x080001b7   Thumb Code     0  startup_stm32f407xx.o(.text)
    PVD_IRQHandler                           0x080001b7   Thumb Code     0  startup_stm32f407xx.o(.text)
    RCC_IRQHandler                           0x080001b7   Thumb Code     0  startup_stm32f407xx.o(.text)
    RTC_Alarm_IRQHandler                     0x080001b7   Thumb Code     0  startup_stm32f407xx.o(.text)
    RTC_WKUP_IRQHandler                      0x080001b7   Thumb Code     0  startup_stm32f407xx.o(.text)
    SDIO_IRQHandler                          0x080001b7   Thumb Code     0  startup_stm32f407xx.o(.text)
    SPI1_IRQHandler                          0x080001b7   Thumb Code     0  startup_stm32f407xx.o(.text)
    SPI2_IRQHandler                          0x080001b7   Thumb Code     0  startup_stm32f407xx.o(.text)
    SPI3_IRQHandler                          0x080001b7   Thumb Code     0  startup_stm32f407xx.o(.text)
    TAMP_STAMP_IRQHandler                    0x080001b7   Thumb Code     0  startup_stm32f407xx.o(.text)
    TIM1_BRK_TIM9_IRQHandler                 0x080001b7   Thumb Code     0  startup_stm32f407xx.o(.text)
    TIM1_CC_IRQHandler                       0x080001b7   Thumb Code     0  startup_stm32f407xx.o(.text)
    TIM1_TRG_COM_TIM11_IRQHandler            0x080001b7   Thumb Code     0  startup_stm32f407xx.o(.text)
    TIM1_UP_TIM10_IRQHandler                 0x080001b7   Thumb Code     0  startup_stm32f407xx.o(.text)
    TIM2_IRQHandler                          0x080001b7   Thumb Code     0  startup_stm32f407xx.o(.text)
    TIM3_IRQHandler                          0x080001b7   Thumb Code     0  startup_stm32f407xx.o(.text)
    TIM4_IRQHandler                          0x080001b7   Thumb Code     0  startup_stm32f407xx.o(.text)
    TIM5_IRQHandler                          0x080001b7   Thumb Code     0  startup_stm32f407xx.o(.text)
    TIM6_DAC_IRQHandler                      0x080001b7   Thumb Code     0  startup_stm32f407xx.o(.text)
    TIM7_IRQHandler                          0x080001b7   Thumb Code     0  startup_stm32f407xx.o(.text)
    TIM8_BRK_TIM12_IRQHandler                0x080001b7   Thumb Code     0  startup_stm32f407xx.o(.text)
    TIM8_CC_IRQHandler                       0x080001b7   Thumb Code     0  startup_stm32f407xx.o(.text)
    TIM8_TRG_COM_TIM14_IRQHandler            0x080001b7   Thumb Code     0  startup_stm32f407xx.o(.text)
    TIM8_UP_TIM13_IRQHandler                 0x080001b7   Thumb Code     0  startup_stm32f407xx.o(.text)
    UART4_IRQHandler                         0x080001b7   Thumb Code     0  startup_stm32f407xx.o(.text)
    UART5_IRQHandler                         0x080001b7   Thumb Code     0  startup_stm32f407xx.o(.text)
    USART1_IRQHandler                        0x080001b7   Thumb Code     0  startup_stm32f407xx.o(.text)
    USART2_IRQHandler                        0x080001b7   Thumb Code     0  startup_stm32f407xx.o(.text)
    USART3_IRQHandler                        0x080001b7   Thumb Code     0  startup_stm32f407xx.o(.text)
    USART6_IRQHandler                        0x080001b7   Thumb Code     0  startup_stm32f407xx.o(.text)
    WWDG_IRQHandler                          0x080001b7   Thumb Code     0  startup_stm32f407xx.o(.text)
    HAL_MspInit                              0x080001c1   Thumb Code     2  stm32f4xx_hal.o(.text)
    HAL_InitTick                             0x080001c3   Thumb Code    36  stm32f4xx_hal.o(.text)
    HAL_Init                                 0x080001e7   Thumb Code    54  stm32f4xx_hal.o(.text)
    HAL_MspDeInit                            0x0800021d   Thumb Code     2  stm32f4xx_hal.o(.text)
    HAL_DeInit                               0x0800021f   Thumb Code    64  stm32f4xx_hal.o(.text)
    HAL_SuspendTick                          0x0800028f   Thumb Code    18  stm32f4xx_hal.o(.text)
    HAL_ResumeTick                           0x080002a1   Thumb Code    18  stm32f4xx_hal.o(.text)
    HAL_GetHalVersion                        0x080002b3   Thumb Code     4  stm32f4xx_hal.o(.text)
    HAL_GetREVID                             0x080002b7   Thumb Code     8  stm32f4xx_hal.o(.text)
    HAL_GetDEVID                             0x080002bf   Thumb Code    10  stm32f4xx_hal.o(.text)
    HAL_DBGMCU_EnableDBGSleepMode            0x080002c9   Thumb Code    14  stm32f4xx_hal.o(.text)
    HAL_DBGMCU_DisableDBGSleepMode           0x080002d7   Thumb Code    14  stm32f4xx_hal.o(.text)
    HAL_DBGMCU_EnableDBGStopMode             0x080002e5   Thumb Code    14  stm32f4xx_hal.o(.text)
    HAL_DBGMCU_DisableDBGStopMode            0x080002f3   Thumb Code    14  stm32f4xx_hal.o(.text)
    HAL_DBGMCU_EnableDBGStandbyMode          0x08000301   Thumb Code    14  stm32f4xx_hal.o(.text)
    HAL_DBGMCU_DisableDBGStandbyMode         0x0800030f   Thumb Code    14  stm32f4xx_hal.o(.text)
    HAL_EnableCompensationCell               0x0800031d   Thumb Code    22  stm32f4xx_hal.o(.text)
    HAL_DisableCompensationCell              0x08000333   Thumb Code    24  stm32f4xx_hal.o(.text)
    HAL_GetUID                               0x0800034b   Thumb Code    24  stm32f4xx_hal.o(.text)
    HAL_NVIC_SetPriorityGrouping             0x080003a5   Thumb Code    36  stm32f4xx_hal_cortex.o(.text)
    HAL_NVIC_SetPriority                     0x080003c9   Thumb Code   124  stm32f4xx_hal_cortex.o(.text)
    HAL_NVIC_EnableIRQ                       0x08000445   Thumb Code    26  stm32f4xx_hal_cortex.o(.text)
    HAL_NVIC_DisableIRQ                      0x0800045f   Thumb Code    22  stm32f4xx_hal_cortex.o(.text)
    HAL_NVIC_SystemReset                     0x08000475   Thumb Code    64  stm32f4xx_hal_cortex.o(.text)
    HAL_SYSTICK_Config                       0x080004b5   Thumb Code    52  stm32f4xx_hal_cortex.o(.text)
    HAL_MPU_Disable                          0x080004e9   Thumb Code    42  stm32f4xx_hal_cortex.o(.text)
    HAL_MPU_Enable                           0x08000513   Thumb Code    60  stm32f4xx_hal_cortex.o(.text)
    HAL_MPU_ConfigRegion                     0x0800054f   Thumb Code    90  stm32f4xx_hal_cortex.o(.text)
    HAL_NVIC_GetPriorityGrouping             0x080005a9   Thumb Code     8  stm32f4xx_hal_cortex.o(.text)
    HAL_NVIC_GetPriority                     0x080005b1   Thumb Code   138  stm32f4xx_hal_cortex.o(.text)
    HAL_NVIC_SetPendingIRQ                   0x0800063b   Thumb Code    24  stm32f4xx_hal_cortex.o(.text)
    HAL_NVIC_GetPendingIRQ                   0x08000653   Thumb Code    38  stm32f4xx_hal_cortex.o(.text)
    HAL_NVIC_ClearPendingIRQ                 0x08000679   Thumb Code    22  stm32f4xx_hal_cortex.o(.text)
    HAL_NVIC_GetActive                       0x0800068f   Thumb Code    38  stm32f4xx_hal_cortex.o(.text)
    HAL_SYSTICK_CLKSourceConfig              0x080006b5   Thumb Code    40  stm32f4xx_hal_cortex.o(.text)
    HAL_SYSTICK_Callback                     0x080006dd   Thumb Code     2  stm32f4xx_hal_cortex.o(.text)
    HAL_SYSTICK_IRQHandler                   0x080006df   Thumb Code     8  stm32f4xx_hal_cortex.o(.text)
    HAL_DMA_Init                             0x080007e1   Thumb Code   232  stm32f4xx_hal_dma.o(.text)
    HAL_DMA_DeInit                           0x080008c9   Thumb Code    98  stm32f4xx_hal_dma.o(.text)
    HAL_DMA_Start                            0x08000957   Thumb Code   102  stm32f4xx_hal_dma.o(.text)
    HAL_DMA_Start_IT                         0x080009bd   Thumb Code   158  stm32f4xx_hal_dma.o(.text)
    HAL_DMA_Abort                            0x08000a5b   Thumb Code   178  stm32f4xx_hal_dma.o(.text)
    HAL_DMA_Abort_IT                         0x08000b0d   Thumb Code    40  stm32f4xx_hal_dma.o(.text)
    HAL_DMA_PollForTransfer                  0x08000b35   Thumb Code   350  stm32f4xx_hal_dma.o(.text)
    HAL_DMA_IRQHandler                       0x08000c93   Thumb Code   574  stm32f4xx_hal_dma.o(.text)
    HAL_DMA_RegisterCallback                 0x08000ed1   Thumb Code    94  stm32f4xx_hal_dma.o(.text)
    HAL_DMA_UnRegisterCallback               0x08000f2f   Thumb Code   124  stm32f4xx_hal_dma.o(.text)
    HAL_DMA_GetState                         0x08000fab   Thumb Code     8  stm32f4xx_hal_dma.o(.text)
    HAL_DMA_GetError                         0x08000fb3   Thumb Code     6  stm32f4xx_hal_dma.o(.text)
    HAL_GPIO_Init                            0x08000fc1   Thumb Code   466  stm32f4xx_hal_gpio.o(.text)
    HAL_GPIO_DeInit                          0x08001193   Thumb Code   316  stm32f4xx_hal_gpio.o(.text)
    HAL_GPIO_ReadPin                         0x080012cf   Thumb Code    16  stm32f4xx_hal_gpio.o(.text)
    HAL_GPIO_WritePin                        0x080012df   Thumb Code    12  stm32f4xx_hal_gpio.o(.text)
    HAL_GPIO_TogglePin                       0x080012eb   Thumb Code     8  stm32f4xx_hal_gpio.o(.text)
    HAL_GPIO_LockPin                         0x080012f3   Thumb Code    46  stm32f4xx_hal_gpio.o(.text)
    HAL_GPIO_EXTI_Callback                   0x08001321   Thumb Code     2  stm32f4xx_hal_gpio.o(.text)
    HAL_GPIO_EXTI_IRQHandler                 0x08001323   Thumb Code    28  stm32f4xx_hal_gpio.o(.text)
    HAL_I2C_MspInit                          0x0800136d   Thumb Code     2  stm32f4xx_hal_i2c.o(.text)
    HAL_I2C_Init                             0x0800136f   Thumb Code   286  stm32f4xx_hal_i2c.o(.text)
    HAL_I2C_MspDeInit                        0x0800148d   Thumb Code     2  stm32f4xx_hal_i2c.o(.text)
    HAL_I2C_DeInit                           0x0800148f   Thumb Code    60  stm32f4xx_hal_i2c.o(.text)
    HAL_I2C_Master_Transmit                  0x08001799   Thumb Code   396  stm32f4xx_hal_i2c.o(.text)
    HAL_I2C_Master_Receive                   0x08001abd   Thumb Code   808  stm32f4xx_hal_i2c.o(.text)
    HAL_I2C_Slave_Transmit                   0x08001de5   Thumb Code   408  stm32f4xx_hal_i2c.o(.text)
    HAL_I2C_Slave_Receive                    0x08001fcf   Thumb Code   410  stm32f4xx_hal_i2c.o(.text)
    HAL_I2C_Master_Transmit_IT               0x08002169   Thumb Code   218  stm32f4xx_hal_i2c.o(.text)
    HAL_I2C_Master_Receive_IT                0x08002243   Thumb Code   230  stm32f4xx_hal_i2c.o(.text)
    HAL_I2C_Master_Sequential_Transmit_IT    0x08002329   Thumb Code   266  stm32f4xx_hal_i2c.o(.text)
    HAL_I2C_Master_Sequential_Receive_IT     0x08002433   Thumb Code   306  stm32f4xx_hal_i2c.o(.text)
    HAL_I2C_Slave_Transmit_IT                0x08002565   Thumb Code   224  stm32f4xx_hal_i2c.o(.text)
    HAL_I2C_Slave_Receive_IT                 0x08002645   Thumb Code   222  stm32f4xx_hal_i2c.o(.text)
    HAL_I2C_Slave_Sequential_Transmit_IT     0x08002723   Thumb Code   154  stm32f4xx_hal_i2c.o(.text)
    HAL_I2C_Slave_Sequential_Receive_IT      0x080027bd   Thumb Code   154  stm32f4xx_hal_i2c.o(.text)
    HAL_I2C_EnableListen_IT                  0x08002857   Thumb Code    70  stm32f4xx_hal_i2c.o(.text)
    HAL_I2C_DisableListen_IT                 0x0800289d   Thumb Code    70  stm32f4xx_hal_i2c.o(.text)
    HAL_I2C_ErrorCallback                    0x080028e3   Thumb Code     2  stm32f4xx_hal_i2c.o(.text)
    HAL_I2C_MasterRxCpltCallback             0x08002921   Thumb Code     2  stm32f4xx_hal_i2c.o(.text)
    HAL_I2C_MemRxCpltCallback                0x08002923   Thumb Code     2  stm32f4xx_hal_i2c.o(.text)
    HAL_I2C_Master_Transmit_DMA              0x080029d5   Thumb Code   354  stm32f4xx_hal_i2c.o(.text)
    HAL_I2C_Master_Receive_DMA               0x08002b37   Thumb Code   354  stm32f4xx_hal_i2c.o(.text)
    HAL_I2C_ListenCpltCallback               0x08002c99   Thumb Code     2  stm32f4xx_hal_i2c.o(.text)
    HAL_I2C_AbortCpltCallback                0x08002c9b   Thumb Code     2  stm32f4xx_hal_i2c.o(.text)
    HAL_I2C_Master_Abort_IT                  0x08002e7f   Thumb Code   110  stm32f4xx_hal_i2c.o(.text)
    HAL_I2C_Slave_Transmit_DMA               0x08002eed   Thumb Code   290  stm32f4xx_hal_i2c.o(.text)
    HAL_I2C_Slave_Receive_DMA                0x0800300f   Thumb Code   290  stm32f4xx_hal_i2c.o(.text)
    HAL_I2C_Mem_Write                        0x0800320b   Thumb Code   408  stm32f4xx_hal_i2c.o(.text)
    HAL_I2C_Mem_Read                         0x080034f7   Thumb Code   810  stm32f4xx_hal_i2c.o(.text)
    HAL_I2C_Mem_Write_IT                     0x08003821   Thumb Code   228  stm32f4xx_hal_i2c.o(.text)
    HAL_I2C_Mem_Read_IT                      0x08003905   Thumb Code   244  stm32f4xx_hal_i2c.o(.text)
    HAL_I2C_Mem_Write_DMA                    0x080039f9   Thumb Code   386  stm32f4xx_hal_i2c.o(.text)
    HAL_I2C_Mem_Read_DMA                     0x08003b7b   Thumb Code   510  stm32f4xx_hal_i2c.o(.text)
    HAL_I2C_IsDeviceReady                    0x08003d79   Thumb Code   448  stm32f4xx_hal_i2c.o(.text)
    HAL_I2C_SlaveRxCpltCallback              0x08003f57   Thumb Code     2  stm32f4xx_hal_i2c.o(.text)
    HAL_I2C_SlaveTxCpltCallback              0x08003fbd   Thumb Code     2  stm32f4xx_hal_i2c.o(.text)
    HAL_I2C_AddrCallback                     0x08004111   Thumb Code     2  stm32f4xx_hal_i2c.o(.text)
    HAL_I2C_MasterTxCpltCallback             0x08004313   Thumb Code     2  stm32f4xx_hal_i2c.o(.text)
    HAL_I2C_MemTxCpltCallback                0x08004315   Thumb Code     2  stm32f4xx_hal_i2c.o(.text)
    HAL_I2C_EV_IRQHandler                    0x080047bf   Thumb Code   368  stm32f4xx_hal_i2c.o(.text)
    HAL_I2C_ER_IRQHandler                    0x080049cd   Thumb Code   226  stm32f4xx_hal_i2c.o(.text)
    HAL_I2C_GetState                         0x08004aaf   Thumb Code     8  stm32f4xx_hal_i2c.o(.text)
    HAL_I2C_GetMode                          0x08004ab7   Thumb Code     8  stm32f4xx_hal_i2c.o(.text)
    HAL_I2C_GetError                         0x08004abf   Thumb Code     6  stm32f4xx_hal_i2c.o(.text)
    HAL_RCC_OscConfig                        0x08004ad3   Thumb Code  1088  stm32f4xx_hal_rcc.o(.text)
    HAL_RCC_GetSysClockFreq                  0x08004f13   Thumb Code   170  stm32f4xx_hal_rcc.o(.text)
    HAL_RCC_ClockConfig                      0x08004fbd   Thumb Code   466  stm32f4xx_hal_rcc.o(.text)
    HAL_RCC_MCOConfig                        0x0800518f   Thumb Code   186  stm32f4xx_hal_rcc.o(.text)
    HAL_RCC_EnableCSS                        0x08005249   Thumb Code     8  stm32f4xx_hal_rcc.o(.text)
    HAL_RCC_DisableCSS                       0x08005251   Thumb Code     8  stm32f4xx_hal_rcc.o(.text)
    HAL_RCC_GetHCLKFreq                      0x08005259   Thumb Code     6  stm32f4xx_hal_rcc.o(.text)
    HAL_RCC_GetPCLK1Freq                     0x0800525f   Thumb Code    38  stm32f4xx_hal_rcc.o(.text)
    HAL_RCC_GetPCLK2Freq                     0x08005285   Thumb Code    38  stm32f4xx_hal_rcc.o(.text)
    HAL_RCC_GetOscConfig                     0x080052ab   Thumb Code   330  stm32f4xx_hal_rcc.o(.text)
    HAL_RCC_GetClockConfig                   0x080053f5   Thumb Code    66  stm32f4xx_hal_rcc.o(.text)
    HAL_RCC_CSSCallback                      0x08005437   Thumb Code     2  stm32f4xx_hal_rcc.o(.text)
    HAL_RCC_NMI_IRQHandler                   0x08005439   Thumb Code    30  stm32f4xx_hal_rcc.o(.text)
    TM_RCC_InitSystem                        0x08005461   Thumb Code   172  tm_stm32_rcc.o(.text)
    TM_GPIO_GetPortSource                    0x08005515   Thumb Code    14  tm_stm32_gpio.o(.text)
    TM_GPIO_INT_Init                         0x08005523   Thumb Code   170  tm_stm32_gpio.o(.text)
    TM_GPIO_INT_EnableClock                  0x080055cd   Thumb Code    28  tm_stm32_gpio.o(.text)
    TM_GPIO_Init                             0x080055e9   Thumb Code    48  tm_stm32_gpio.o(.text)
    TM_GPIO_InitAlternate                    0x08005619   Thumb Code   110  tm_stm32_gpio.o(.text)
    TM_GPIO_DeInit                           0x08005687   Thumb Code    66  tm_stm32_gpio.o(.text)
    TM_GPIO_SetPinAsInput                    0x080056c9   Thumb Code    38  tm_stm32_gpio.o(.text)
    TM_GPIO_SetPinAsOutput                   0x080056ef   Thumb Code    46  tm_stm32_gpio.o(.text)
    TM_GPIO_SetPinAsAnalog                   0x0800571d   Thumb Code    38  tm_stm32_gpio.o(.text)
    TM_GPIO_SetPinAsAlternate                0x08005743   Thumb Code    50  tm_stm32_gpio.o(.text)
    TM_GPIO_SetPullResistor                  0x08005775   Thumb Code    50  tm_stm32_gpio.o(.text)
    TM_GPIO_Lock                             0x080057a7   Thumb Code    16  tm_stm32_gpio.o(.text)
    TM_GPIO_GetPinSource                     0x080057b7   Thumb Code    18  tm_stm32_gpio.o(.text)
    TM_GPIO_INT_DisableClock                 0x080057c9   Thumb Code    26  tm_stm32_gpio.o(.text)
    TM_GPIO_GetUsedPins                      0x080057e3   Thumb Code    18  tm_stm32_gpio.o(.text)
    TM_GPIO_GetFreePins                      0x080057f5   Thumb Code    22  tm_stm32_gpio.o(.text)
    TM_DELAY_Init                            0x08005815   Thumb Code    64  tm_stm32_delay.o(.text)
    TM_DELAY_TimerCreate                     0x08005855   Thumb Code    96  tm_stm32_delay.o(.text)
    TM_DELAY_TimerDelete                     0x080058b5   Thumb Code   122  tm_stm32_delay.o(.text)
    TM_DELAY_TimerStop                       0x0800592f   Thumb Code    10  tm_stm32_delay.o(.text)
    TM_DELAY_TimerStart                      0x08005939   Thumb Code    12  tm_stm32_delay.o(.text)
    TM_DELAY_TimerReset                      0x08005945   Thumb Code     6  tm_stm32_delay.o(.text)
    TM_DELAY_TimerAutoReloadCommand          0x0800594b   Thumb Code    18  tm_stm32_delay.o(.text)
    TM_DELAY_TimerAutoReloadValue            0x0800595d   Thumb Code     4  tm_stm32_delay.o(.text)
    TM_DELAY_1msHandler                      0x08005961   Thumb Code     2  tm_stm32_delay.o(.text)
    HAL_IncTick                              0x08005963   Thumb Code   214  tm_stm32_delay.o(.text)
    HAL_GetTick                              0x08005a39   Thumb Code     6  tm_stm32_delay.o(.text)
    HAL_Delay                                0x08005a3f   Thumb Code    54  tm_stm32_delay.o(.text)
    TM_DISCO_LedInit                         0x08005a89   Thumb Code    36  tm_stm32_disco.o(.text)
    TM_DISCO_ButtonInit                      0x08005aad   Thumb Code    24  tm_stm32_disco.o(.text)
    TM_DISCO_ButtonOnPressed                 0x08005ac5   Thumb Code    38  tm_stm32_disco.o(.text)
    TM_DISCO_ButtonOnReleased                0x08005aeb   Thumb Code    40  tm_stm32_disco.o(.text)
    TM_I2C_GetHandle                         0x08005b21   Thumb Code    36  tm_stm32_i2c.o(.text)
    TM_I2C_InitCustomPinsCallback            0x08005b5f   Thumb Code     2  tm_stm32_i2c.o(.text)
    TM_I2C_Init                              0x08005c6d   Thumb Code   168  tm_stm32_i2c.o(.text)
    TM_I2C_Read                              0x08005d15   Thumb Code    84  tm_stm32_i2c.o(.text)
    TM_I2C_ReadMulti                         0x08005d69   Thumb Code    90  tm_stm32_i2c.o(.text)
    TM_I2C_ReadNoRegister                    0x08005dc3   Thumb Code    50  tm_stm32_i2c.o(.text)
    TM_I2C_ReadMultiNoRegister               0x08005df5   Thumb Code    56  tm_stm32_i2c.o(.text)
    TM_I2C_Write                             0x08005e2d   Thumb Code    64  tm_stm32_i2c.o(.text)
    TM_I2C_WriteMulti                        0x08005e6d   Thumb Code    74  tm_stm32_i2c.o(.text)
    TM_I2C_WriteNoRegister                   0x08005eb7   Thumb Code    52  tm_stm32_i2c.o(.text)
    TM_I2C_WriteMultiNoRegister              0x08005eeb   Thumb Code   108  tm_stm32_i2c.o(.text)
    TM_I2C_Write16                           0x08005f57   Thumb Code    72  tm_stm32_i2c.o(.text)
    TM_I2C_Read16                            0x08005f9f   Thumb Code    98  tm_stm32_i2c.o(.text)
    TM_I2C_IsDeviceConnected                 0x08006001   Thumb Code    36  tm_stm32_i2c.o(.text)
    TM_I2C_WriteReadRepeatedStart            0x08006025   Thumb Code    92  tm_stm32_i2c.o(.text)
    TM_MPU6050_SetGyroscope                  0x08006081   Thumb Code   112  tm_stm32_mpu6050.o(.text)
    TM_MPU6050_SetAccelerometer              0x080060f1   Thumb Code   112  tm_stm32_mpu6050.o(.text)
    TM_MPU6050_SetDataRate                   0x08006161   Thumb Code    28  tm_stm32_mpu6050.o(.text)
    TM_MPU6050_Init                          0x0800617d   Thumb Code   104  tm_stm32_mpu6050.o(.text)
    TM_MPU6050_EnableInterrupts              0x080061e5   Thumb Code    56  tm_stm32_mpu6050.o(.text)
    TM_MPU6050_DisableInterrupts             0x0800621d   Thumb Code    26  tm_stm32_mpu6050.o(.text)
    TM_MPU6050_ReadInterrupts                0x08006237   Thumb Code    38  tm_stm32_mpu6050.o(.text)
    TM_MPU6050_ReadAccelerometer             0x0800625d   Thumb Code    72  tm_stm32_mpu6050.o(.text)
    TM_MPU6050_ReadGyroscope                 0x080062a5   Thumb Code    72  tm_stm32_mpu6050.o(.text)
    TM_MPU6050_ReadTemperature               0x080062ed   Thumb Code    78  tm_stm32_mpu6050.o(.text)
    TM_MPU6050_ReadAll                       0x0800633b   Thumb Code   174  tm_stm32_mpu6050.o(.text)
    main                                     0x08006419   Thumb Code    60  main.o(.text)
    NMI_Handler                              0x0800645d   Thumb Code     2  stm32fxxx_it.o(.text)
    HardFault_Handler                        0x0800645f   Thumb Code     4  stm32fxxx_it.o(.text)
    MemManage_Handler                        0x08006463   Thumb Code     4  stm32fxxx_it.o(.text)
    BusFault_Handler                         0x08006467   Thumb Code     4  stm32fxxx_it.o(.text)
    UsageFault_Handler                       0x0800646b   Thumb Code     4  stm32fxxx_it.o(.text)
    SVC_Handler                              0x0800646f   Thumb Code     2  stm32fxxx_it.o(.text)
    DebugMon_Handler                         0x08006471   Thumb Code     2  stm32fxxx_it.o(.text)
    PendSV_Handler                           0x08006473   Thumb Code     2  stm32fxxx_it.o(.text)
    TimingDelay_Decrement                    0x08006475   Thumb Code     2  stm32fxxx_it.o(.text)
    SysTick_Handler                          0x08006477   Thumb Code     8  stm32fxxx_it.o(.text)
    SystemInit                               0x08006481   Thumb Code    82  system_stm32f4xx.o(.text)
    SystemCoreClockUpdate                    0x080064d3   Thumb Code   174  system_stm32f4xx.o(.text)
    __scatterload                            0x080065a1   Thumb Code    28  init.o(.text)
    __scatterload_rt2                        0x080065a1   Thumb Code     0  init.o(.text)
    __scatterload_copy                       0x080065c5   Thumb Code    14  handlers.o(i.__scatterload_copy)
    __scatterload_null                       0x080065d3   Thumb Code     2  handlers.o(i.__scatterload_null)
    __scatterload_zeroinit                   0x080065d5   Thumb Code    14  handlers.o(i.__scatterload_zeroinit)
    free                                     0x080065e5   Thumb Code    76  malloc.o(i.free)
    malloc                                   0x08006635   Thumb Code    92  malloc.o(i.malloc)
    AHBPrescTable                            0x080066a8   Data          16  system_stm32f4xx.o(.constdata)
    APBPrescTable                            0x080066b8   Data           8  system_stm32f4xx.o(.constdata)
    Region$$Table$$Base                      0x080066c0   Number         0  anon$$obj.o(Region$$Table)
    Region$$Table$$Limit                     0x080066e0   Number         0  anon$$obj.o(Region$$Table)
    uwTick                                   0x20000000   Data           4  stm32f4xx_hal.o(.data)
    TM_Time2                                 0x20000004   Data           4  tm_stm32_delay.o(.data)
    TM_Time                                  0x20000008   Data           4  tm_stm32_delay.o(.data)
    SystemCoreClock                          0x2000010c   Data           4  system_stm32f4xx.o(.data)
    __microlib_freelist                      0x20000110   Data           4  mvars.o(.data)
    __microlib_freelist_initialised          0x20000114   Data           4  mvars.o(.data)
    MPU6050                                  0x2000014c   Data          28  main.o(.bss)
    __heap_base                              0x20000168   Data           0  startup_stm32f407xx.o(HEAP)
    __heap_limit                             0x20001168   Data           0  startup_stm32f407xx.o(HEAP)
    __initial_sp                             0x20001568   Data           0  startup_stm32f407xx.o(STACK)



==============================================================================

Memory Map of the image

  Image Entry point : 0x08000189

  Load Region LR_IROM1 (Base: 0x08000000, Size: 0x000067f8, Max: 0x00100000, ABSOLUTE)

    Execution Region ER_IROM1 (Exec base: 0x08000000, Load base: 0x08000000, Size: 0x000066e0, Max: 0x00100000, ABSOLUTE)

    Exec Addr    Load Addr    Size         Type   Attr      Idx    E Section Name        Object

    0x08000000   0x08000000   0x00000188   Data   RO            3    RESET               startup_stm32f407xx.o
    0x08000188   0x08000188   0x00000000   Code   RO          877  * .ARM.Collect$$$$00000000  mc_w.l(entry.o)
    0x08000188   0x08000188   0x00000004   Code   RO          916    .ARM.Collect$$$$00000001  mc_w.l(entry2.o)
    0x0800018c   0x0800018c   0x00000004   Code   RO          919    .ARM.Collect$$$$00000004  mc_w.l(entry5.o)
    0x08000190   0x08000190   0x00000000   Code   RO          921    .ARM.Collect$$$$00000008  mc_w.l(entry7b.o)
    0x08000190   0x08000190   0x00000000   Code   RO          923    .ARM.Collect$$$$0000000A  mc_w.l(entry8b.o)
    0x08000190   0x08000190   0x00000008   Code   RO          924    .ARM.Collect$$$$0000000B  mc_w.l(entry9a.o)
    0x08000198   0x08000198   0x00000000   Code   RO          926    .ARM.Collect$$$$0000000D  mc_w.l(entry10a.o)
    0x08000198   0x08000198   0x00000000   Code   RO          928    .ARM.Collect$$$$0000000F  mc_w.l(entry11a.o)
    0x08000198   0x08000198   0x00000004   Code   RO          917    .ARM.Collect$$$$00002712  mc_w.l(entry2.o)
    0x0800019c   0x0800019c   0x00000024   Code   RO            4    .text               startup_stm32f407xx.o
    0x080001c0   0x080001c0   0x000001c4   Code   RO           13    .text               stm32f4xx_hal.o
    0x08000384   0x08000384   0x00000384   Code   RO          269    .text               stm32f4xx_hal_cortex.o
    0x08000708   0x08000708   0x000008b8   Code   RO          297    .text               stm32f4xx_hal_dma.o
    0x08000fc0   0x08000fc0   0x000003ac   Code   RO          364    .text               stm32f4xx_hal_gpio.o
    0x0800136c   0x0800136c   0x00003764   Code   RO          388    .text               stm32f4xx_hal_i2c.o
    0x08004ad0   0x08004ad0   0x00000990   Code   RO          478    .text               stm32f4xx_hal_rcc.o
    0x08005460   0x08005460   0x000000b4   Code   RO          574    .text               tm_stm32_rcc.o
    0x08005514   0x08005514   0x00000300   Code   RO          610    .text               tm_stm32_gpio.o
    0x08005814   0x08005814   0x00000274   Code   RO          636    .text               tm_stm32_delay.o
    0x08005a88   0x08005a88   0x00000098   Code   RO          673    .text               tm_stm32_disco.o
    0x08005b20   0x08005b20   0x00000560   Code   RO          732    .text               tm_stm32_i2c.o
    0x08006080   0x08006080   0x00000398   Code   RO          764    .text               tm_stm32_mpu6050.o
    0x08006418   0x08006418   0x00000044   Code   RO          791    .text               main.o
    0x0800645c   0x0800645c   0x00000022   Code   RO          822    .text               stm32fxxx_it.o
    0x0800647e   0x0800647e   0x00000002   PAD
    0x08006480   0x08006480   0x00000120   Code   RO          849    .text               system_stm32f4xx.o
    0x080065a0   0x080065a0   0x00000024   Code   RO          932    .text               mc_w.l(init.o)
    0x080065c4   0x080065c4   0x0000000e   Code   RO          936    i.__scatterload_copy  mc_w.l(handlers.o)
    0x080065d2   0x080065d2   0x00000002   Code   RO          937    i.__scatterload_null  mc_w.l(handlers.o)
    0x080065d4   0x080065d4   0x0000000e   Code   RO          938    i.__scatterload_zeroinit  mc_w.l(handlers.o)
    0x080065e2   0x080065e2   0x00000002   PAD
    0x080065e4   0x080065e4   0x00000050   Code   RO          888    i.free              mc_w.l(malloc.o)
    0x08006634   0x08006634   0x0000006c   Code   RO          889    i.malloc            mc_w.l(malloc.o)
    0x080066a0   0x080066a0   0x00000008   Data   RO          298    .constdata          stm32f4xx_hal_dma.o
    0x080066a8   0x080066a8   0x00000018   Data   RO          850    .constdata          system_stm32f4xx.o
    0x080066c0   0x080066c0   0x00000020   Data   RO          934    Region$$Table       anon$$obj.o


    Execution Region RW_IRAM1 (Exec base: 0x20000000, Load base: 0x080066e0, Size: 0x00001568, Max: 0x00020000, ABSOLUTE)

    Exec Addr    Load Addr    Size         Type   Attr      Idx    E Section Name        Object

    0x20000000   0x080066e0   0x00000004   Data   RW           14    .data               stm32f4xx_hal.o
    0x20000004   0x080066e4   0x00000008   Data   RW          638    .data               tm_stm32_delay.o
    0x2000000c   0x080066ec   0x00000001   Data   RW          674    .data               tm_stm32_disco.o
    0x2000000d   0x080066ed   0x00000003   PAD
    0x20000010   0x080066f0   0x000000fc   Data   RW          733    .data               tm_stm32_i2c.o
    0x2000010c   0x080067ec   0x00000004   Data   RW          851    .data               system_stm32f4xx.o
    0x20000110   0x080067f0   0x00000004   Data   RW          930    .data               mc_w.l(mvars.o)
    0x20000114   0x080067f4   0x00000004   Data   RW          931    .data               mc_w.l(mvars.o)
    0x20000118        -       0x0000001a   Zero   RW          611    .bss                tm_stm32_gpio.o
    0x20000132   0x080067f8   0x00000002   PAD
    0x20000134        -       0x00000018   Zero   RW          637    .bss                tm_stm32_delay.o
    0x2000014c        -       0x0000001c   Zero   RW          792    .bss                main.o
    0x20000168        -       0x00001000   Zero   RW            2    HEAP                startup_stm32f407xx.o
    0x20001168        -       0x00000400   Zero   RW            1    STACK               startup_stm32f407xx.o


==============================================================================

Image component sizes


      Code (inc. data)   RO Data    RW Data    ZI Data      Debug   Object Name

        68          8          0          0         28       1872   main.o
        36          8        392          0       5120       1004   startup_stm32f407xx.o
       452         34          0          4          0     658586   stm32f4xx_hal.o
       900         22          0          0          0      32186   stm32f4xx_hal_cortex.o
      2232         30          8          0          0       7257   stm32f4xx_hal_dma.o
       940         46          0          0          0       3739   stm32f4xx_hal_gpio.o
     14180        166          0          0          0      33386   stm32f4xx_hal_i2c.o
      2448         66          0          0          0       5339   stm32f4xx_hal_rcc.o
        34          0          0          0          0       1508   stm32fxxx_it.o
       288         32         24          4          0       1653   system_stm32f4xx.o
       628         20          0          8         24       7028   tm_stm32_delay.o
       152         14          0          1          0       1782   tm_stm32_disco.o
       768         10          0          0         26       5768   tm_stm32_gpio.o
      1376         48          0        252          0       9325   tm_stm32_i2c.o
       920         48          0          0          0       7500   tm_stm32_mpu6050.o
       180          8          0          0          0       3672   tm_stm32_rcc.o

    ----------------------------------------------------------------------
     25604        560        456        272       5200     781605   Object Totals
         0          0         32          0          0          0   (incl. Generated)
         2          0          0          3          2          0   (incl. Padding)

    ----------------------------------------------------------------------

      Code (inc. data)   RO Data    RW Data    ZI Data      Debug   Library Member Name

         0          0          0          0          0          0   entry.o
         0          0          0          0          0          0   entry10a.o
         0          0          0          0          0          0   entry11a.o
         8          4          0          0          0          0   entry2.o
         4          0          0          0          0          0   entry5.o
         0          0          0          0          0          0   entry7b.o
         0          0          0          0          0          0   entry8b.o
         8          4          0          0          0          0   entry9a.o
        30          0          0          0          0          0   handlers.o
        36          8          0          0          0         68   init.o
       188         20          0          0          0        160   malloc.o
         0          0          0          8          0          0   mvars.o

    ----------------------------------------------------------------------
       276         36          0          8          0        228   Library Totals
         2          0          0          0          0          0   (incl. Padding)

    ----------------------------------------------------------------------

      Code (inc. data)   RO Data    RW Data    ZI Data      Debug   Library Name

       274         36          0          8          0        228   mc_w.l

    ----------------------------------------------------------------------
       276         36          0          8          0        228   Library Totals

    ----------------------------------------------------------------------

==============================================================================


      Code (inc. data)   RO Data    RW Data    ZI Data      Debug   

     25880        596        456        280       5200     778385   Grand Totals
     25880        596        456        280       5200     778385   ELF Image Totals
     25880        596        456        280          0          0   ROM Totals

==============================================================================

    Total RO  Size (Code + RO Data)                26336 (  25.72kB)
    Total RW  Size (RW Data + ZI Data)              5480 (   5.35kB)
    Total ROM Size (Code + RO Data + RW Data)      26616 (  25.99kB)

==============================================================================

