Component: ARM Compiler 5.06 update 6 (build 750) Tool: armlink [4d35ed]

==============================================================================

Section Cross References

    startup_stm32f407xx.o(RESET) refers to startup_stm32f407xx.o(STACK) for __initial_sp
    startup_stm32f407xx.o(RESET) refers to startup_stm32f407xx.o(.text) for Reset_Handler
    startup_stm32f407xx.o(RESET) refers to stm32fxxx_it.o(.text) for NMI_Handler
    startup_stm32f407xx.o(RESET) refers to tm_stm32_exti.o(.text) for EXTI0_IRQHandler
    startup_stm32f407xx.o(RESET) refers to tm_stm32_usart.o(.text) for USART1_IRQHandler
    startup_stm32f407xx.o(.text) refers to system_stm32f4xx.o(.text) for SystemInit
    startup_stm32f407xx.o(.text) refers to entry.o(.ARM.Collect$$$$00000000) for __main
    stm32f4xx_hal.o(.text) refers to stm32f4xx_hal_cortex.o(.text) for HAL_SYSTICK_Config
    stm32f4xx_hal.o(.text) refers to stm32f4xx_hal_msp_template.o(.text) for HAL_MspInit
    stm32f4xx_hal.o(.text) refers to tm_stm32_delay.o(.text) for HAL_GetTick
    stm32f4xx_hal.o(.text) refers to system_stm32f4xx.o(.data) for SystemCoreClock
    stm32f4xx_hal.o(.text) refers to stm32f4xx_hal.o(.data) for uwTick
    stm32f4xx_hal_adc.o(.text) refers to tm_stm32_delay.o(.text) for HAL_GetTick
    stm32f4xx_hal_adc.o(.text) refers to system_stm32f4xx.o(.data) for SystemCoreClock
    stm32f4xx_hal_adc.o(.text) refers to stm32f4xx_hal_adc_ex.o(.text) for HAL_ADCEx_InjectedConvCpltCallback
    stm32f4xx_hal_adc.o(.text) refers to stm32f4xx_hal_dma.o(.text) for HAL_DMA_Start_IT
    stm32f4xx_hal_adc_ex.o(.text) refers to tm_stm32_delay.o(.text) for HAL_GetTick
    stm32f4xx_hal_adc_ex.o(.text) refers to stm32f4xx_hal_adc.o(.text) for HAL_ADC_ErrorCallback
    stm32f4xx_hal_adc_ex.o(.text) refers to system_stm32f4xx.o(.data) for SystemCoreClock
    stm32f4xx_hal_adc_ex.o(.text) refers to stm32f4xx_hal_dma.o(.text) for HAL_DMA_Start_IT
    stm32f4xx_hal_can.o(.text) refers to tm_stm32_delay.o(.text) for HAL_GetTick
    stm32f4xx_hal_dac.o(.text) refers to stm32f4xx_hal_dma.o(.text) for HAL_DMA_Start_IT
    stm32f4xx_hal_dac.o(.text) refers to stm32f4xx_hal_dac_ex.o(.text) for HAL_DACEx_DMAUnderrunCallbackCh2
    stm32f4xx_hal_dcmi.o(.text) refers to stm32f4xx_hal_dma_ex.o(.text) for HAL_DMAEx_ChangeMemory
    stm32f4xx_hal_dcmi.o(.text) refers to stm32f4xx_hal_dma.o(.text) for HAL_DMA_Start_IT
    stm32f4xx_hal_dcmi.o(.text) refers to system_stm32f4xx.o(.data) for SystemCoreClock
    stm32f4xx_hal_dcmi_ex.o(.text) refers to stm32f4xx_hal_dcmi.o(.text) for HAL_DCMI_MspInit
    stm32f4xx_hal_dma.o(.text) refers to tm_stm32_delay.o(.text) for HAL_GetTick
    stm32f4xx_hal_dma.o(.text) refers to stm32f4xx_hal_dma.o(.constdata) for flagBitshiftOffset
    stm32f4xx_hal_dma.o(.text) refers to system_stm32f4xx.o(.data) for SystemCoreClock
    stm32f4xx_hal_eth.o(.text) refers to tm_stm32_delay.o(.text) for HAL_Delay
    stm32f4xx_hal_eth.o(.text) refers to stm32f4xx_hal_rcc.o(.text) for HAL_RCC_GetHCLKFreq
    stm32f4xx_hal_eth.o(.text) refers to system_stm32f4xx.o(.data) for SystemCoreClock
    stm32f4xx_hal_flash.o(.text) refers to tm_stm32_delay.o(.text) for HAL_GetTick
    stm32f4xx_hal_flash.o(.text) refers to stm32f4xx_hal_flash_ex.o(.text) for FLASH_Erase_Sector
    stm32f4xx_hal_flash.o(.text) refers to stm32f4xx_hal_flash.o(.bss) for pFlash
    stm32f4xx_hal_flash_ex.o(.text) refers to stm32f4xx_hal_flash.o(.text) for FLASH_WaitForLastOperation
    stm32f4xx_hal_flash_ex.o(.text) refers to stm32f4xx_hal_flash.o(.bss) for pFlash
    stm32f4xx_hal_hcd.o(.text) refers to stm32f4xx_ll_usb.o(.text) for USB_DisableGlobalInt
    stm32f4xx_hal_hcd.o(.text) refers to memcpya.o(.text) for __aeabi_memcpy4
    stm32f4xx_hal_i2c.o(.text) refers to stm32f4xx_hal_rcc.o(.text) for HAL_RCC_GetPCLK1Freq
    stm32f4xx_hal_i2c.o(.text) refers to tm_stm32_delay.o(.text) for HAL_GetTick
    stm32f4xx_hal_i2c.o(.text) refers to system_stm32f4xx.o(.data) for SystemCoreClock
    stm32f4xx_hal_i2c.o(.text) refers to stm32f4xx_hal_dma.o(.text) for HAL_DMA_GetError
    stm32f4xx_hal_i2s.o(.text) refers to stm32f4xx_hal_rcc_ex.o(.text) for HAL_RCCEx_GetPeriphCLKFreq
    stm32f4xx_hal_i2s.o(.text) refers to tm_stm32_delay.o(.text) for HAL_GetTick
    stm32f4xx_hal_i2s.o(.text) refers to stm32f4xx_hal_i2s_ex.o(.text) for HAL_I2SEx_FullDuplex_IRQHandler
    stm32f4xx_hal_i2s.o(.text) refers to stm32f4xx_hal_dma.o(.text) for HAL_DMA_Start_IT
    stm32f4xx_hal_i2s_ex.o(.text) refers to tm_stm32_delay.o(.text) for HAL_GetTick
    stm32f4xx_hal_i2s_ex.o(.text) refers to stm32f4xx_hal_i2s.o(.text) for HAL_I2S_ErrorCallback
    stm32f4xx_hal_i2s_ex.o(.text) refers to stm32f4xx_hal_dma.o(.text) for HAL_DMA_Start_IT
    stm32f4xx_hal_irda.o(.text) refers to stm32f4xx_hal_rcc.o(.text) for HAL_RCC_GetPCLK2Freq
    stm32f4xx_hal_irda.o(.text) refers to tm_stm32_delay.o(.text) for HAL_GetTick
[...]
    ..\\00-HAL_DRIVERS\\STM32F4xx_HAL_Driver\\Src\\stm32f4xx_hal_adc_ex.c 0x00000000   Number         0  stm32f4xx_hal_adc_ex.o ABSOLUTE
    ..\\00-HAL_DRIVERS\\STM32F4xx_HAL_Driver\\Src\\stm32f4xx_hal_can.c 0x00000000   Number         0  stm32f4xx_hal_can.o ABSOLUTE
    ..\\00-HAL_DRIVERS\\STM32F4xx_HAL_Driver\\Src\\stm32f4xx_hal_cec.c 0x00000000   Number         0  stm32f4xx_hal_cec.o ABSOLUTE
    ..\\00-HAL_DRIVERS\\STM32F4xx_HAL_Driver\\Src\\stm32f4xx_hal_cortex.c 0x00000000   Number         0  stm32f4xx_hal_cortex.o ABSOLUTE
    ..\\00-HAL_DRIVERS\\STM32F4xx_HAL_Driver\\Src\\stm32f4xx_hal_crc.c 0x00000000   Number         0  stm32f4xx_hal_crc.o ABSOLUTE
    ..\\00-HAL_DRIVERS\\STM32F4xx_HAL_Driver\\Src\\stm32f4xx_hal_cryp.c 0x00000000   Number         0  stm32f4xx_hal_cryp.o ABSOLUTE
    ..\\00-HAL_DRIVERS\\STM32F4xx_HAL_Driver\\Src\\stm32f4xx_hal_cryp_ex.c 0x00000000   Number         0  stm32f4xx_hal_cryp_ex.o ABSOLUTE
    ..\\00-HAL_DRIVERS\\STM32F4xx_HAL_Driver\\Src\\stm32f4xx_hal_dac.c 0x00000000   Number         0  stm32f4xx_hal_dac.o ABSOLUTE
    ..\\00-HAL_DRIVERS\\STM32F4xx_HAL_Driver\\Src\\stm32f4xx_hal_dac_ex.c 0x00000000   Number         0  stm32f4xx_hal_dac_ex.o ABSOLUTE
    ..\\00-HAL_DRIVERS\\STM32F4xx_HAL_Driver\\Src\\stm32f4xx_hal_dcmi.c 0x00000000   Number         0  stm32f4xx_hal_dcmi.o ABSOLUTE
    ..\\00-HAL_DRIVERS\\STM32F4xx_HAL_Driver\\Src\\stm32f4xx_hal_dcmi_ex.c 0x00000000   Number         0  stm32f4xx_hal_dcmi_ex.o ABSOLUTE
    ..\\00-HAL_DRIVERS\\STM32F4xx_HAL_Driver\\Src\\stm32f4xx_hal_dfsdm.c 0x00000000   Number         0  stm32f4xx_hal_dfsdm.o ABSOLUTE
    ..\\00-HAL_DRIVERS\\STM32F4xx_HAL_Driver\\Src\\stm32f4xx_hal_dma.c 0x00000000   Number         0  stm32f4xx_hal_dma.o ABSOLUTE
    ..\\00-HAL_DRIVERS\\STM32F4xx_HAL_Driver\\Src\\stm32f4xx_hal_dma2d.c 0x00000000   Number         0  stm32f4xx_hal_dma2d.o ABSOLUTE
    ..\\00-HAL_DRIVERS\\STM32F4xx_HAL_Driver\\Src\\stm32f4xx_hal_dma_ex.c 0x00000000   Number         0  stm32f4xx_hal_dma_ex.o ABSOLUTE
    ..\\00-HAL_DRIVERS\\STM32F4xx_HAL_Driver\\Src\\stm32f4xx_hal_dsi.c 0x00000000   Number         0  stm32f4xx_hal_dsi.o ABSOLUTE
    ..\\00-HAL_DRIVERS\\STM32F4xx_HAL_Driver\\Src\\stm32f4xx_hal_eth.c 0x00000000   Number         0  stm32f4xx_hal_eth.o ABSOLUTE
    ..\\00-HAL_DRIVERS\\STM32F4xx_HAL_Driver\\Src\\stm32f4xx_hal_flash.c 0x00000000   Number         0  stm32f4xx_hal_flash.o ABSOLUTE
    ..\\00-HAL_DRIVERS\\STM32F4xx_HAL_Driver\\Src\\stm32f4xx_hal_flash_ex.c 0x00000000   Number         0  stm32f4xx_hal_flash_ex.o ABSOLUTE
    ..\\00-HAL_DRIVERS\\STM32F4xx_HAL_Driver\\Src\\stm32f4xx_hal_flash_ramfunc.c 0x00000000   Number         0  stm32f4xx_hal_flash_ramfunc.o ABSOLUTE
    ..\\00-HAL_DRIVERS\\STM32F4xx_HAL_Driver\\Src\\stm32f4xx_hal_fmpi2c.c 0x00000000   Number         0  stm32f4xx_hal_fmpi2c.o ABSOLUTE
    ..\\00-HAL_DRIVERS\\STM32F4xx_HAL_Driver\\Src\\stm32f4xx_hal_fmpi2c_ex.c 0x00000000   Number         0  stm32f4xx_hal_fmpi2c_ex.o ABSOLUTE
    ..\\00-HAL_DRIVERS\\STM32F4xx_HAL_Driver\\Src\\stm32f4xx_hal_gpio.c 0x00000000   Number         0  stm32f4xx_hal_gpio.o ABSOLUTE
    ..\\00-HAL_DRIVERS\\STM32F4xx_HAL_Driver\\Src\\stm32f4xx_hal_hash.c 0x00000000   Number         0  stm32f4xx_hal_hash.o ABSOLUTE
    ..\\00-HAL_DRIVERS\\STM32F4xx_HAL_Driver\\Src\\stm32f4xx_hal_hash_ex.c 0x00000000   Number         0  stm32f4xx_hal_hash_ex.o ABSOLUTE
    ..\\00-HAL_DRIVERS\\STM32F4xx_HAL_Driver\\Src\\stm32f4xx_hal_hcd.c 0x00000000   Number         0  stm32f4xx_hal_hcd.o ABSOLUTE
    ..\\00-HAL_DRIVERS\\STM32F4xx_HAL_Driver\\Src\\stm32f4xx_hal_i2c.c 0x00000000   Number         0  stm32f4xx_hal_i2c.o ABSOLUTE
    ..\\00-HAL_DRIVERS\\STM32F4xx_HAL_Driver\\Src\\stm32f4xx_hal_i2c_ex.c 0x00000000   Number         0  stm32f4xx_hal_i2c_ex.o ABSOLUTE
    ..\\00-HAL_DRIVERS\\STM32F4xx_HAL_Driver\\Src\\stm32f4xx_hal_i2s.c 0x00000000   Number         0  stm32f4xx_hal_i2s.o ABSOLUTE
    ..\\00-HAL_DRIVERS\\STM32F4xx_HAL_Driver\\Src\\stm32f4xx_hal_i2s_ex.c 0x00000000   Number         0  stm32f4xx_hal_i2s_ex.o ABSOLUTE
    ..\\00-HAL_DRIVERS\\STM32F4xx_HAL_Driver\\Src\\stm32f4xx_hal_irda.c 0x00000000   Number         0  stm32f4xx_hal_irda.o ABSOLUTE
    ..\\00-HAL_DRIVERS\\STM32F4xx_HAL_Driver\\Src\\stm32f4xx_hal_iwdg.c 0x00000000   Number         0  stm32f4xx_hal_iwdg.o ABSOLUTE
    ..\\00-HAL_DRIVERS\\STM32F4xx_HAL_Driver\\Src\\stm32f4xx_hal_lptim.c 0x00000000   Number         0  stm32f4xx_hal_lptim.o ABSOLUTE
    ..\\00-HAL_DRIVERS\\STM32F4xx_HAL_Driver\\Src\\stm32f4xx_hal_ltdc.c 0x00000000   Number         0  stm32f4xx_hal_ltdc.o ABSOLUTE
    ..\\00-HAL_DRIVERS\\STM32F4xx_HAL_Driver\\Src\\stm32f4xx_hal_ltdc_ex.c 0x00000000   Number         0  stm32f4xx_hal_ltdc_ex.o ABSOLUTE
    ..\\00-HAL_DRIVERS\\STM32F4xx_HAL_Driver\\Src\\stm32f4xx_hal_mmc.c 0x00000000   Number         0  stm32f4xx_hal_mmc.o ABSOLUTE
    ..\\00-HAL_DRIVERS\\STM32F4xx_HAL_Driver\\Src\\stm32f4xx_hal_msp_template.c 0x00000000   Number         0  stm32f4xx_hal_msp_template.o ABSOLUTE
    ..\\00-HAL_DRIVERS\\STM32F4xx_HAL_Driver\\Src\\stm32f4xx_hal_nand.c 0x00000000   Number         0  stm32f4xx_hal_nand.o ABSOLUTE
    ..\\00-HAL_DRIVERS\\STM32F4xx_HAL_Driver\\Src\\stm32f4xx_hal_nor.c 0x00000000   Number         0  stm32f4xx_hal_nor.o ABSOLUTE
    ..\\00-HAL_DRIVERS\\STM32F4xx_HAL_Driver\\Src\\stm32f4xx_hal_pccard.c 0x00000000   Number         0  stm32f4xx_hal_pccard.o ABSOLUTE
    ..\\00-HAL_DRIVERS\\STM32F4xx_HAL_Driver\\Src\\stm32f4xx_hal_pcd.c 0x00000000   Number         0  stm32f4xx_hal_pcd.o ABSOLUTE
    ..\\00-HAL_DRIVERS\\STM32F4xx_HAL_Driver\\Src\\stm32f4xx_hal_pcd_ex.c 0x00000000   Number         0  stm32f4xx_hal_pcd_ex.o ABSOLUTE
    ..\\00-HAL_DRIVERS\\STM32F4xx_HAL_Driver\\Src\\stm32f4xx_hal_pwr.c 0x00000000   Number         0  stm32f4xx_hal_pwr.o ABSOLUTE
    ..\\00-HAL_DRIVERS\\STM32F4xx_HAL_Driver\\Src\\stm32f4xx_hal_pwr_ex.c 0x00000000   Number         0  stm32f4xx_hal_pwr_ex.o ABSOLUTE
    ..\\00-HAL_DRIVERS\\STM32F4xx_HAL_Driver\\Src\\stm32f4xx_hal_qspi.c 0x00000000   Number         0  stm32f4xx_hal_qspi.o ABSOLUTE
    ..\\00-HAL_DRIVERS\\STM32F4xx_HAL_Driver\\Src\\stm32f4xx_hal_rcc.c 0x00000000   Number         0  stm32f4xx_hal_rcc.o ABSOLUTE
    ..\\00-HAL_DRIVERS\\STM32F4xx_HAL_Driver\\Src\\stm32f4xx_hal_rcc_ex.c 0x00000000   Number         0  stm32f4xx_hal_rcc_ex.o ABSOLUTE
    ..\\00-HAL_DRIVERS\\STM32F4xx_HAL_Driver\\Src\\stm32f4xx_hal_rng.c 0x00000000   Number         0  stm32f4xx_hal_rng.o ABSOLUTE
    ..\\00-HAL_DRIVERS\\STM32F4xx_HAL_Driver\\Src\\stm32f4xx_hal_rtc.c 0x00000000   Number         0  stm32f4xx_hal_rtc.o ABSOLUTE
    ..\\00-HAL_DRIVERS\\STM32F4xx_HAL_Driver\\Src\\stm32f4xx_hal_rtc_ex.c 0x00000000   Number         0  stm32f4xx_hal_rtc_ex.o ABSOLUTE
    ..\\00-HAL_DRIVERS\\STM32F4xx_HAL_Driver\\Src\\stm32f4xx_hal_sai.c 0x00000000   Number         0  stm32f4xx_hal_sai.o ABSOLUTE
    ..\\00-HAL_DRIVERS\\STM32F4xx_HAL_Driver\\Src\\stm32f4xx_hal_sai_ex.c 0x00000000   Number         0  stm32f4xx_hal_sai_ex.o ABSOLUTE
    ..\\00-HAL_DRIVERS\\STM32F4xx_HAL_Driver\\Src\\stm32f4xx_hal_sd.c 0x00000000   Number         0  stm32f4xx_hal_sd.o ABSOLUTE
    ..\\00-HAL_DRIVERS\\STM32F4xx_HAL_Driver\\Src\\stm32f4xx_hal_sdram.c 0x00000000   Number         0  stm32f4xx_hal_sdram.o ABSOLUTE
    ..\\00-HAL_DRIVERS\\STM32F4xx_HAL_Driver\\Src\\stm32f4xx_hal_smartcard.c 0x00000000   Number         0  stm32f4xx_hal_smartcard.o ABSOLUTE
    ..\\00-HAL_DRIVERS\\STM32F4xx_HAL_Driver\\Src\\stm32f4xx_hal_spdifrx.c 0x00000000   Number         0  stm32f4xx_hal_spdifrx.o ABSOLUTE
    ..\\00-HAL_DRIVERS\\STM32F4xx_HAL_Driver\\Src\\stm32f4xx_hal_spi.c 0x00000000   Number         0  stm32f4xx_hal_spi.o ABSOLUTE
    ..\\00-HAL_DRIVERS\\STM32F4xx_HAL_Driver\\Src\\stm32f4xx_hal_sram.c 0x00000000   Number         0  stm32f4xx_hal_sram.o ABSOLUTE
    ..\\00-HAL_DRIVERS\\STM32F4xx_HAL_Driver\\Src\\stm32f4xx_hal_tim.c 0x00000000   Number         0  stm32f4xx_hal_tim.o ABSOLUTE
    ..\\00-HAL_DRIVERS\\STM32F4xx_HAL_Driver\\Src\\stm32f4xx_hal_tim_ex.c 0x00000000   Number         0  stm32f4xx_hal_tim_ex.o ABSOLUTE
    ..\\00-HAL_DRIVERS\\STM32F4xx_HAL_Driver\\Src\\stm32f4xx_hal_uart.c 0x00000000   Number         0  stm32f4xx_hal_uart.o ABSOLUTE
    ..\\00-HAL_DRIVERS\\STM32F4xx_HAL_Driver\\Src\\stm32f4xx_hal_usart.c 0x00000000   Number         0  stm32f4xx_hal_usart.o ABSOLUTE
    ..\\00-HAL_DRIVERS\\STM32F4xx_HAL_Driver\\Src\\stm32f4xx_hal_wwdg.c 0x00000000   Number         0  stm32f4xx_hal_wwdg.o ABSOLUTE
    ..\\00-HAL_DRIVERS\\STM32F4xx_HAL_Driver\\Src\\stm32f4xx_ll_fmc.c 0x00000000   Number         0  stm32f4xx_ll_fmc.o ABSOLUTE
    ..\\00-HAL_DRIVERS\\STM32F4xx_HAL_Driver\\Src\\stm32f4xx_ll_fsmc.c 0x00000000   Number         0  stm32f4xx_ll_fsmc.o ABSOLUTE
    ..\\00-HAL_DRIVERS\\STM32F4xx_HAL_Driver\\Src\\stm32f4xx_ll_sdmmc.c 0x00000000   Number         0  stm32f4xx_ll_sdmmc.o ABSOLUTE
    ..\\00-HAL_DRIVERS\\STM32F4xx_HAL_Driver\\Src\\stm32f4xx_ll_usb.c 0x00000000   Number         0  stm32f4xx_ll_usb.o ABSOLUTE
    ..\\00-STM32_LIBRARIES\\tm_stm32_buffer.c 0x00000000   Number         0  tm_stm32_buffer.o ABSOLUTE
    ..\\00-STM32_LIBRARIES\\tm_stm32_button.c 0x00000000   Number         0  tm_stm32_button.o ABSOLUTE
    ..\\00-STM32_LIBRARIES\\tm_stm32_delay.c 0x00000000   Number         0  tm_stm32_delay.o ABSOLUTE
    ..\\00-STM32_LIBRARIES\\tm_stm32_disco.c 0x00000000   Number         0  tm_stm32_disco.o ABSOLUTE
    ..\\00-STM32_LIBRARIES\\tm_stm32_exti.c  0x00000000   Number         0  tm_stm32_exti.o ABSOLUTE
    ..\\00-STM32_LIBRARIES\\tm_stm32_gpio.c  0x00000000   Number         0  tm_stm32_gpio.o ABSOLUTE
    ..\\00-STM32_LIBRARIES\\tm_stm32_i2c.c   0x00000000   Number         0  tm_stm32_i2c.o ABSOLUTE
    ..\\00-STM32_LIBRARIES\\tm_stm32_mpu9250.c 0x00000000   Number         0  tm_stm32_mpu9250.o ABSOLUTE
    ..\\00-STM32_LIBRARIES\\tm_stm32_rcc.c   0x00000000   Number         0  tm_stm32_rcc.o ABSOLUTE
    ..\\00-STM32_LIBRARIES\\tm_stm32_usart.c 0x00000000   Number         0  tm_stm32_usart.o ABSOLUTE
    User\\main.c                             0x00000000   Number         0  main.o ABSOLUTE
    User\\stm32fxxx_it.c                     0x00000000   Number         0  stm32fxxx_it.o ABSOLUTE
    User\\system_stm32f4xx.c                 0x00000000   Number         0  system_stm32f4xx.o ABSOLUTE
    User\main.c                              0x00000000   Number         0  main.o ABSOLUTE
    User\stm32fxxx_it.c                      0x00000000   Number         0  stm32fxxx_it.o ABSOLUTE
    User\system_stm32f4xx.c                  0x00000000   Number         0  system_stm32f4xx.o ABSOLUTE
    cdcmple.s                                0x00000000   Number         0  cdcmple.o ABSOLUTE
    dc.s                                     0x00000000   Number         0  dc.o ABSOLUTE
    handlers.s                               0x00000000   Number         0  handlers.o ABSOLUTE
    init.s                                   0x00000000   Number         0  init.o ABSOLUTE
    RESET                                    0x08000000   Section      392  startup_stm32f407xx.o(RESET)
    .ARM.Collect$$$$00000000                 0x08000188   Section        0  entry.o(.ARM.Collect$$$$00000000)
    .ARM.Collect$$$$00000001                 0x08000188   Section        4  entry2.o(.ARM.Collect$$$$00000001)
    .ARM.Collect$$$$00000004                 0x0800018c   Section        4  entry5.o(.ARM.Collect$$$$00000004)
    .ARM.Collect$$$$00000008                 0x08000190   Section        0  entry7b.o(.ARM.Collect$$$$00000008)
    .ARM.Collect$$$$0000000A                 0x08000190   Section        0  entry8b.o(.ARM.Collect$$$$0000000A)
    .ARM.Collect$$$$0000000B                 0x08000190   Section        8  entry9a.o(.ARM.Collect$$$$0000000B)
    .ARM.Collect$$$$0000000D                 0x08000198   Section        0  entry10a.o(.ARM.Collect$$$$0000000D)
    .ARM.Collect$$$$0000000F                 0x08000198   Section        0  entry11a.o(.ARM.Collect$$$$0000000F)
    .ARM.Collect$$$$00002712                 0x08000198   Section        4  entry2.o(.ARM.Collect$$$$00002712)
    __lit__00000000                          0x08000198   Data           4  entry2.o(.ARM.Collect$$$$00002712)
    .text                                    0x0800019c   Section       36  startup_stm32f407xx.o(.text)
    $v0                                      0x0800019c   Number         0  startup_stm32f407xx.o(.text)
    .text                                    0x080001c0   Section        0  stm32f4xx_hal.o(.text)
    .text                                    0x08000384   Section        0  stm32f4xx_hal_cortex.o(.text)
    NVIC_SetPriority                         0x08000385   Thumb Code    32  stm32f4xx_hal_cortex.o(.text)
    NVIC_GetPriorityGrouping                 0x080006e7   Thumb Code    12  stm32f4xx_hal_cortex.o(.text)
    .text                                    0x08000708   Section        0  stm32f4xx_hal_dma.o(.text)
    DMA_CalcBaseAndBitshift                  0x08000709   Thumb Code    46  stm32f4xx_hal_dma.o(.text)
    DMA_CheckFifoParam                       0x08000737   Thumb Code   170  stm32f4xx_hal_dma.o(.text)
    DMA_SetConfig                            0x0800092b   Thumb Code    44  stm32f4xx_hal_dma.o(.text)
    .text                                    0x08000fc0   Section        0  stm32f4xx_hal_gpio.o(.text)
    .text                                    0x0800136c   Section        0  stm32f4xx_hal_i2c.o(.text)
    I2C_IsAcknowledgeFailed                  0x080014cb   Thumb Code    52  stm32f4xx_hal_i2c.o(.text)
    I2C_WaitOnBTFFlagUntilTimeout            0x080014ff   Thumb Code    86  stm32f4xx_hal_i2c.o(.text)
    I2C_WaitOnTXEFlagUntilTimeout            0x08001555   Thumb Code    86  stm32f4xx_hal_i2c.o(.text)
    I2C_WaitOnMasterAddressFlagUntilTimeout  0x080015ab   Thumb Code   172  stm32f4xx_hal_i2c.o(.text)
    I2C_WaitOnFlagUntilTimeout               0x08001657   Thumb Code   124  stm32f4xx_hal_i2c.o(.text)
    I2C_MasterRequestWrite                   0x080016d3   Thumb Code   198  stm32f4xx_hal_i2c.o(.text)
    I2C_WaitOnRXNEFlagUntilTimeout           0x08001925   Thumb Code   110  stm32f4xx_hal_i2c.o(.text)
    I2C_MasterRequestRead                    0x08001993   Thumb Code   298  stm32f4xx_hal_i2c.o(.text)
    I2C_WaitOnSTOPFlagUntilTimeout           0x08001f7d   Thumb Code    82  stm32f4xx_hal_i2c.o(.text)
    I2C_DMAError                             0x080028e5   Thumb Code    60  stm32f4xx_hal_i2c.o(.text)
    I2C_DMAXferCplt                          0x08002925   Thumb Code   176  stm32f4xx_hal_i2c.o(.text)
    I2C_DMAAbort                             0x08002c9d   Thumb Code   104  stm32f4xx_hal_i2c.o(.text)
    I2C_ITError                              0x08002d05   Thumb Code   378  stm32f4xx_hal_i2c.o(.text)
    I2C_RequestMemoryWrite                   0x08003131   Thumb Code   218  stm32f4xx_hal_i2c.o(.text)
    I2C_RequestMemoryRead                    0x080033a3   Thumb Code   340  stm32f4xx_hal_i2c.o(.text)
    I2C_SlaveReceive_BTF                     0x08003f39   Thumb Code    30  stm32f4xx_hal_i2c.o(.text)
    I2C_SlaveReceive_RXNE                    0x08003f59   Thumb Code    72  stm32f4xx_hal_i2c.o(.text)
    I2C_SlaveTransmit_BTF                    0x08003fa1   Thumb Code    28  stm32f4xx_hal_i2c.o(.text)
    I2C_SlaveTransmit_TXE                    0x08003fbf   Thumb Code    70  stm32f4xx_hal_i2c.o(.text)
    I2C_Slave_STOPF                          0x08004005   Thumb Code   268  stm32f4xx_hal_i2c.o(.text)
    I2C_Slave_ADDR                           0x08004113   Thumb Code    54  stm32f4xx_hal_i2c.o(.text)
    I2C_MasterReceive_BTF                    0x08004149   Thumb Code   248  stm32f4xx_hal_i2c.o(.text)
    I2C_MasterReceive_RXNE                   0x08004241   Thumb Code   210  stm32f4xx_hal_i2c.o(.text)
    I2C_MasterTransmit_BTF                   0x08004317   Thumb Code   160  stm32f4xx_hal_i2c.o(.text)
    I2C_MasterTransmit_TXE                   0x080043b7   Thumb Code   330  stm32f4xx_hal_i2c.o(.text)
    I2C_Master_ADDR                          0x08004501   Thumb Code   558  stm32f4xx_hal_i2c.o(.text)
    I2C_Master_ADD10                         0x0800472f   Thumb Code    14  stm32f4xx_hal_i2c.o(.text)
    I2C_Master_SB                            0x0800473d   Thumb Code   130  stm32f4xx_hal_i2c.o(.text)
    I2C_Slave_AF                             0x0800492f   Thumb Code   158  stm32f4xx_hal_i2c.o(.text)
    .text                                    0x08004ad0   Section        0  stm32f4xx_hal_msp_template.o(.text)
    .text                                    0x08004ad8   Section        0  stm32f4xx_hal_rcc.o(.text)
    .text                                    0x08005468   Section        0  stm32f4xx_hal_uart.o(.text)
    UART_SetConfig                           0x08005469   Thumb Code   864  stm32f4xx_hal_uart.o(.text)
    UART_WaitOnFlagUntilTimeout              0x08005a15   Thumb Code   108  stm32f4xx_hal_uart.o(.text)
    UART_EndRxTransfer                       0x08005cf3   Thumb Code    32  stm32f4xx_hal_uart.o(.text)
    UART_EndTxTransfer                       0x08005d13   Thumb Code    20  stm32f4xx_hal_uart.o(.text)
    UART_DMAError                            0x08005d27   Thumb Code    80  stm32f4xx_hal_uart.o(.text)
    UART_DMATxHalfCplt                       0x08005d79   Thumb Code    14  stm32f4xx_hal_uart.o(.text)
    UART_DMATransmitCplt                     0x08005d89   Thumb Code    54  stm32f4xx_hal_uart.o(.text)
    UART_DMARxHalfCplt                       0x08005e4f   Thumb Code    14  stm32f4xx_hal_uart.o(.text)
    UART_DMAReceiveCplt                      0x08005e5f   Thumb Code    70  stm32f4xx_hal_uart.o(.text)
    UART_DMARxAbortCallback                  0x080061cf   Thumb Code    74  stm32f4xx_hal_uart.o(.text)
    UART_DMATxAbortCallback                  0x08006219   Thumb Code    52  stm32f4xx_hal_uart.o(.text)
    UART_DMATxOnlyAbortCallback              0x0800631f   Thumb Code    24  stm32f4xx_hal_uart.o(.text)
    UART_DMARxOnlyAbortCallback              0x0800639f   Thumb Code    24  stm32f4xx_hal_uart.o(.text)
    UART_EndTransmit_IT                      0x08006429   Thumb Code    32  stm32f4xx_hal_uart.o(.text)
    UART_Transmit_IT                         0x08006449   Thumb Code   104  stm32f4xx_hal_uart.o(.text)
    UART_DMAAbortOnError                     0x080064b1   Thumb Code    20  stm32f4xx_hal_uart.o(.text)
    UART_Receive_IT                          0x080064c5   Thumb Code   154  stm32f4xx_hal_uart.o(.text)
    .text                                    0x08006818   Section        0  tm_stm32_rcc.o(.text)
    .text                                    0x080068cc   Section        0  tm_stm32_gpio.o(.text)
    .text                                    0x08006bcc   Section        0  tm_stm32_delay.o(.text)
    .text                                    0x08006e40   Section        0  tm_stm32_disco.o(.text)
    .text                                    0x08006ed8   Section        0  tm_stm32_exti.o(.text)
    .text                                    0x08007398   Section        0  tm_stm32_mpu9250.o(.text)
    Delayms                                  0x08007d77   Thumb Code    12  tm_stm32_mpu9250.o(.text)
    .text                                    0x08007d88   Section        0  tm_stm32_i2c.o(.text)
    TM_I2C_FillSettings                      0x08007dad   Thumb Code    26  tm_stm32_i2c.o(.text)
    TM_I2C3_INT_InitPins                     0x08007dc9   Thumb Code    86  tm_stm32_i2c.o(.text)
    TM_I2C2_INT_InitPins                     0x08007e1f   Thumb Code    90  tm_stm32_i2c.o(.text)
    TM_I2C1_INT_InitPins                     0x08007e79   Thumb Code    92  tm_stm32_i2c.o(.text)
    .text                                    0x080082e8   Section        0  tm_stm32_usart.o(.text)
    TM_USART_INT_GetSubPriority              0x080082e9   Thumb Code    52  tm_stm32_usart.o(.text)
    TM_USART_INT_Init                        0x080084df   Thumb Code   614  tm_stm32_usart.o(.text)
    TM_USART_INT_GetUSARTBuffer              0x080088c7   Thumb Code    52  tm_stm32_usart.o(.text)
    TM_USART_INT_InsertToBuffer              0x08008a47   Thumb Code    16  tm_stm32_usart.o(.text)
    TM_USART_INT_ClearAllFlags               0x08008a57   Thumb Code   148  tm_stm32_usart.o(.text)
    .text                                    0x08008c14   Section        0  tm_stm32_button.o(.text)
    TM_BUTTON_INT_CheckButton                0x08008ca1   Thumb Code   196  tm_stm32_button.o(.text)
    .text                                    0x08008d8c   Section        0  tm_stm32_buffer.o(.text)
    .text                                    0x08009188   Section        0  stm32fxxx_it.o(.text)
    .text                                    0x080091ac   Section        0  system_stm32f4xx.o(.text)
    .text                                    0x080092cc   Section        0  main.o(.text)
    TM_USART_Putc                            0x080092cd   Thumb Code    42  main.o(.text)
    BUTTON_Callback                          0x08009643   Thumb Code    20  main.o(.text)
    Delayms                                  0x08009971   Thumb Code    12  main.o(.text)
    .text                                    0x080099a8   Section        0  memcpya.o(.text)
    .text                                    0x080099cc   Section        0  memseta.o(.text)
    .text                                    0x080099f0   Section        0  strlen.o(.text)
    .text                                    0x080099fe   Section        0  strcmp.o(.text)
    .text                                    0x08009a1a   Section        0  dadd.o(.text)
    .text                                    0x08009b68   Section        0  dmul.o(.text)
    .text                                    0x08009c4c   Section        0  ddiv.o(.text)
    .text                                    0x08009d2a   Section        0  dflti.o(.text)
    .text                                    0x08009d4c   Section        0  dfixi.o(.text)
    .text                                    0x08009d8a   Section        0  f2d.o(.text)
    .text                                    0x08009db0   Section       48  cdcmple.o(.text)
    .text                                    0x08009de0   Section        0  d2f.o(.text)
    .text                                    0x08009e18   Section        0  llshl.o(.text)
    .text                                    0x08009e36   Section        0  llushr.o(.text)
    .text                                    0x08009e56   Section        0  llsshr.o(.text)
    .text                                    0x08009e7a   Section        0  iusefp.o(.text)
    .text                                    0x08009e7a   Section        0  fepilogue.o(.text)
    .text                                    0x08009ee8   Section        0  depilogue.o(.text)
    .text                                    0x08009fa4   Section       36  init.o(.text)
    .text                                    0x08009fc8   Section        0  dsqrt.o(.text)
    .text                                    0x0800a06a   Section        0  __dczerorl2.o(.text)
    i.__ARM_fpclassify                       0x0800a0c0   Section        0  fpclassify.o(i.__ARM_fpclassify)
    i.__hardfp_asin                          0x0800a0f0   Section        0  asin.o(i.__hardfp_asin)
    i.__kernel_poly                          0x0800a450   Section        0  poly.o(i.__kernel_poly)
    i.__mathlib_dbl_infnan                   0x0800a548   Section        0  dunder.o(i.__mathlib_dbl_infnan)
    i.__mathlib_dbl_invalid                  0x0800a560   Section        0  dunder.o(i.__mathlib_dbl_invalid)
    i.__mathlib_dbl_underflow                0x0800a580   Section        0  dunder.o(i.__mathlib_dbl_underflow)
    i.__scatterload_copy                     0x0800a5a0   Section       14  handlers.o(i.__scatterload_copy)
    i.__scatterload_null                     0x0800a5ae   Section        2  handlers.o(i.__scatterload_null)
    i.__scatterload_zeroinit                 0x0800a5b0   Section       14  handlers.o(i.__scatterload_zeroinit)
    i.__set_errno                            0x0800a5c0   Section        0  errno.o(i.__set_errno)
    i.fabs                                   0x0800a5cc   Section        0  fabs.o(i.fabs)
    i.free                                   0x0800a5e4   Section        0  malloc.o(i.free)
    i.malloc                                 0x0800a634   Section        0  malloc.o(i.malloc)
    i.sqrt                                   0x0800a6a0   Section        0  sqrt.o(i.sqrt)
    .constdata                               0x0800a70e   Section        8  stm32f4xx_hal_dma.o(.constdata)
    flagBitshiftOffset                       0x0800a70e   Data           8  stm32f4xx_hal_dma.o(.constdata)
    .constdata                               0x0800a716   Section       24  system_stm32f4xx.o(.constdata)
    .constdata                               0x0800a730   Section       80  asin.o(.constdata)
    pS                                       0x0800a730   Data          48  asin.o(.constdata)
    qS                                       0x0800a760   Data          32  asin.o(.constdata)
    .data                                    0x20000000   Section        4  stm32f4xx_hal.o(.data)
    .data                                    0x20000004   Section        8  tm_stm32_delay.o(.data)
    .data                                    0x2000000c   Section        1  tm_stm32_disco.o(.data)
    TM_INT_DISCO_ButtonPressed               0x2000000c   Data           1  tm_stm32_disco.o(.data)
    .data                                    0x20000010   Section      252  tm_stm32_i2c.o(.data)
    I2C1Handle                               0x20000010   Data          84  tm_stm32_i2c.o(.data)
    I2C2Handle                               0x20000064   Data          84  tm_stm32_i2c.o(.data)
    I2C3Handle                               0x200000b8   Data          84  tm_stm32_i2c.o(.data)
    .data                                    0x2000010c   Section      144  tm_stm32_usart.o(.data)
    .data                                    0x2000019c   Section        4  system_stm32f4xx.o(.data)
    .data                                    0x200001a0   Section       40  main.o(.data)
    incomingData                             0x200001a0   Data           1  main.o(.data)
    notPrepared                              0x200001a8   Data           1  main.o(.data)
    counter                                  0x200001ac   Data           4  main.o(.data)
    oldtTotalTheta                           0x200001b0   Data           4  main.o(.data)
    oldThetaAccel                            0x200001b4   Data           4  main.o(.data)
    oldOmega                                 0x200001b8   Data           4  main.o(.data)
    oldtTotalTheta                           0x200001bc   Data           4  main.o(.data)
    oldThetaAccel                            0x200001c0   Data           4  main.o(.data)
    oldOmega                                 0x200001c4   Data           4  main.o(.data)
    .data                                    0x200001c8   Section        4  mvars.o(.data)
    .data                                    0x200001cc   Section        4  mvars.o(.data)
    .data                                    0x200001d0   Section        4  errno.o(.data)
    _errno                                   0x200001d0   Data           4  errno.o(.data)
    .bss                                     0x200001d4   Section       26  tm_stm32_gpio.o(.bss)
    GPIO_UsedPins                            0x200001d4   Data          26  tm_stm32_gpio.o(.bss)
    .bss                                     0x200001f0   Section       24  tm_stm32_delay.o(.bss)
    CustomTimers                             0x200001f0   Data          24  tm_stm32_delay.o(.bss)
    .bss                                     0x20000208   Section      256  tm_stm32_usart.o(.bss)
    UART_Handle                              0x200002c8   Data          64  tm_stm32_usart.o(.bss)
    .bss                                     0x20000308   Section       44  tm_stm32_button.o(.bss)
    Buttons                                  0x20000308   Data          44  tm_stm32_button.o(.bss)
    .bss                                     0x20000334   Section      106  main.o(.bss)
    HEAP                                     0x200003a0   Section     4096  startup_stm32f407xx.o(HEAP)
    STACK                                    0x200013a0   Section     1024  startup_stm32f407xx.o(STACK)

    Global Symbols

    Symbol Name                              Value     Ov Type        Size  Object(Section)

    BuildAttributes$$THM_ISAv4$E$P$D$K$B$S$7EM$VFPi3$EXTD16$VFPS$VFMA$PE$A:L22UL41UL21$X:L11$S22US41US21$IEEE1$IW$USESV6$~STKCKD$USESV7$~SHL$OTIME$ROPI$IEEEX$EBA8$MICROLIB$REQ8$PRES8$EABIv2 0x00000000   Number         0  anon$$obj.o ABSOLUTE
    __ARM_use_no_argv                        0x00000000   Number         0  main.o ABSOLUTE
    __cpp_initialize__aeabi_                  - Undefined Weak Reference
    __cxa_finalize                            - Undefined Weak Reference
    _clock_init                               - Undefined Weak Reference
    _microlib_exit                            - Undefined Weak Reference
    __Vectors_Size                           0x00000188   Number         0  startup_stm32f407xx.o ABSOLUTE
    __Vectors                                0x08000000   Data           4  startup_stm32f407xx.o(RESET)
    __Vectors_End                            0x08000188   Data           0  startup_stm32f407xx.o(RESET)
    __main                                   0x08000189   Thumb Code     0  entry.o(.ARM.Collect$$$$00000000)
    _main_stk                                0x08000189   Thumb Code     0  entry2.o(.ARM.Collect$$$$00000001)
    _main_scatterload                        0x0800018d   Thumb Code     0  entry5.o(.ARM.Collect$$$$00000004)
    __main_after_scatterload                 0x08000191   Thumb Code     0  entry5.o(.ARM.Collect$$$$00000004)
    _main_clock                              0x08000191   Thumb Code     0  entry7b.o(.ARM.Collect$$$$00000008)
    _main_cpp_init                           0x08000191   Thumb Code     0  entry8b.o(.ARM.Collect$$$$0000000A)
    _main_init                               0x08000191   Thumb Code     0  entry9a.o(.ARM.Collect$$$$0000000B)
    __rt_final_cpp                           0x08000199   Thumb Code     0  entry10a.o(.ARM.Collect$$$$0000000D)
    __rt_final_exit                          0x08000199   Thumb Code     0  entry11a.o(.ARM.Collect$$$$0000000F)
    Reset_Handler                            0x0800019d   Thumb Code     8  startup_stm32f407xx.o(.text)
    ADC_IRQHandler                           0x080001b7   Thumb Code     0  startup_stm32f407xx.o(.text)
    CAN1_RX0_IRQHandler                      0x080001b7   Thumb Code     0  startup_stm32f407xx.o(.text)
    CAN1_RX1_IRQHandler                      0x080001b7   Thumb Code     0  startup_stm32f407xx.o(.text)
    CAN1_SCE_IRQHandler                      0x080001b7   Thumb Code     0  startup_stm32f407xx.o(.text)
    CAN1_TX_IRQHandler                       0x080001b7   Thumb Code     0  startup_stm32f407xx.o(.text)
    CAN2_RX0_IRQHandler                      0x080001b7   Thumb Code     0  startup_stm32f407xx.o(.text)
    CAN2_RX1_IRQHandler                      0x080001b7   Thumb Code     0  startup_stm32f407xx.o(.text)
    CAN2_SCE_IRQHandler                      0x080001b7   Thumb Code     0  startup_stm32f407xx.o(.text)
    CAN2_TX_IRQHandler                       0x080001b7   Thumb Code     0  startup_stm32f407xx.o(.text)
    DCMI_IRQHandler                          0x080001b7   Thumb Code     0  startup_stm32f407xx.o(.text)
    DMA1_Stream0_IRQHandler                  0x080001b7   Thumb Code     0  startup_stm32f407xx.o(.text)
    DMA1_Stream1_IRQHandler                  0x080001b7   Thumb Code     0  startup_stm32f407xx.o(.text)
    DMA1_Stream2_IRQHandler                  0x080001b7   Thumb Code     0  startup_stm32f407xx.o(.text)
    DMA1_Stream3_IRQHandler                  0x080001b7   Thumb Code     0  startup_stm32f407xx.o(.text)
    DMA1_Stream4_IRQHandler                  0x080001b7   Thumb Code     0  startup_stm32f407xx.o(.text)
    DMA1_Stream5_IRQHandler                  0x080001b7   Thumb Code     0  startup_stm32f407xx.o(.text)
    DMA1_Stream6_IRQHandler                  0x080001b7   Thumb Code     0  startup_stm32f407xx.o(.text)
    DMA1_Stream7_IRQHandler                  0x080001b7   Thumb Code     0  startup_stm32f407xx.o(.text)
    DMA2_Stream0_IRQHandler                  0x080001b7   Thumb Code     0  startup_stm32f407xx.o(.text)
    DMA2_Stream1_IRQHandler                  0x080001b7   Thumb Code     0  startup_stm32f407xx.o(.text)
    DMA2_Stream2_IRQHandler                  0x080001b7   Thumb Code     0  startup_stm32f407xx.o(.text)
    DMA2_Stream3_IRQHandler                  0x080001b7   Thumb Code     0  startup_stm32f407xx.o(.text)
    DMA2_Stream4_IRQHandler                  0x080001b7   Thumb Code     0  startup_stm32f407xx.o(.text)
    DMA2_Stream5_IRQHandler                  0x080001b7   Thumb Code     0  startup_stm32f407xx.o(.text)
    DMA2_Stream6_IRQHandler                  0x080001b7   Thumb Code     0  startup_stm32f407xx.o(.text)
    DMA2_Stream7_IRQHandler                  0x080001b7   Thumb Code     0  startup_stm32f407xx.o(.text)
    ETH_IRQHandler                           0x080001b7   Thumb Code     0  startup_stm32f407xx.o(.text)
    ETH_WKUP_IRQHandler                      0x080001b7   Thumb Code     0  startup_stm32f407xx.o(.text)
    FLASH_IRQHandler                         0x080001b7   Thumb Code     0  startup_stm32f407xx.o(.text)
    FMC_IRQHandler                           0x080001b7   Thumb Code     0  startup_stm32f407xx.o(.text)
    FPU_IRQHandler                           0x080001b7   Thumb Code     0  startup_stm32f407xx.o(.text)
    HASH_RNG_IRQHandler                      0x080001b7   Thumb Code     0  startup_stm32f407xx.o(.text)
    I2C1_ER_IRQHandler                       0x080001b7   Thumb Code     0  startup_stm32f407xx.o(.text)
    I2C1_EV_IRQHandler                       0x080001b7   Thumb Code     0  startup_stm32f407xx.o(.text)
    I2C2_ER_IRQHandler                       0x080001b7   Thumb Code     0  startup_stm32f407xx.o(.text)
    I2C2_EV_IRQHandler                       0x080001b7   Thumb Code     0  startup_stm32f407xx.o(.text)
    I2C3_ER_IRQHandler                       0x080001b7   Thumb Code     0  startup_stm32f407xx.o(.text)
    I2C3_EV_IRQHandler                       0x080001b7   Thumb Code     0  startup_stm32f407xx.o(.text)
    OTG_FS_IRQHandler                        0x080001b7   Thumb Code     0  startup_stm32f407xx.o(.text)
    OTG_FS_WKUP_IRQHandler                   0x080001b7   Thumb Code     0  startup_stm32f407xx.o(.text)
    OTG_HS_EP1_IN_IRQHandler                 0x080001b7   Thumb Code     0  startup_stm32f407xx.o(.text)
    OTG_HS_EP1_OUT_IRQHandler                0x080001b7   Thumb Code     0  startup_stm32f407xx.o(.text)
    OTG_HS_IRQHandler                        0x080001b7   Thumb Code     0  startup_stm32f407xx.o(.text)
    OTG_HS_WKUP_IRQHandler                   0x080001b7   Thumb Code     0  startup_stm32f407xx.o(.text)
    PVD_IRQHandler                           0x080001b7   Thumb Code     0  startup_stm32f407xx.o(.text)
    RCC_IRQHandler                           0x080001b7   Thumb Code     0  startup_stm32f407xx.o(.text)
    RTC_Alarm_IRQHandler                     0x080001b7   Thumb Code     0  startup_stm32f407xx.o(.text)
    RTC_WKUP_IRQHandler                      0x080001b7   Thumb Code     0  startup_stm32f407xx.o(.text)
    SDIO_IRQHandler                          0x080001b7   Thumb Code     0  startup_stm32f407xx.o(.text)
    SPI1_IRQHandler                          0x080001b7   Thumb Code     0  startup_stm32f407xx.o(.text)
    SPI2_IRQHandler                          0x080001b7   Thumb Code     0  startup_stm32f407xx.o(.text)
    SPI3_IRQHandler                          0x080001b7   Thumb Code     0  startup_stm32f407xx.o(.text)
    TAMP_STAMP_IRQHandler                    0x080001b7   Thumb Code     0  startup_stm32f407xx.o(.text)
    TIM1_BRK_TIM9_IRQHandler                 0x080001b7   Thumb Code     0  startup_stm32f407xx.o(.text)
    TIM1_CC_IRQHandler                       0x080001b7   Thumb Code     0  startup_stm32f407xx.o(.text)
    TIM1_TRG_COM_TIM11_IRQHandler            0x080001b7   Thumb Code     0  startup_stm32f407xx.o(.text)
    TIM1_UP_TIM10_IRQHandler                 0x080001b7   Thumb Code     0  startup_stm32f407xx.o(.text)
    TIM2_IRQHandler                          0x080001b7   Thumb Code     0  startup_stm32f407xx.o(.text)
    TIM3_IRQHandler                          0x080001b7   Thumb Code     0  startup_stm32f407xx.o(.text)
    TIM4_IRQHandler                          0x080001b7   Thumb Code     0  startup_stm32f407xx.o(.text)
    TIM5_IRQHandler                          0x080001b7   Thumb Code     0  startup_stm32f407xx.o(.text)
    TIM6_DAC_IRQHandler                      0x080001b7   Thumb Code     0  startup_stm32f407xx.o(.text)
    TIM7_IRQHandler                          0x080001b7   Thumb Code     0  startup_stm32f407xx.o(.text)
    TIM8_BRK_TIM12_IRQHandler                0x080001b7   Thumb Code     0  startup_stm32f407xx.o(.text)
    TIM8_CC_IRQHandler                       0x080001b7   Thumb Code     0  startup_stm32f407xx.o(.text)
    TIM8_TRG_COM_TIM14_IRQHandler            0x080001b7   Thumb Code     0  startup_stm32f407xx.o(.text)
    TIM8_UP_TIM13_IRQHandler                 0x080001b7   Thumb Code     0  startup_stm32f407xx.o(.text)
    WWDG_IRQHandler                          0x080001b7   Thumb Code     0  startup_stm32f407xx.o(.text)
    HAL_InitTick                             0x080001c3   Thumb Code    36  stm32f4xx_hal.o(.text)
    HAL_Init                                 0x080001e7   Thumb Code    54  stm32f4xx_hal.o(.text)
    HAL_DeInit                               0x0800021f   Thumb Code    64  stm32f4xx_hal.o(.text)
    HAL_SuspendTick                          0x0800028f   Thumb Code    18  stm32f4xx_hal.o(.text)
    HAL_ResumeTick                           0x080002a1   Thumb Code    18  stm32f4xx_hal.o(.text)
    HAL_GetHalVersion                        0x080002b3   Thumb Code     4  stm32f4xx_hal.o(.text)
    HAL_GetREVID                             0x080002b7   Thumb Code     8  stm32f4xx_hal.o(.text)
    HAL_GetDEVID                             0x080002bf   Thumb Code    10  stm32f4xx_hal.o(.text)
    HAL_DBGMCU_EnableDBGSleepMode            0x080002c9   Thumb Code    14  stm32f4xx_hal.o(.text)
    HAL_DBGMCU_DisableDBGSleepMode           0x080002d7   Thumb Code    14  stm32f4xx_hal.o(.text)
    HAL_DBGMCU_EnableDBGStopMode             0x080002e5   Thumb Code    14  stm32f4xx_hal.o(.text)
    HAL_DBGMCU_DisableDBGStopMode            0x080002f3   Thumb Code    14  stm32f4xx_hal.o(.text)
    HAL_DBGMCU_EnableDBGStandbyMode          0x08000301   Thumb Code    14  stm32f4xx_hal.o(.text)
    HAL_DBGMCU_DisableDBGStandbyMode         0x0800030f   Thumb Code    14  stm32f4xx_hal.o(.text)
    HAL_EnableCompensationCell               0x0800031d   Thumb Code    22  stm32f4xx_hal.o(.text)
    HAL_DisableCompensationCell              0x08000333   Thumb Code    24  stm32f4xx_hal.o(.text)
    HAL_GetUID                               0x0800034b   Thumb Code    24  stm32f4xx_hal.o(.text)
    HAL_NVIC_SetPriorityGrouping             0x080003a5   Thumb Code    36  stm32f4xx_hal_cortex.o(.text)
    HAL_NVIC_SetPriority                     0x080003c9   Thumb Code   124  stm32f4xx_hal_cortex.o(.text)
    HAL_NVIC_EnableIRQ                       0x08000445   Thumb Code    26  stm32f4xx_hal_cortex.o(.text)
    HAL_NVIC_DisableIRQ                      0x0800045f   Thumb Code    22  stm32f4xx_hal_cortex.o(.text)
    HAL_NVIC_SystemReset                     0x08000475   Thumb Code    64  stm32f4xx_hal_cortex.o(.text)
    HAL_SYSTICK_Config                       0x080004b5   Thumb Code    52  stm32f4xx_hal_cortex.o(.text)
    HAL_MPU_Disable                          0x080004e9   Thumb Code    42  stm32f4xx_hal_cortex.o(.text)
    HAL_MPU_Enable                           0x08000513   Thumb Code    60  stm32f4xx_hal_cortex.o(.text)
    HAL_MPU_ConfigRegion                     0x0800054f   Thumb Code    90  stm32f4xx_hal_cortex.o(.text)
    HAL_NVIC_GetPriorityGrouping             0x080005a9   Thumb Code     8  stm32f4xx_hal_cortex.o(.text)
    HAL_NVIC_GetPriority                     0x080005b1   Thumb Code   138  stm32f4xx_hal_cortex.o(.text)
    HAL_NVIC_SetPendingIRQ                   0x0800063b   Thumb Code    24  stm32f4xx_hal_cortex.o(.text)
    HAL_NVIC_GetPendingIRQ                   0x08000653   Thumb Code    38  stm32f4xx_hal_cortex.o(.text)
    HAL_NVIC_ClearPendingIRQ                 0x08000679   Thumb Code    22  stm32f4xx_hal_cortex.o(.text)
    HAL_NVIC_GetActive                       0x0800068f   Thumb Code    38  stm32f4xx_hal_cortex.o(.text)
    HAL_SYSTICK_CLKSourceConfig              0x080006b5   Thumb Code    40  stm32f4xx_hal_cortex.o(.text)
    HAL_SYSTICK_Callback                     0x080006dd   Thumb Code     2  stm32f4xx_hal_cortex.o(.text)
    HAL_SYSTICK_IRQHandler                   0x080006df   Thumb Code     8  stm32f4xx_hal_cortex.o(.text)
    HAL_DMA_Init                             0x080007e1   Thumb Code   232  stm32f4xx_hal_dma.o(.text)
    HAL_DMA_DeInit                           0x080008c9   Thumb Code    98  stm32f4xx_hal_dma.o(.text)
    HAL_DMA_Start                            0x08000957   Thumb Code   102  stm32f4xx_hal_dma.o(.text)
    HAL_DMA_Start_IT                         0x080009bd   Thumb Code   158  stm32f4xx_hal_dma.o(.text)
    HAL_DMA_Abort                            0x08000a5b   Thumb Code   178  stm32f4xx_hal_dma.o(.text)
    HAL_DMA_Abort_IT                         0x08000b0d   Thumb Code    40  stm32f4xx_hal_dma.o(.text)
    HAL_DMA_PollForTransfer                  0x08000b35   Thumb Code   350  stm32f4xx_hal_dma.o(.text)
    HAL_DMA_IRQHandler                       0x08000c93   Thumb Code   574  stm32f4xx_hal_dma.o(.text)
    HAL_DMA_RegisterCallback                 0x08000ed1   Thumb Code    94  stm32f4xx_hal_dma.o(.text)
    HAL_DMA_UnRegisterCallback               0x08000f2f   Thumb Code   124  stm32f4xx_hal_dma.o(.text)
    HAL_DMA_GetState                         0x08000fab   Thumb Code     8  stm32f4xx_hal_dma.o(.text)
    HAL_DMA_GetError                         0x08000fb3   Thumb Code     6  stm32f4xx_hal_dma.o(.text)
    HAL_GPIO_Init                            0x08000fc1   Thumb Code   466  stm32f4xx_hal_gpio.o(.text)
    HAL_GPIO_DeInit                          0x08001193   Thumb Code   316  stm32f4xx_hal_gpio.o(.text)
    HAL_GPIO_ReadPin                         0x080012cf   Thumb Code    16  stm32f4xx_hal_gpio.o(.text)
    HAL_GPIO_WritePin                        0x080012df   Thumb Code    12  stm32f4xx_hal_gpio.o(.text)
    HAL_GPIO_TogglePin                       0x080012eb   Thumb Code     8  stm32f4xx_hal_gpio.o(.text)
    HAL_GPIO_LockPin                         0x080012f3   Thumb Code    46  stm32f4xx_hal_gpio.o(.text)
    HAL_GPIO_EXTI_Callback                   0x08001321   Thumb Code     2  stm32f4xx_hal_gpio.o(.text)
    HAL_GPIO_EXTI_IRQHandler                 0x08001323   Thumb Code    28  stm32f4xx_hal_gpio.o(.text)
    HAL_I2C_MspInit                          0x0800136d   Thumb Code     2  stm32f4xx_hal_i2c.o(.text)
    HAL_I2C_Init                             0x0800136f   Thumb Code   286  stm32f4xx_hal_i2c.o(.text)
    HAL_I2C_MspDeInit                        0x0800148d   Thumb Code     2  stm32f4xx_hal_i2c.o(.text)
    HAL_I2C_DeInit                           0x0800148f   Thumb Code    60  stm32f4xx_hal_i2c.o(.text)
    HAL_I2C_Master_Transmit                  0x08001799   Thumb Code   396  stm32f4xx_hal_i2c.o(.text)
    HAL_I2C_Master_Receive                   0x08001abd   Thumb Code   808  stm32f4xx_hal_i2c.o(.text)
    HAL_I2C_Slave_Transmit                   0x08001de5   Thumb Code   408  stm32f4xx_hal_i2c.o(.text)
    HAL_I2C_Slave_Receive                    0x08001fcf   Thumb Code   410  stm32f4xx_hal_i2c.o(.text)
    HAL_I2C_Master_Transmit_IT               0x08002169   Thumb Code   218  stm32f4xx_hal_i2c.o(.text)
    HAL_I2C_Master_Receive_IT                0x08002243   Thumb Code   230  stm32f4xx_hal_i2c.o(.text)
    HAL_I2C_Master_Sequential_Transmit_IT    0x08002329   Thumb Code   266  stm32f4xx_hal_i2c.o(.text)
    HAL_I2C_Master_Sequential_Receive_IT     0x08002433   Thumb Code   306  stm32f4xx_hal_i2c.o(.text)
    HAL_I2C_Slave_Transmit_IT                0x08002565   Thumb Code   224  stm32f4xx_hal_i2c.o(.text)
    HAL_I2C_Slave_Receive_IT                 0x08002645   Thumb Code   222  stm32f4xx_hal_i2c.o(.text)
    HAL_I2C_Slave_Sequential_Transmit_IT     0x08002723   Thumb Code   154  stm32f4xx_hal_i2c.o(.text)
    HAL_I2C_Slave_Sequential_Receive_IT      0x080027bd   Thumb Code   154  stm32f4xx_hal_i2c.o(.text)
    HAL_I2C_EnableListen_IT                  0x08002857   Thumb Code    70  stm32f4xx_hal_i2c.o(.text)
    HAL_I2C_DisableListen_IT                 0x0800289d   Thumb Code    70  stm32f4xx_hal_i2c.o(.text)
    HAL_I2C_ErrorCallback                    0x080028e3   Thumb Code     2  stm32f4xx_hal_i2c.o(.text)
    HAL_I2C_MasterRxCpltCallback             0x08002921   Thumb Code     2  stm32f4xx_hal_i2c.o(.text)
    HAL_I2C_MemRxCpltCallback                0x08002923   Thumb Code     2  stm32f4xx_hal_i2c.o(.text)
    HAL_I2C_Master_Transmit_DMA              0x080029d5   Thumb Code   354  stm32f4xx_hal_i2c.o(.text)
    HAL_I2C_Master_Receive_DMA               0x08002b37   Thumb Code   354  stm32f4xx_hal_i2c.o(.text)
    HAL_I2C_ListenCpltCallback               0x08002c99   Thumb Code     2  stm32f4xx_hal_i2c.o(.text)
    HAL_I2C_AbortCpltCallback                0x08002c9b   Thumb Code     2  stm32f4xx_hal_i2c.o(.text)
    HAL_I2C_Master_Abort_IT                  0x08002e7f   Thumb Code   110  stm32f4xx_hal_i2c.o(.text)
    HAL_I2C_Slave_Transmit_DMA               0x08002eed   Thumb Code   290  stm32f4xx_hal_i2c.o(.text)
    HAL_I2C_Slave_Receive_DMA                0x0800300f   Thumb Code   290  stm32f4xx_hal_i2c.o(.text)
    HAL_I2C_Mem_Write                        0x0800320b   Thumb Code   408  stm32f4xx_hal_i2c.o(.text)
    HAL_I2C_Mem_Read                         0x080034f7   Thumb Code   810  stm32f4xx_hal_i2c.o(.text)
    HAL_I2C_Mem_Write_IT                     0x08003821   Thumb Code   228  stm32f4xx_hal_i2c.o(.text)
    HAL_I2C_Mem_Read_IT                      0x08003905   Thumb Code   244  stm32f4xx_hal_i2c.o(.text)
    HAL_I2C_Mem_Write_DMA                    0x080039f9   Thumb Code   386  stm32f4xx_hal_i2c.o(.text)
    HAL_I2C_Mem_Read_DMA                     0x08003b7b   Thumb Code   510  stm32f4xx_hal_i2c.o(.text)
    HAL_I2C_IsDeviceReady                    0x08003d79   Thumb Code   448  stm32f4xx_hal_i2c.o(.text)
    HAL_I2C_SlaveRxCpltCallback              0x08003f57   Thumb Code     2  stm32f4xx_hal_i2c.o(.text)
    HAL_I2C_SlaveTxCpltCallback              0x08003fbd   Thumb Code     2  stm32f4xx_hal_i2c.o(.text)
    HAL_I2C_AddrCallback                     0x08004111   Thumb Code     2  stm32f4xx_hal_i2c.o(.text)
    HAL_I2C_MasterTxCpltCallback             0x08004313   Thumb Code     2  stm32f4xx_hal_i2c.o(.text)
    HAL_I2C_MemTxCpltCallback                0x08004315   Thumb Code     2  stm32f4xx_hal_i2c.o(.text)
    HAL_I2C_EV_IRQHandler                    0x080047bf   Thumb Code   368  stm32f4xx_hal_i2c.o(.text)
    HAL_I2C_ER_IRQHandler                    0x080049cd   Thumb Code   226  stm32f4xx_hal_i2c.o(.text)
    HAL_I2C_GetState                         0x08004aaf   Thumb Code     8  stm32f4xx_hal_i2c.o(.text)
    HAL_I2C_GetMode                          0x08004ab7   Thumb Code     8  stm32f4xx_hal_i2c.o(.text)
    HAL_I2C_GetError                         0x08004abf   Thumb Code     6  stm32f4xx_hal_i2c.o(.text)
    HAL_MspInit                              0x08004ad1   Thumb Code     2  stm32f4xx_hal_msp_template.o(.text)
    HAL_MspDeInit                            0x08004ad3   Thumb Code     2  stm32f4xx_hal_msp_template.o(.text)
    HAL_PPP_MspInit                          0x08004ad5   Thumb Code     2  stm32f4xx_hal_msp_template.o(.text)
    HAL_PPP_MspDeInit                        0x08004ad7   Thumb Code     2  stm32f4xx_hal_msp_template.o(.text)
    HAL_RCC_OscConfig                        0x08004adb   Thumb Code  1088  stm32f4xx_hal_rcc.o(.text)
    HAL_RCC_GetSysClockFreq                  0x08004f1b   Thumb Code   170  stm32f4xx_hal_rcc.o(.text)
    HAL_RCC_ClockConfig                      0x08004fc5   Thumb Code   466  stm32f4xx_hal_rcc.o(.text)
    HAL_RCC_MCOConfig                        0x08005197   Thumb Code   186  stm32f4xx_hal_rcc.o(.text)
    HAL_RCC_EnableCSS                        0x08005251   Thumb Code     8  stm32f4xx_hal_rcc.o(.text)
    HAL_RCC_DisableCSS                       0x08005259   Thumb Code     8  stm32f4xx_hal_rcc.o(.text)
    HAL_RCC_GetHCLKFreq                      0x08005261   Thumb Code     6  stm32f4xx_hal_rcc.o(.text)
    HAL_RCC_GetPCLK1Freq                     0x08005267   Thumb Code    38  stm32f4xx_hal_rcc.o(.text)
    HAL_RCC_GetPCLK2Freq                     0x0800528d   Thumb Code    38  stm32f4xx_hal_rcc.o(.text)
    HAL_RCC_GetOscConfig                     0x080052b3   Thumb Code   330  stm32f4xx_hal_rcc.o(.text)
    HAL_RCC_GetClockConfig                   0x080053fd   Thumb Code    66  stm32f4xx_hal_rcc.o(.text)
    HAL_RCC_CSSCallback                      0x0800543f   Thumb Code     2  stm32f4xx_hal_rcc.o(.text)
    HAL_RCC_NMI_IRQHandler                   0x08005441   Thumb Code    30  stm32f4xx_hal_rcc.o(.text)
    HAL_UART_MspInit                         0x080057c9   Thumb Code     2  stm32f4xx_hal_uart.o(.text)
    HAL_UART_Init                            0x080057cb   Thumb Code   114  stm32f4xx_hal_uart.o(.text)
    HAL_HalfDuplex_Init                      0x0800583d   Thumb Code   128  stm32f4xx_hal_uart.o(.text)
    HAL_LIN_Init                             0x080058bd   Thumb Code   142  stm32f4xx_hal_uart.o(.text)
    HAL_MultiProcessor_Init                  0x0800594b   Thumb Code   154  stm32f4xx_hal_uart.o(.text)
    HAL_UART_MspDeInit                       0x080059e5   Thumb Code     2  stm32f4xx_hal_uart.o(.text)
    HAL_UART_DeInit                          0x080059e7   Thumb Code    46  stm32f4xx_hal_uart.o(.text)
    HAL_UART_Transmit                        0x08005a81   Thumb Code   214  stm32f4xx_hal_uart.o(.text)
    HAL_UART_Receive                         0x08005b57   Thumb Code   222  stm32f4xx_hal_uart.o(.text)
    HAL_UART_Transmit_IT                     0x08005c35   Thumb Code    88  stm32f4xx_hal_uart.o(.text)
    HAL_UART_Receive_IT                      0x08005c8d   Thumb Code   100  stm32f4xx_hal_uart.o(.text)
    HAL_UART_ErrorCallback                   0x08005cf1   Thumb Code     2  stm32f4xx_hal_uart.o(.text)
    HAL_UART_TxHalfCpltCallback              0x08005d77   Thumb Code     2  stm32f4xx_hal_uart.o(.text)
    HAL_UART_TxCpltCallback                  0x08005d87   Thumb Code     2  stm32f4xx_hal_uart.o(.text)
    HAL_UART_Transmit_DMA                    0x08005dbf   Thumb Code   142  stm32f4xx_hal_uart.o(.text)
    HAL_UART_RxHalfCpltCallback              0x08005e4d   Thumb Code     2  stm32f4xx_hal_uart.o(.text)
    HAL_UART_RxCpltCallback                  0x08005e5d   Thumb Code     2  stm32f4xx_hal_uart.o(.text)
    HAL_UART_Receive_DMA                     0x08005ea5   Thumb Code   182  stm32f4xx_hal_uart.o(.text)
    HAL_UART_DMAPause                        0x08005f5b   Thumb Code   124  stm32f4xx_hal_uart.o(.text)
    HAL_UART_DMAResume                       0x08005fd7   Thumb Code   126  stm32f4xx_hal_uart.o(.text)
    HAL_UART_DMAStop                         0x08006055   Thumb Code   102  stm32f4xx_hal_uart.o(.text)
    HAL_UART_Abort                           0x080060bb   Thumb Code   126  stm32f4xx_hal_uart.o(.text)
    HAL_UART_AbortTransmit                   0x08006139   Thumb Code    68  stm32f4xx_hal_uart.o(.text)
    HAL_UART_AbortReceive                    0x0800617d   Thumb Code    80  stm32f4xx_hal_uart.o(.text)
    HAL_UART_AbortCpltCallback               0x080061cd   Thumb Code     2  stm32f4xx_hal_uart.o(.text)
    HAL_UART_Abort_IT                        0x0800624d   Thumb Code   208  stm32f4xx_hal_uart.o(.text)
    HAL_UART_AbortTransmitCpltCallback       0x0800631d   Thumb Code     2  stm32f4xx_hal_uart.o(.text)
    HAL_UART_AbortTransmit_IT                0x08006337   Thumb Code   102  stm32f4xx_hal_uart.o(.text)
    HAL_UART_AbortReceiveCpltCallback        0x0800639d   Thumb Code     2  stm32f4xx_hal_uart.o(.text)
    HAL_UART_AbortReceive_IT                 0x080063b7   Thumb Code   114  stm32f4xx_hal_uart.o(.text)
    HAL_UART_IRQHandler                      0x0800655f   Thumb Code   348  stm32f4xx_hal_uart.o(.text)
    HAL_LIN_SendBreak                        0x080066bb   Thumb Code    62  stm32f4xx_hal_uart.o(.text)
    HAL_MultiProcessor_EnterMuteMode         0x080066f9   Thumb Code    62  stm32f4xx_hal_uart.o(.text)
    HAL_MultiProcessor_ExitMuteMode          0x08006737   Thumb Code    62  stm32f4xx_hal_uart.o(.text)
    HAL_HalfDuplex_EnableTransmitter         0x08006775   Thumb Code    68  stm32f4xx_hal_uart.o(.text)
    HAL_HalfDuplex_EnableReceiver            0x080067b9   Thumb Code    68  stm32f4xx_hal_uart.o(.text)
    HAL_UART_GetState                        0x080067fd   Thumb Code    20  stm32f4xx_hal_uart.o(.text)
    HAL_UART_GetError                        0x08006811   Thumb Code     6  stm32f4xx_hal_uart.o(.text)
    TM_RCC_InitSystem                        0x08006819   Thumb Code   172  tm_stm32_rcc.o(.text)
    TM_GPIO_GetPortSource                    0x080068cd   Thumb Code    14  tm_stm32_gpio.o(.text)
    TM_GPIO_INT_Init                         0x080068db   Thumb Code   170  tm_stm32_gpio.o(.text)
    TM_GPIO_INT_EnableClock                  0x08006985   Thumb Code    28  tm_stm32_gpio.o(.text)
    TM_GPIO_Init                             0x080069a1   Thumb Code    48  tm_stm32_gpio.o(.text)
    TM_GPIO_InitAlternate                    0x080069d1   Thumb Code   110  tm_stm32_gpio.o(.text)
    TM_GPIO_DeInit                           0x08006a3f   Thumb Code    66  tm_stm32_gpio.o(.text)
    TM_GPIO_SetPinAsInput                    0x08006a81   Thumb Code    38  tm_stm32_gpio.o(.text)
    TM_GPIO_SetPinAsOutput                   0x08006aa7   Thumb Code    46  tm_stm32_gpio.o(.text)
    TM_GPIO_SetPinAsAnalog                   0x08006ad5   Thumb Code    38  tm_stm32_gpio.o(.text)
    TM_GPIO_SetPinAsAlternate                0x08006afb   Thumb Code    50  tm_stm32_gpio.o(.text)
    TM_GPIO_SetPullResistor                  0x08006b2d   Thumb Code    50  tm_stm32_gpio.o(.text)
    TM_GPIO_Lock                             0x08006b5f   Thumb Code    16  tm_stm32_gpio.o(.text)
    TM_GPIO_GetPinSource                     0x08006b6f   Thumb Code    18  tm_stm32_gpio.o(.text)
    TM_GPIO_INT_DisableClock                 0x08006b81   Thumb Code    26  tm_stm32_gpio.o(.text)
    TM_GPIO_GetUsedPins                      0x08006b9b   Thumb Code    18  tm_stm32_gpio.o(.text)
    TM_GPIO_GetFreePins                      0x08006bad   Thumb Code    22  tm_stm32_gpio.o(.text)
    TM_DELAY_Init                            0x08006bcd   Thumb Code    64  tm_stm32_delay.o(.text)
    TM_DELAY_TimerCreate                     0x08006c0d   Thumb Code    96  tm_stm32_delay.o(.text)
    TM_DELAY_TimerDelete                     0x08006c6d   Thumb Code   122  tm_stm32_delay.o(.text)
    TM_DELAY_TimerStop                       0x08006ce7   Thumb Code    10  tm_stm32_delay.o(.text)
    TM_DELAY_TimerStart                      0x08006cf1   Thumb Code    12  tm_stm32_delay.o(.text)
    TM_DELAY_TimerReset                      0x08006cfd   Thumb Code     6  tm_stm32_delay.o(.text)
    TM_DELAY_TimerAutoReloadCommand          0x08006d03   Thumb Code    18  tm_stm32_delay.o(.text)
    TM_DELAY_TimerAutoReloadValue            0x08006d15   Thumb Code     4  tm_stm32_delay.o(.text)
    TM_DELAY_1msHandler                      0x08006d19   Thumb Code     2  tm_stm32_delay.o(.text)
    HAL_IncTick                              0x08006d1b   Thumb Code   214  tm_stm32_delay.o(.text)
    HAL_GetTick                              0x08006df1   Thumb Code     6  tm_stm32_delay.o(.text)
    HAL_Delay                                0x08006df7   Thumb Code    54  tm_stm32_delay.o(.text)
    TM_DISCO_LedInit                         0x08006e41   Thumb Code    36  tm_stm32_disco.o(.text)
    TM_DISCO_ButtonInit                      0x08006e65   Thumb Code    24  tm_stm32_disco.o(.text)
    TM_DISCO_ButtonOnPressed                 0x08006e7d   Thumb Code    38  tm_stm32_disco.o(.text)
    TM_DISCO_ButtonOnReleased                0x08006ea3   Thumb Code    40  tm_stm32_disco.o(.text)
    TM_EXTI_Attach                           0x08006ed9   Thumb Code   490  tm_stm32_exti.o(.text)
    TM_EXTI_GPIOEnable                       0x080070c3   Thumb Code   172  tm_stm32_exti.o(.text)
    TM_EXTI_Detach                           0x0800716f   Thumb Code    50  tm_stm32_exti.o(.text)
    TM_EXTI_DeInit                           0x080071a1   Thumb Code    70  tm_stm32_exti.o(.text)
    EXTI0_IRQHandler                         0x080071e9   Thumb Code    28  tm_stm32_exti.o(.text)
    EXTI1_IRQHandler                         0x08007205   Thumb Code    28  tm_stm32_exti.o(.text)
    EXTI2_IRQHandler                         0x08007221   Thumb Code    28  tm_stm32_exti.o(.text)
    EXTI3_IRQHandler                         0x0800723d   Thumb Code    28  tm_stm32_exti.o(.text)
    EXTI4_IRQHandler                         0x08007259   Thumb Code    28  tm_stm32_exti.o(.text)
    EXTI9_5_IRQHandler                       0x08007275   Thumb Code   128  tm_stm32_exti.o(.text)
    EXTI15_10_IRQHandler                     0x080072f5   Thumb Code   158  tm_stm32_exti.o(.text)
    TM_MPU9250_BeginI2CCom                   0x08007399   Thumb Code    78  tm_stm32_mpu9250.o(.text)
    TM_MPU9250_Reset                         0x080073e7   Thumb Code    26  tm_stm32_mpu9250.o(.text)
    TM_MPU9250_Init                          0x08007401   Thumb Code   352  tm_stm32_mpu9250.o(.text)
    TM_MPU9250_ReadAcce                      0x08007561   Thumb Code   144  tm_stm32_mpu9250.o(.text)
    TM_MPU9250_ReadGyro                      0x080075f1   Thumb Code   144  tm_stm32_mpu9250.o(.text)
    TM_MPU9250_ReadMag                       0x08007681   Thumb Code   108  tm_stm32_mpu9250.o(.text)
    TM_MPU9250_DataReady                     0x080076ed   Thumb Code    36  tm_stm32_mpu9250.o(.text)
    TM_MPU9250_SetGyroscope                  0x08007711   Thumb Code   116  tm_stm32_mpu9250.o(.text)
    TM_MPU9250_SetAccelerometer              0x08007785   Thumb Code   154  tm_stm32_mpu9250.o(.text)
    TM_MPU9250_SetDataRate                   0x0800781f   Thumb Code    30  tm_stm32_mpu9250.o(.text)
    TM_MPU9250_SetDLPFBandwidth              0x0800783d   Thumb Code    50  tm_stm32_mpu9250.o(.text)
    TM_MPU9250_EnableInterrupts              0x0800786f   Thumb Code    60  tm_stm32_mpu9250.o(.text)
    TM_MPU9250_DisableInterrupts             0x080078ab   Thumb Code    28  tm_stm32_mpu9250.o(.text)
    TM_MPU9250_ReadInterrupts                0x080078c7   Thumb Code    40  tm_stm32_mpu9250.o(.text)
    TM_CalibrateMPU9250                      0x080078ef   Thumb Code  1160  tm_stm32_mpu9250.o(.text)
    TM_I2C_GetHandle                         0x08007d89   Thumb Code    36  tm_stm32_i2c.o(.text)
    TM_I2C_InitCustomPinsCallback            0x08007dc7   Thumb Code     2  tm_stm32_i2c.o(.text)
    TM_I2C_Init                              0x08007ed5   Thumb Code   168  tm_stm32_i2c.o(.text)
    TM_I2C_Read                              0x08007f7d   Thumb Code    84  tm_stm32_i2c.o(.text)
    TM_I2C_ReadMulti                         0x08007fd1   Thumb Code    90  tm_stm32_i2c.o(.text)
    TM_I2C_ReadNoRegister                    0x0800802b   Thumb Code    50  tm_stm32_i2c.o(.text)
    TM_I2C_ReadMultiNoRegister               0x0800805d   Thumb Code    56  tm_stm32_i2c.o(.text)
    TM_I2C_Write                             0x08008095   Thumb Code    64  tm_stm32_i2c.o(.text)
    TM_I2C_WriteMulti                        0x080080d5   Thumb Code    74  tm_stm32_i2c.o(.text)
    TM_I2C_WriteNoRegister                   0x0800811f   Thumb Code    52  tm_stm32_i2c.o(.text)
    TM_I2C_WriteMultiNoRegister              0x08008153   Thumb Code   108  tm_stm32_i2c.o(.text)
    TM_I2C_Write16                           0x080081bf   Thumb Code    72  tm_stm32_i2c.o(.text)
    TM_I2C_Read16                            0x08008207   Thumb Code    98  tm_stm32_i2c.o(.text)
    TM_I2C_IsDeviceConnected                 0x08008269   Thumb Code    36  tm_stm32_i2c.o(.text)
    TM_I2C_WriteReadRepeatedStart            0x0800828d   Thumb Code    92  tm_stm32_i2c.o(.text)
    TM_USART_InitCustomPinsCallback          0x0800831d   Thumb Code     2  tm_stm32_usart.o(.text)
    TM_USART6_InitPins                       0x0800831f   Thumb Code    66  tm_stm32_usart.o(.text)
    TM_UART5_InitPins                        0x08008361   Thumb Code    60  tm_stm32_usart.o(.text)
    TM_UART4_InitPins                        0x0800839d   Thumb Code    62  tm_stm32_usart.o(.text)
    TM_USART3_InitPins                       0x080083db   Thumb Code    88  tm_stm32_usart.o(.text)
    TM_USART2_InitPins                       0x08008433   Thumb Code    64  tm_stm32_usart.o(.text)
    TM_USART1_InitPins                       0x08008473   Thumb Code   108  tm_stm32_usart.o(.text)
    TM_USART_Init                            0x08008745   Thumb Code   190  tm_stm32_usart.o(.text)
    TM_USART_InitWithFlowControl             0x08008803   Thumb Code   196  tm_stm32_usart.o(.text)
    TM_USART_Getc                            0x080088fb   Thumb Code    32  tm_stm32_usart.o(.text)
    TM_USART_Gets                            0x0800891b   Thumb Code    32  tm_stm32_usart.o(.text)
    TM_USART_Puts                            0x0800893b   Thumb Code    40  tm_stm32_usart.o(.text)
    TM_USART_Send                            0x08008963   Thumb Code    44  tm_stm32_usart.o(.text)
    TM_USART_FindCharacter                   0x0800898f   Thumb Code    24  tm_stm32_usart.o(.text)
    TM_USART_FindString                      0x080089a7   Thumb Code    38  tm_stm32_usart.o(.text)
    TM_USART_BufferEmpty                     0x080089cd   Thumb Code    26  tm_stm32_usart.o(.text)
    TM_USART_BufferFull                      0x080089e7   Thumb Code    26  tm_stm32_usart.o(.text)
    TM_USART_BufferCount                     0x08008a01   Thumb Code    20  tm_stm32_usart.o(.text)
    TM_USART_ClearBuffer                     0x08008a15   Thumb Code    18  tm_stm32_usart.o(.text)
    TM_USART_SetCustomStringEndCharacter     0x08008a27   Thumb Code    16  tm_stm32_usart.o(.text)
    TM_USART1_ReceiveHandler                 0x08008a37   Thumb Code     2  tm_stm32_usart.o(.text)
    TM_USART2_ReceiveHandler                 0x08008a39   Thumb Code     2  tm_stm32_usart.o(.text)
    TM_USART3_ReceiveHandler                 0x08008a3b   Thumb Code     2  tm_stm32_usart.o(.text)
    TM_UART4_ReceiveHandler                  0x08008a3d   Thumb Code     2  tm_stm32_usart.o(.text)
    TM_UART5_ReceiveHandler                  0x08008a3f   Thumb Code     2  tm_stm32_usart.o(.text)
    TM_USART6_ReceiveHandler                 0x08008a41   Thumb Code     2  tm_stm32_usart.o(.text)
    TM_UART7_ReceiveHandler                  0x08008a43   Thumb Code     2  tm_stm32_usart.o(.text)
    TM_UART8_ReceiveHandler                  0x08008a45   Thumb Code     2  tm_stm32_usart.o(.text)
    USART1_IRQHandler                        0x08008aeb   Thumb Code    34  tm_stm32_usart.o(.text)
    USART2_IRQHandler                        0x08008b0d   Thumb Code    88  tm_stm32_usart.o(.text)
    USART3_IRQHandler                        0x08008b65   Thumb Code    36  tm_stm32_usart.o(.text)
    UART4_IRQHandler                         0x08008b89   Thumb Code    36  tm_stm32_usart.o(.text)
    UART5_IRQHandler                         0x08008bad   Thumb Code    34  tm_stm32_usart.o(.text)
    USART6_IRQHandler                        0x08008bcf   Thumb Code    36  tm_stm32_usart.o(.text)
    TM_BUTTON_Init                           0x08008c15   Thumb Code   134  tm_stm32_button.o(.text)
    TM_BUTTON_SetPressTime                   0x08008c9b   Thumb Code     6  tm_stm32_button.o(.text)
    TM_BUTTON_Update                         0x08008d65   Thumb Code    30  tm_stm32_button.o(.text)
    TM_BUFFER_Init                           0x08008d8d   Thumb Code    68  tm_stm32_buffer.o(.text)
    TM_BUFFER_Free                           0x08008dd1   Thumb Code    32  tm_stm32_buffer.o(.text)
    TM_BUFFER_GetFree                        0x08008df1   Thumb Code    40  tm_stm32_buffer.o(.text)
    TM_BUFFER_Write                          0x08008e19   Thumb Code   136  tm_stm32_buffer.o(.text)
    TM_BUFFER_WriteToTop                     0x08008ea1   Thumb Code   120  tm_stm32_buffer.o(.text)
    TM_BUFFER_GetFull                        0x08008f19   Thumb Code    40  tm_stm32_buffer.o(.text)
    TM_BUFFER_Read                           0x08008f41   Thumb Code   136  tm_stm32_buffer.o(.text)
    TM_BUFFER_Reset                          0x08008fc9   Thumb Code    14  tm_stm32_buffer.o(.text)
    TM_BUFFER_FindElement                    0x08008fd7   Thumb Code    70  tm_stm32_buffer.o(.text)
    TM_BUFFER_Find                           0x0800901d   Thumb Code   144  tm_stm32_buffer.o(.text)
    TM_BUFFER_WriteString                    0x080090ad   Thumb Code    26  tm_stm32_buffer.o(.text)
    TM_BUFFER_ReadString                     0x080090c7   Thumb Code   134  tm_stm32_buffer.o(.text)
    TM_BUFFER_CheckElement                   0x0800914d   Thumb Code    60  tm_stm32_buffer.o(.text)
    NMI_Handler                              0x08009189   Thumb Code     2  stm32fxxx_it.o(.text)
    HardFault_Handler                        0x0800918b   Thumb Code     4  stm32fxxx_it.o(.text)
    MemManage_Handler                        0x0800918f   Thumb Code     4  stm32fxxx_it.o(.text)
    BusFault_Handler                         0x08009193   Thumb Code     4  stm32fxxx_it.o(.text)
    UsageFault_Handler                       0x08009197   Thumb Code     4  stm32fxxx_it.o(.text)
    SVC_Handler                              0x0800919b   Thumb Code     2  stm32fxxx_it.o(.text)
    DebugMon_Handler                         0x0800919d   Thumb Code     2  stm32fxxx_it.o(.text)
    PendSV_Handler                           0x0800919f   Thumb Code     2  stm32fxxx_it.o(.text)
    TimingDelay_Decrement                    0x080091a1   Thumb Code     2  stm32fxxx_it.o(.text)
    SysTick_Handler                          0x080091a3   Thumb Code     8  stm32fxxx_it.o(.text)
    SystemInit                               0x080091ad   Thumb Code    82  system_stm32f4xx.o(.text)
    SystemCoreClockUpdate                    0x080091ff   Thumb Code   174  system_stm32f4xx.o(.text)
    TM_USART_PutLong                         0x080092f7   Thumb Code    62  main.o(.text)
    TM_USART_PutDouble                       0x08009335   Thumb Code   158  main.o(.text)
    getPitchBilineal                         0x080093d3   Thumb Code   134  main.o(.text)
    getRollBilineal                          0x08009459   Thumb Code   134  main.o(.text)
    printAngles                              0x080094df   Thumb Code   356  main.o(.text)
    main                                     0x08009657   Thumb Code   474  main.o(.text)
    TM_EXTI_Handler                          0x08009831   Thumb Code    52  main.o(.text)
    printRawData                             0x08009865   Thumb Code   268  main.o(.text)
    __aeabi_memcpy                           0x080099a9   Thumb Code    36  memcpya.o(.text)
    __aeabi_memcpy4                          0x080099a9   Thumb Code     0  memcpya.o(.text)
    __aeabi_memcpy8                          0x080099a9   Thumb Code     0  memcpya.o(.text)
    __aeabi_memset                           0x080099cd   Thumb Code    14  memseta.o(.text)
    __aeabi_memset4                          0x080099cd   Thumb Code     0  memseta.o(.text)
    __aeabi_memset8                          0x080099cd   Thumb Code     0  memseta.o(.text)
    __aeabi_memclr                           0x080099db   Thumb Code     4  memseta.o(.text)
    __aeabi_memclr4                          0x080099db   Thumb Code     0  memseta.o(.text)
    __aeabi_memclr8                          0x080099db   Thumb Code     0  memseta.o(.text)
    _memset$wrapper                          0x080099df   Thumb Code    18  memseta.o(.text)
    strlen                                   0x080099f1   Thumb Code    14  strlen.o(.text)
    strcmp                                   0x080099ff   Thumb Code    28  strcmp.o(.text)
    __aeabi_dadd                             0x08009a1b   Thumb Code   322  dadd.o(.text)
    __aeabi_dsub                             0x08009b5d   Thumb Code     6  dadd.o(.text)
    __aeabi_drsub                            0x08009b63   Thumb Code     6  dadd.o(.text)
    __aeabi_dmul                             0x08009b69   Thumb Code   228  dmul.o(.text)
    __aeabi_ddiv                             0x08009c4d   Thumb Code   222  ddiv.o(.text)
    __aeabi_i2d                              0x08009d2b   Thumb Code    34  dflti.o(.text)
    __aeabi_d2iz                             0x08009d4d   Thumb Code    62  dfixi.o(.text)
    __aeabi_f2d                              0x08009d8b   Thumb Code    38  f2d.o(.text)
    __aeabi_cdcmpeq                          0x08009db1   Thumb Code     0  cdcmple.o(.text)
    __aeabi_cdcmple                          0x08009db1   Thumb Code    48  cdcmple.o(.text)
    __aeabi_d2f                              0x08009de1   Thumb Code    56  d2f.o(.text)
    __aeabi_llsl                             0x08009e19   Thumb Code    30  llshl.o(.text)
    _ll_shift_l                              0x08009e19   Thumb Code     0  llshl.o(.text)
    __aeabi_llsr                             0x08009e37   Thumb Code    32  llushr.o(.text)
    _ll_ushift_r                             0x08009e37   Thumb Code     0  llushr.o(.text)
    __aeabi_lasr                             0x08009e57   Thumb Code    36  llsshr.o(.text)
    _ll_sshift_r                             0x08009e57   Thumb Code     0  llsshr.o(.text)
    __I$use$fp                               0x08009e7b   Thumb Code     0  iusefp.o(.text)
    _float_round                             0x08009e7b   Thumb Code    18  fepilogue.o(.text)
    _float_epilogue                          0x08009e8d   Thumb Code    92  fepilogue.o(.text)
    _double_round                            0x08009ee9   Thumb Code    30  depilogue.o(.text)
    _double_epilogue                         0x08009f07   Thumb Code   156  depilogue.o(.text)
    __scatterload                            0x08009fa5   Thumb Code    28  init.o(.text)
    __scatterload_rt2                        0x08009fa5   Thumb Code     0  init.o(.text)
    _dsqrt                                   0x08009fc9   Thumb Code   162  dsqrt.o(.text)
    __decompress                             0x0800a06b   Thumb Code     0  __dczerorl2.o(.text)
    __decompress1                            0x0800a06b   Thumb Code    86  __dczerorl2.o(.text)
    __ARM_fpclassify                         0x0800a0c1   Thumb Code    48  fpclassify.o(i.__ARM_fpclassify)
    __hardfp_asin                            0x0800a0f1   Thumb Code   770  asin.o(i.__hardfp_asin)
    __kernel_poly                            0x0800a451   Thumb Code   248  poly.o(i.__kernel_poly)
    __mathlib_dbl_infnan                     0x0800a549   Thumb Code    20  dunder.o(i.__mathlib_dbl_infnan)
    __mathlib_dbl_invalid                    0x0800a561   Thumb Code    24  dunder.o(i.__mathlib_dbl_invalid)
    __mathlib_dbl_underflow                  0x0800a581   Thumb Code    24  dunder.o(i.__mathlib_dbl_underflow)
    __scatterload_copy                       0x0800a5a1   Thumb Code    14  handlers.o(i.__scatterload_copy)
    __scatterload_null                       0x0800a5af   Thumb Code     2  handlers.o(i.__scatterload_null)
    __scatterload_zeroinit                   0x0800a5b1   Thumb Code    14  handlers.o(i.__scatterload_zeroinit)
    __set_errno                              0x0800a5c1   Thumb Code     6  errno.o(i.__set_errno)
    fabs                                     0x0800a5cd   Thumb Code    24  fabs.o(i.fabs)
    free                                     0x0800a5e5   Thumb Code    76  malloc.o(i.free)
    malloc                                   0x0800a635   Thumb Code    92  malloc.o(i.malloc)
    sqrt                                     0x0800a6a1   Thumb Code   110  sqrt.o(i.sqrt)
    AHBPrescTable                            0x0800a716   Data          16  system_stm32f4xx.o(.constdata)
    APBPrescTable                            0x0800a726   Data           8  system_stm32f4xx.o(.constdata)
    Region$$Table$$Base                      0x0800a780   Number         0  anon$$obj.o(Region$$Table)
    Region$$Table$$Limit                     0x0800a7a0   Number         0  anon$$obj.o(Region$$Table)
    uwTick                                   0x20000000   Data           4  stm32f4xx_hal.o(.data)
    TM_Time2                                 0x20000004   Data           4  tm_stm32_delay.o(.data)
    TM_Time                                  0x20000008   Data           4  tm_stm32_delay.o(.data)
    TM_USART1                                0x2000010c   Data          24  tm_stm32_usart.o(.data)
    TM_USART2                                0x20000124   Data          24  tm_stm32_usart.o(.data)
    TM_USART3                                0x2000013c   Data          24  tm_stm32_usart.o(.data)
    TM_UART4                                 0x20000154   Data          24  tm_stm32_usart.o(.data)
    TM_UART5                                 0x2000016c   Data          24  tm_stm32_usart.o(.data)
    TM_USART6                                0x20000184   Data          24  tm_stm32_usart.o(.data)
    SystemCoreClock                          0x2000019c   Data           4  system_stm32f4xx.o(.data)
    MyButton                                 0x200001a4   Data           4  main.o(.data)
    __microlib_freelist                      0x200001c8   Data           4  mvars.o(.data)
    __microlib_freelist_initialised          0x200001cc   Data           4  mvars.o(.data)
    USART1_Buffer                            0x20000208   Data          32  tm_stm32_usart.o(.bss)
    USART2_Buffer                            0x20000228   Data          32  tm_stm32_usart.o(.bss)
    USART3_Buffer                            0x20000248   Data          32  tm_stm32_usart.o(.bss)
    UART4_Buffer                             0x20000268   Data          32  tm_stm32_usart.o(.bss)
    UART5_Buffer                             0x20000288   Data          32  tm_stm32_usart.o(.bss)
    USART6_Buffer                            0x200002a8   Data          32  tm_stm32_usart.o(.bss)
    MPU9250                                  0x20000334   Data          72  main.o(.bss)
    accelBias                                0x2000037c   Data          12  main.o(.bss)
    gyroBias                                 0x20000388   Data          12  main.o(.bss)
    incomingBuffer                           0x20000394   Data          10  main.o(.bss)
    __heap_base                              0x200003a0   Data           0  startup_stm32f407xx.o(HEAP)
    __heap_limit                             0x200013a0   Data           0  startup_stm32f407xx.o(HEAP)
    __initial_sp                             0x200017a0   Data           0  startup_stm32f407xx.o(STACK)



==============================================================================

Memory Map of the image

  Image Entry point : 0x08000189

  Load Region LR_IROM1 (Base: 0x08000000, Size: 0x0000a974, Max: 0x00100000, ABSOLUTE, COMPRESSED[0x0000a7d4])

    Execution Region ER_IROM1 (Exec base: 0x08000000, Load base: 0x08000000, Size: 0x0000a7a0, Max: 0x00100000, ABSOLUTE)

    Exec Addr    Load Addr    Size         Type   Attr      Idx    E Section Name        Object

    0x08000000   0x08000000   0x00000188   Data   RO            3    RESET               startup_stm32f407xx.o
    0x08000188   0x08000188   0x00000000   Code   RO         2209  * .ARM.Collect$$$$00000000  mc_w.l(entry.o)
    0x08000188   0x08000188   0x00000004   Code   RO         2304    .ARM.Collect$$$$00000001  mc_w.l(entry2.o)
    0x0800018c   0x0800018c   0x00000004   Code   RO         2307    .ARM.Collect$$$$00000004  mc_w.l(entry5.o)
    0x08000190   0x08000190   0x00000000   Code   RO         2309    .ARM.Collect$$$$00000008  mc_w.l(entry7b.o)
    0x08000190   0x08000190   0x00000000   Code   RO         2311    .ARM.Collect$$$$0000000A  mc_w.l(entry8b.o)
    0x08000190   0x08000190   0x00000008   Code   RO         2312    .ARM.Collect$$$$0000000B  mc_w.l(entry9a.o)
    0x08000198   0x08000198   0x00000000   Code   RO         2314    .ARM.Collect$$$$0000000D  mc_w.l(entry10a.o)
    0x08000198   0x08000198   0x00000000   Code   RO         2316    .ARM.Collect$$$$0000000F  mc_w.l(entry11a.o)
    0x08000198   0x08000198   0x00000004   Code   RO         2305    .ARM.Collect$$$$00002712  mc_w.l(entry2.o)
    0x0800019c   0x0800019c   0x00000024   Code   RO            4    .text               startup_stm32f407xx.o
    0x080001c0   0x080001c0   0x000001c4   Code   RO           13    .text               stm32f4xx_hal.o
    0x08000384   0x08000384   0x00000384   Code   RO          359    .text               stm32f4xx_hal_cortex.o
    0x08000708   0x08000708   0x000008b8   Code   RO          561    .text               stm32f4xx_hal_dma.o
    0x08000fc0   0x08000fc0   0x000003ac   Code   RO          776    .text               stm32f4xx_hal_gpio.o
    0x0800136c   0x0800136c   0x00003764   Code   RO          860    .text               stm32f4xx_hal_i2c.o
    0x08004ad0   0x08004ad0   0x00000008   Code   RO         1076    .text               stm32f4xx_hal_msp_template.o
    0x08004ad8   0x08004ad8   0x00000990   Code   RO         1288    .text               stm32f4xx_hal_rcc.o
    0x08005468   0x08005468   0x000013ae   Code   RO         1624    .text               stm32f4xx_hal_uart.o
    0x08006816   0x08006816   0x00000002   PAD
    0x08006818   0x08006818   0x000000b4   Code   RO         1787    .text               tm_stm32_rcc.o
    0x080068cc   0x080068cc   0x00000300   Code   RO         1823    .text               tm_stm32_gpio.o
    0x08006bcc   0x08006bcc   0x00000274   Code   RO         1849    .text               tm_stm32_delay.o
    0x08006e40   0x08006e40   0x00000098   Code   RO         1886    .text               tm_stm32_disco.o
    0x08006ed8   0x08006ed8   0x000004c0   Code   RO         1915    .text               tm_stm32_exti.o
    0x08007398   0x08007398   0x000009f0   Code   RO         1945    .text               tm_stm32_mpu9250.o
    0x08007d88   0x08007d88   0x00000560   Code   RO         1979    .text               tm_stm32_i2c.o
    0x080082e8   0x080082e8   0x0000092c   Code   RO         2005    .text               tm_stm32_usart.o
    0x08008c14   0x08008c14   0x00000178   Code   RO         2042    .text               tm_stm32_button.o
    0x08008d8c   0x08008d8c   0x000003fc   Code   RO         2075    .text               tm_stm32_buffer.o
    0x08009188   0x08009188   0x00000022   Code   RO         2099    .text               stm32fxxx_it.o
    0x080091aa   0x080091aa   0x00000002   PAD
    0x080091ac   0x080091ac   0x00000120   Code   RO         2126    .text               system_stm32f4xx.o
    0x080092cc   0x080092cc   0x000006dc   Code   RO         2157    .text               main.o
    0x080099a8   0x080099a8   0x00000024   Code   RO         2212    .text               mc_w.l(memcpya.o)
    0x080099cc   0x080099cc   0x00000024   Code   RO         2214    .text               mc_w.l(memseta.o)
    0x080099f0   0x080099f0   0x0000000e   Code   RO         2216    .text               mc_w.l(strlen.o)
    0x080099fe   0x080099fe   0x0000001c   Code   RO         2218    .text               mc_w.l(strcmp.o)
    0x08009a1a   0x08009a1a   0x0000014e   Code   RO         2250    .text               mf_w.l(dadd.o)
    0x08009b68   0x08009b68   0x000000e4   Code   RO         2252    .text               mf_w.l(dmul.o)
    0x08009c4c   0x08009c4c   0x000000de   Code   RO         2254    .text               mf_w.l(ddiv.o)
    0x08009d2a   0x08009d2a   0x00000022   Code   RO         2258    .text               mf_w.l(dflti.o)
    0x08009d4c   0x08009d4c   0x0000003e   Code   RO         2260    .text               mf_w.l(dfixi.o)
    0x08009d8a   0x08009d8a   0x00000026   Code   RO         2262    .text               mf_w.l(f2d.o)
    0x08009db0   0x08009db0   0x00000030   Code   RO         2264    .text               mf_w.l(cdcmple.o)
    0x08009de0   0x08009de0   0x00000038   Code   RO         2266    .text               mf_w.l(d2f.o)
    0x08009e18   0x08009e18   0x0000001e   Code   RO         2318    .text               mc_w.l(llshl.o)
    0x08009e36   0x08009e36   0x00000020   Code   RO         2320    .text               mc_w.l(llushr.o)
    0x08009e56   0x08009e56   0x00000024   Code   RO         2322    .text               mc_w.l(llsshr.o)
    0x08009e7a   0x08009e7a   0x00000000   Code   RO         2333    .text               mc_w.l(iusefp.o)
    0x08009e7a   0x08009e7a   0x0000006e   Code   RO         2334    .text               mf_w.l(fepilogue.o)
    0x08009ee8   0x08009ee8   0x000000ba   Code   RO         2336    .text               mf_w.l(depilogue.o)
    0x08009fa2   0x08009fa2   0x00000002   PAD
    0x08009fa4   0x08009fa4   0x00000024   Code   RO         2338    .text               mc_w.l(init.o)
    0x08009fc8   0x08009fc8   0x000000a2   Code   RO         2340    .text               mf_w.l(dsqrt.o)
    0x0800a06a   0x0800a06a   0x00000056   Code   RO         2350    .text               mc_w.l(__dczerorl2.o)
    0x0800a0c0   0x0800a0c0   0x00000030   Code   RO         2288    i.__ARM_fpclassify  m_wm.l(fpclassify.o)
    0x0800a0f0   0x0800a0f0   0x00000360   Code   RO         2195    i.__hardfp_asin     m_wm.l(asin.o)
    0x0800a450   0x0800a450   0x000000f8   Code   RO         2290    i.__kernel_poly     m_wm.l(poly.o)
    0x0800a548   0x0800a548   0x00000014   Code   RO         2269    i.__mathlib_dbl_infnan  m_wm.l(dunder.o)
    0x0800a55c   0x0800a55c   0x00000004   PAD
    0x0800a560   0x0800a560   0x00000020   Code   RO         2271    i.__mathlib_dbl_invalid  m_wm.l(dunder.o)
    0x0800a580   0x0800a580   0x00000020   Code   RO         2274    i.__mathlib_dbl_underflow  m_wm.l(dunder.o)
    0x0800a5a0   0x0800a5a0   0x0000000e   Code   RO         2344    i.__scatterload_copy  mc_w.l(handlers.o)
    0x0800a5ae   0x0800a5ae   0x00000002   Code   RO         2345    i.__scatterload_null  mc_w.l(handlers.o)
    0x0800a5b0   0x0800a5b0   0x0000000e   Code   RO         2346    i.__scatterload_zeroinit  mc_w.l(handlers.o)
    0x0800a5be   0x0800a5be   0x00000002   PAD
    0x0800a5c0   0x0800a5c0   0x0000000c   Code   RO         2328    i.__set_errno       mc_w.l(errno.o)
    0x0800a5cc   0x0800a5cc   0x00000018   Code   RO         2284    i.fabs              m_wm.l(fabs.o)
    0x0800a5e4   0x0800a5e4   0x00000050   Code   RO         2222    i.free              mc_w.l(malloc.o)
    0x0800a634   0x0800a634   0x0000006c   Code   RO         2223    i.malloc            mc_w.l(malloc.o)
    0x0800a6a0   0x0800a6a0   0x0000006e   Code   RO         2294    i.sqrt              m_wm.l(sqrt.o)
    0x0800a70e   0x0800a70e   0x00000008   Data   RO          562    .constdata          stm32f4xx_hal_dma.o
    0x0800a716   0x0800a716   0x00000018   Data   RO         2127    .constdata          system_stm32f4xx.o
    0x0800a72e   0x0800a72e   0x00000002   PAD
    0x0800a730   0x0800a730   0x00000050   Data   RO         2198    .constdata          m_wm.l(asin.o)
    0x0800a780   0x0800a780   0x00000020   Data   RO         2342    Region$$Table       anon$$obj.o


    Execution Region RW_IRAM1 (Exec base: 0x20000000, Load base: 0x0800a7a0, Size: 0x000017a0, Max: 0x00020000, ABSOLUTE, COMPRESSED[0x00000034])

    Exec Addr    Load Addr    Size         Type   Attr      Idx    E Section Name        Object

    0x20000000   COMPRESSED   0x00000004   Data   RW           14    .data               stm32f4xx_hal.o
    0x20000004   COMPRESSED   0x00000008   Data   RW         1851    .data               tm_stm32_delay.o
    0x2000000c   COMPRESSED   0x00000001   Data   RW         1887    .data               tm_stm32_disco.o
    0x2000000d   COMPRESSED   0x00000003   PAD
    0x20000010   COMPRESSED   0x000000fc   Data   RW         1980    .data               tm_stm32_i2c.o
    0x2000010c   COMPRESSED   0x00000090   Data   RW         2007    .data               tm_stm32_usart.o
    0x2000019c   COMPRESSED   0x00000004   Data   RW         2128    .data               system_stm32f4xx.o
    0x200001a0   COMPRESSED   0x00000028   Data   RW         2159    .data               main.o
    0x200001c8   COMPRESSED   0x00000004   Data   RW         2324    .data               mc_w.l(mvars.o)
    0x200001cc   COMPRESSED   0x00000004   Data   RW         2325    .data               mc_w.l(mvars.o)
    0x200001d0   COMPRESSED   0x00000004   Data   RW         2329    .data               mc_w.l(errno.o)
    0x200001d4        -       0x0000001a   Zero   RW         1824    .bss                tm_stm32_gpio.o
    0x200001ee   COMPRESSED   0x00000002   PAD
    0x200001f0        -       0x00000018   Zero   RW         1850    .bss                tm_stm32_delay.o
    0x20000208        -       0x00000100   Zero   RW         2006    .bss                tm_stm32_usart.o
    0x20000308        -       0x0000002c   Zero   RW         2043    .bss                tm_stm32_button.o
    0x20000334        -       0x0000006a   Zero   RW         2158    .bss                main.o
    0x2000039e   COMPRESSED   0x00000002   PAD
    0x200003a0        -       0x00001000   Zero   RW            2    HEAP                startup_stm32f407xx.o
    0x200013a0        -       0x00000400   Zero   RW            1    STACK               startup_stm32f407xx.o


==============================================================================

Image component sizes


      Code (inc. data)   RO Data    RW Data    ZI Data      Debug   Object Name

      1756        174          0         40        106       9954   main.o
        36          8        392          0       5120       1020   startup_stm32f407xx.o
       452         34          0          4          0     667390   stm32f4xx_hal.o
       900         22          0          0          0      32238   stm32f4xx_hal_cortex.o
      2232         30          8          0          0       7289   stm32f4xx_hal_dma.o
       940         46          0          0          0       3771   stm32f4xx_hal_gpio.o
     14180        166          0          0          0      33418   stm32f4xx_hal_i2c.o
         8          0          0          0          0        882   stm32f4xx_hal_msp_template.o
      2448         66          0          0          0       5371   stm32f4xx_hal_rcc.o
      5038         50          0          0          0      16296   stm32f4xx_hal_uart.o
        34          0          0          0          0       1524   stm32fxxx_it.o
       288         32         24          4          0       1705   system_stm32f4xx.o
      1020          0          0          0          0       6639   tm_stm32_buffer.o
       376         10          0          0         44       3733   tm_stm32_button.o
       628         20          0          8         24       7112   tm_stm32_delay.o
       152         14          0          1          0       1830   tm_stm32_disco.o
      1216         20          0          0          0       4555   tm_stm32_exti.o
       768         10          0          0         26       5820   tm_stm32_gpio.o
      1376         48          0        252          0       8605   tm_stm32_i2c.o
      2544         58          0          0          0      13751   tm_stm32_mpu9250.o
       180          8          0          0          0       3740   tm_stm32_rcc.o
      2348        134          0        144        256      16524   tm_stm32_usart.o

    ----------------------------------------------------------------------
     38924        950        458        456       5580     853167   Object Totals
         0          0         32          0          0          0   (incl. Generated)
         4          0          2          3          4          0   (incl. Padding)

    ----------------------------------------------------------------------

      Code (inc. data)   RO Data    RW Data    ZI Data      Debug   Library Member Name

       864         94         80          0          0        280   asin.o
        84         16          0          0          0        372   dunder.o
        24          0          0          0          0        124   fabs.o
        48          0          0          0          0        124   fpclassify.o
       248          0          0          0          0        152   poly.o
       110          0          0          0          0        148   sqrt.o
        86          0          0          0          0          0   __dczerorl2.o
         0          0          0          0          0          0   entry.o
         0          0          0          0          0          0   entry10a.o
         0          0          0          0          0          0   entry11a.o
         8          4          0          0          0          0   entry2.o
         4          0          0          0          0          0   entry5.o
         0          0          0          0          0          0   entry7b.o
         0          0          0          0          0          0   entry8b.o
         8          4          0          0          0          0   entry9a.o
        12          6          0          4          0         68   errno.o
        30          0          0          0          0          0   handlers.o
        36          8          0          0          0         68   init.o
         0          0          0          0          0          0   iusefp.o
        30          0          0          0          0         68   llshl.o
        36          0          0          0          0         68   llsshr.o
        32          0          0          0          0         68   llushr.o
       188         20          0          0          0        160   malloc.o
        36          0          0          0          0         68   memcpya.o
        36          0          0          0          0        108   memseta.o
         0          0          0          8          0          0   mvars.o
        28          0          0          0          0         76   strcmp.o
        14          0          0          0          0         68   strlen.o
        48          0          0          0          0         68   cdcmple.o
        56          0          0          0          0         88   d2f.o
       334          0          0          0          0        148   dadd.o
       222          0          0          0          0        100   ddiv.o
       186          0          0          0          0        176   depilogue.o
        62          0          0          0          0         80   dfixi.o
        34          0          0          0          0         76   dflti.o
       228          0          0          0          0         96   dmul.o
       162          0          0          0          0        100   dsqrt.o
        38          0          0          0          0         68   f2d.o
       110          0          0          0          0        168   fepilogue.o

    ----------------------------------------------------------------------
      3450        152         80         12          0       3188   Library Totals
         8          0          0          0          0          0   (incl. Padding)

    ----------------------------------------------------------------------

      Code (inc. data)   RO Data    RW Data    ZI Data      Debug   Library Name

      1378        110         80          0          0       1200   m_wm.l
       584         42          0         12          0        820   mc_w.l
      1480          0          0          0          0       1168   mf_w.l

    ----------------------------------------------------------------------
      3450        152         80         12          0       3188   Library Totals

    ----------------------------------------------------------------------

==============================================================================


      Code (inc. data)   RO Data    RW Data    ZI Data      Debug   

     42374       1102        538        468       5580     849551   Grand Totals
     42374       1102        538         52       5580     849551   ELF Image Totals (compressed)
     42374       1102        538         52          0          0   ROM Totals

==============================================================================

    Total RO  Size (Code + RO Data)                42912 (  41.91kB)
    Total RW  Size (RW Data + ZI Data)              6048 (   5.91kB)
    Total ROM Size (Code + RO Data + RW Data)      42964 (  41.96kB)

==============================================================================

