Component: ARM Compiler 5.06 update 6 (build 750) Tool: armlink [4d35ed]

==============================================================================

Section Cross References

    startup_stm32f407xx.o(RESET) refers to startup_stm32f407xx.o(STACK) for __initial_sp
    startup_stm32f407xx.o(RESET) refers to startup_stm32f407xx.o(.text) for Reset_Handler
    startup_stm32f407xx.o(RESET) refers to stm32fxxx_it.o(.text) for NMI_Handler
    startup_stm32f407xx.o(RESET) refers to tm_stm32_exti.o(.text) for EXTI0_IRQHandler
    startup_stm32f407xx.o(.text) refers to system_stm32f4xx.o(.text) for SystemInit
    startup_stm32f407xx.o(.text) refers to entry.o(.ARM.Collect$$$$00000000) for __main
    stm32f4xx_hal.o(.text) refers to stm32f4xx_hal_cortex.o(.text) for HAL_SYSTICK_Config
    stm32f4xx_hal.o(.text) refers to tm_stm32_delay.o(.text) for HAL_GetTick
    stm32f4xx_hal.o(.text) refers to system_stm32f4xx.o(.data) for SystemCoreClock
    stm32f4xx_hal.o(.text) refers to stm32f4xx_hal.o(.data) for uwTick
    stm32f4xx_hal_dma.o(.text) refers to tm_stm32_delay.o(.text) for HAL_GetTick
    stm32f4xx_hal_dma.o(.text) refers to stm32f4xx_hal_dma.o(.constdata) for flagBitshiftOffset
    stm32f4xx_hal_dma.o(.text) refers to system_stm32f4xx.o(.data) for SystemCoreClock
    stm32f4xx_hal_pwr_ex.o(.text) refers to tm_stm32_delay.o(.text) for HAL_GetTick
    stm32f4xx_hal_rcc.o(.text) refers to tm_stm32_delay.o(.text) for HAL_GetTick
    stm32f4xx_hal_rcc.o(.text) refers to stm32f4xx_hal.o(.text) for HAL_InitTick
    stm32f4xx_hal_rcc.o(.text) refers to stm32f4xx_hal_gpio.o(.text) for HAL_GPIO_Init
    stm32f4xx_hal_rcc.o(.text) refers to system_stm32f4xx.o(.constdata) for AHBPrescTable
    stm32f4xx_hal_rcc.o(.text) refers to system_stm32f4xx.o(.data) for SystemCoreClock
    stm32f4xx_hal_rcc_ex.o(.text) refers to tm_stm32_delay.o(.text) for HAL_GetTick
    stm32f4xx_hal_rcc_ex.o(.text) refers to system_stm32f4xx.o(.data) for SystemCoreClock
    stm32f4xx_hal_uart.o(.text) refers to stm32f4xx_hal_rcc.o(.text) for HAL_RCC_GetPCLK2Freq
    stm32f4xx_hal_uart.o(.text) refers to tm_stm32_delay.o(.text) for HAL_GetTick
    stm32f4xx_hal_uart.o(.text) refers to stm32f4xx_hal_dma.o(.text) for HAL_DMA_Start_IT
    stm32f4xx_hal_usart.o(.text) refers to stm32f4xx_hal_rcc.o(.text) for HAL_RCC_GetPCLK2Freq
    stm32f4xx_hal_usart.o(.text) refers to tm_stm32_delay.o(.text) for HAL_GetTick
    stm32f4xx_hal_usart.o(.text) refers to stm32f4xx_hal_dma.o(.text) for HAL_DMA_Start_IT
    tm_stm32_rcc.o(.text) refers to stm32f4xx_hal_rcc.o(.text) for HAL_RCC_OscConfig
    tm_stm32_gpio.o(.text) refers to tm_stm32_gpio.o(.bss) for GPIO_UsedPins
    tm_stm32_delay.o(.text) refers to malloc.o(i.malloc) for malloc
    tm_stm32_delay.o(.text) refers to malloc.o(i.free) for free
    tm_stm32_delay.o(.text) refers to tm_stm32_delay.o(.bss) for CustomTimers
    tm_stm32_delay.o(.text) refers to tm_stm32_delay.o(.data) for TM_Time
    tm_stm32_disco.o(.text) refers to tm_stm32_gpio.o(.text) for TM_GPIO_Init
    tm_stm32_disco.o(.text) refers to tm_stm32_disco.o(.data) for TM_INT_DISCO_ButtonPressed
    tm_stm32_exti.o(.text) refers to tm_stm32_gpio.o(.text) for TM_GPIO_Init
    tm_stm32_exti.o(.text) refers to stm32f4xx_hal_cortex.o(.text) for HAL_NVIC_SetPriority
    main.o(.text) refers to tm_stm32_rcc.o(.text) for TM_RCC_InitSystem
    main.o(.text) refers to stm32f4xx_hal.o(.text) for HAL_Init
    main.o(.text) refers to tm_stm32_disco.o(.text) for TM_DISCO_LedInit
    stm32fxxx_it.o(.text) refers to tm_stm32_delay.o(.text) for HAL_IncTick
    system_stm32f4xx.o(.text) refers to system_stm32f4xx.o(.data) for SystemCoreClock
    system_stm32f4xx.o(.text) refers to system_stm32f4xx.o(.constdata) for AHBPrescTable
    entry.o(.ARM.Collect$$$$00000000) refers (Special) to entry10a.o(.ARM.Collect$$$$0000000D) for __rt_final_cpp
    entry.o(.ARM.Collect$$$$00000000) refers (Special) to entry11a.o(.ARM.Collect$$$$0000000F) for __rt_final_exit
    entry.o(.ARM.Collect$$$$00000000) refers (Special) to entry7b.o(.ARM.Collect$$$$00000008) for _main_clock
    entry.o(.ARM.Collect$$$$00000000) refers (Special) to entry8b.o(.ARM.Collect$$$$0000000A) for _main_cpp_init
    entry.o(.ARM.Collect$$$$00000000) refers (Special) to entry9a.o(.ARM.Collect$$$$0000000B) for _main_init
    entry.o(.ARM.Collect$$$$00000000) refers (Special) to entry5.o(.ARM.Collect$$$$00000004) for _main_scatterload
    entry.o(.ARM.Collect$$$$00000000) refers (Special) to entry2.o(.ARM.Collect$$$$00000001) for _main_stk
    malloc.o(i.free) refers to mvars.o(.data) for __microlib_freelist
    malloc.o(i.malloc) refers to mvars.o(.data) for __microlib_freelist_initialised
    malloc.o(i.malloc) refers to mvars.o(.data) for __microlib_freelist
    malloc.o(i.malloc) refers to startup_stm32f407xx.o(HEAP) for __heap_base
    mallocr.o(i.__free$realloc) refers to mvars.o(.data) for __microlib_freelist
    mallocr.o(i.__malloc$realloc) refers to mallocr.o(i.internal_alloc) for internal_alloc
    mallocr.o(i.__malloc$realloc) refers to mvars.o(.data) for __microlib_freelist_initialised
    mallocr.o(i.__malloc$realloc) refers to startup_stm32f407xx.o(HEAP) for __heap_base
    mallocr.o(i.__malloc$realloc) refers to mvars.o(.data) for __microlib_freelist
    mallocr.o(i.internal_alloc) refers to memcpya.o(.text) for __aeabi_memcpy
    mallocr.o(i.internal_alloc) refers to mvars.o(.data) for __microlib_freelist
    mallocr.o(i.realloc) refers to mallocr.o(i.__free$realloc) for __free$realloc
    mallocr.o(i.realloc) refers to mallocr.o(i.internal_alloc) for internal_alloc
    mallocr.o(i.realloc) refers to mallocr.o(i.__malloc$realloc) for __malloc$realloc
    mallocr.o(i.realloc) refers to mvars.o(.data) for __microlib_freelist
    malloca.o(i.__aligned_malloc) refers to mvars.o(.data) for __microlib_freelist_initialised
    malloca.o(i.__aligned_malloc) refers to mvars.o(.data) for __microlib_freelist
    malloca.o(i.__aligned_malloc) refers to startup_stm32f407xx.o(HEAP) for __heap_base
    malloca.o(i.__free$memalign) refers to mvars.o(.data) for __microlib_freelist
    malloca.o(i.__malloc$memalign) refers to malloca.o(i.__aligned_malloc) for __aligned_malloc
    mallocra.o(i.__aligned_malloc$realloc) refers to mallocra.o(i.internal_alloc) for internal_alloc
    mallocra.o(i.__aligned_malloc$realloc) refers to mvars.o(.data) for __microlib_freelist_initialised
    mallocra.o(i.__aligned_malloc$realloc) refers to startup_stm32f407xx.o(HEAP) for __heap_base
    mallocra.o(i.__aligned_malloc$realloc) refers to mvars.o(.data) for __microlib_freelist
    mallocra.o(i.__free$realloc$memalign) refers to mvars.o(.data) for __microlib_freelist
    mallocra.o(i.__malloc$realloc$memalign) refers to mallocra.o(i.__aligned_malloc$realloc) for __aligned_malloc$realloc
    mallocra.o(i.__realloc$memalign) refers to mallocra.o(i.__free$realloc$memalign) for __free$realloc$memalign
    mallocra.o(i.__realloc$memalign) refers to mallocra.o(i.internal_alloc) for internal_alloc
    mallocra.o(i.__realloc$memalign) refers to mallocra.o(i.__malloc$realloc$memalign) for __malloc$realloc$memalign
    mallocra.o(i.__realloc$memalign) refers to mvars.o(.data) for __microlib_freelist
    mallocra.o(i.internal_alloc) refers to memcpya.o(.text) for __aeabi_memcpy
    mallocra.o(i.internal_alloc) refers to mvars.o(.data) for __microlib_freelist
    entry2.o(.ARM.Collect$$$$00000001) refers to entry2.o(.ARM.Collect$$$$00002712) for __lit__00000000
    entry2.o(.ARM.Collect$$$$00002712) refers to startup_stm32f407xx.o(STACK) for __initial_sp
    entry2.o(__vectab_stack_and_reset_area) refers to startup_stm32f407xx.o(STACK) for __initial_sp
    entry2.o(__vectab_stack_and_reset_area) refers to entry.o(.ARM.Collect$$$$00000000) for __main
    entry5.o(.ARM.Collect$$$$00000004) refers to init.o(.text) for __scatterload
    entry9a.o(.ARM.Collect$$$$0000000B) refers to main.o(.text) for main
    entry9b.o(.ARM.Collect$$$$0000000C) refers to main.o(.text) for main
    init.o(.text) refers to entry5.o(.ARM.Collect$$$$00000004) for __main_after_scatterload


==============================================================================

Removing Unused input sections from the image.

    Removing stm32f4xx_hal.o(.rev16_text), (4 bytes).
    Removing stm32f4xx_hal.o(.revsh_text), (4 bytes).
    Removing stm32f4xx_hal.o(.rrx_text), (6 bytes).
    Removing stm32f4xx_hal_cortex.o(.rev16_text), (4 bytes).
    Removing stm32f4xx_hal_cortex.o(.revsh_text), (4 bytes).
    Removing stm32f4xx_hal_cortex.o(.rrx_text), (6 bytes).
    Removing stm32f4xx_hal_dma.o(.rev16_text), (4 bytes).
    Removing stm32f4xx_hal_dma.o(.revsh_text), (4 bytes).
    Removing stm32f4xx_hal_dma.o(.rrx_text), (6 bytes).
    Removing stm32f4xx_hal_dma.o(.text), (2232 bytes).
    Removing stm32f4xx_hal_dma.o(.constdata), (8 bytes).
    Removing stm32f4xx_hal_dma_ex.o(.rev16_text), (4 bytes).
    Removing stm32f4xx_hal_dma_ex.o(.revsh_text), (4 bytes).
    Removing stm32f4xx_hal_dma_ex.o(.rrx_text), (6 bytes).
    Removing stm32f4xx_hal_dma_ex.o(.text), (4240 bytes).
    Removing stm32f4xx_hal_gpio.o(.rev16_text), (4 bytes).
    Removing stm32f4xx_hal_gpio.o(.revsh_text), (4 bytes).
    Removing stm32f4xx_hal_gpio.o(.rrx_text), (6 bytes).
    Removing stm32f4xx_hal_pwr.o(.rev16_text), (4 bytes).
    Removing stm32f4xx_hal_pwr.o(.revsh_text), (4 bytes).
    Removing stm32f4xx_hal_pwr.o(.rrx_text), (6 bytes).
    Removing stm32f4xx_hal_pwr.o(.text), (524 bytes).
    Removing stm32f4xx_hal_pwr_ex.o(.rev16_text), (4 bytes).
    Removing stm32f4xx_hal_pwr_ex.o(.revsh_text), (4 bytes).
    Removing stm32f4xx_hal_pwr_ex.o(.rrx_text), (6 bytes).
    Removing stm32f4xx_hal_pwr_ex.o(.text), (312 bytes).
    Removing stm32f4xx_hal_rcc.o(.rev16_text), (4 bytes).
    Removing stm32f4xx_hal_rcc.o(.revsh_text), (4 bytes).
    Removing stm32f4xx_hal_rcc.o(.rrx_text), (6 bytes).
    Removing stm32f4xx_hal_rcc_ex.o(.rev16_text), (4 bytes).
    Removing stm32f4xx_hal_rcc_ex.o(.revsh_text), (4 bytes).
    Removing stm32f4xx_hal_rcc_ex.o(.rrx_text), (6 bytes).
    Removing stm32f4xx_hal_rcc_ex.o(.text), (768 bytes).
    Removing stm32f4xx_hal_uart.o(.rev16_text), (4 bytes).
    Removing stm32f4xx_hal_uart.o(.revsh_text), (4 bytes).
    Removing stm32f4xx_hal_uart.o(.rrx_text), (6 bytes).
    Removing stm32f4xx_hal_uart.o(.text), (5038 bytes).
    Removing stm32f4xx_hal_usart.o(.rev16_text), (4 bytes).
    Removing stm32f4xx_hal_usart.o(.revsh_text), (4 bytes).
    Removing stm32f4xx_hal_usart.o(.rrx_text), (6 bytes).
    Removing stm32f4xx_hal_usart.o(.text), (4444 bytes).
    Removing tm_stm32_rcc.o(.rev16_text), (4 bytes).
    Removing tm_stm32_rcc.o(.revsh_text), (4 bytes).
    Removing tm_stm32_rcc.o(.rrx_text), (6 bytes).
    Removing tm_stm32_gpio.o(.rev16_text), (4 bytes).
    Removing tm_stm32_gpio.o(.revsh_text), (4 bytes).
    Removing tm_stm32_gpio.o(.rrx_text), (6 bytes).
    Removing tm_stm32_delay.o(.rev16_text), (4 bytes).
    Removing tm_stm32_delay.o(.revsh_text), (4 bytes).
    Removing tm_stm32_delay.o(.rrx_text), (6 bytes).
    Removing tm_stm32_disco.o(.rev16_text), (4 bytes).
    Removing tm_stm32_disco.o(.revsh_text), (4 bytes).
    Removing tm_stm32_disco.o(.rrx_text), (6 bytes).
    Removing tm_stm32_exti.o(.rev16_text), (4 bytes).
    Removing tm_stm32_exti.o(.revsh_text), (4 bytes).
    Removing tm_stm32_exti.o(.rrx_text), (6 bytes).
    Removing main.o(.rev16_text), (4 bytes).
    Removing main.o(.revsh_text), (4 bytes).
    Removing main.o(.rrx_text), (6 bytes).
    Removing stm32fxxx_it.o(.rev16_text), (4 bytes).
    Removing stm32fxxx_it.o(.revsh_text), (4 bytes).
    Removing stm32fxxx_it.o(.rrx_text), (6 bytes).
    Removing system_stm32f4xx.o(.rev16_text), (4 bytes).
    Removing system_stm32f4xx.o(.revsh_text), (4 bytes).
    Removing system_stm32f4xx.o(.rrx_text), (6 bytes).

65 unused section(s) (total 17832 bytes) removed from the image.

==============================================================================

Image Symbol Table

    Local Symbols

    Symbol Name                              Value     Ov Type        Size  Object(Section)

    ../clib/microlib/init/entry.s            0x00000000   Number         0  entry5.o ABSOLUTE
    ../clib/microlib/init/entry.s            0x00000000   Number         0  entry8a.o ABSOLUTE
    ../clib/microlib/init/entry.s            0x00000000   Number         0  entry7b.o ABSOLUTE
    ../clib/microlib/init/entry.s            0x00000000   Number         0  entry10b.o ABSOLUTE
    ../clib/microlib/init/entry.s            0x00000000   Number         0  entry7a.o ABSOLUTE
    ../clib/microlib/init/entry.s            0x00000000   Number         0  entry11a.o ABSOLUTE
    ../clib/microlib/init/entry.s            0x00000000   Number         0  entry11b.o ABSOLUTE
    ../clib/microlib/init/entry.s            0x00000000   Number         0  entry10a.o ABSOLUTE
    ../clib/microlib/init/entry.s            0x00000000   Number         0  entry9b.o ABSOLUTE
    ../clib/microlib/init/entry.s            0x00000000   Number         0  entry.o ABSOLUTE
    ../clib/microlib/init/entry.s            0x00000000   Number         0  entry8b.o ABSOLUTE
    ../clib/microlib/init/entry.s            0x00000000   Number         0  entry9a.o ABSOLUTE
    ../clib/microlib/init/entry.s            0x00000000   Number         0  entry2.o ABSOLUTE
    ../clib/microlib/malloc/malloc.c         0x00000000   Number         0  mallocra.o ABSOLUTE
    ../clib/microlib/malloc/malloc.c         0x00000000   Number         0  malloca.o ABSOLUTE
    ../clib/microlib/malloc/malloc.c         0x00000000   Number         0  malloc.o ABSOLUTE
    ../clib/microlib/malloc/malloc.c         0x00000000   Number         0  mallocr.o ABSOLUTE
    ../clib/microlib/malloc/mvars.c          0x00000000   Number         0  mvars.o ABSOLUTE
    ../clib/microlib/string/memcpy.c         0x00000000   Number         0  memcpya.o ABSOLUTE
    ../clib/microlib/string/memcpy.c         0x00000000   Number         0  memcpyb.o ABSOLUTE
    ..\00-HAL_DRIVERS\CMSIS\Device\ST\STM32F4xx\Source\Templates\arm\startup_stm32f407xx.s 0x00000000   Number         0  startup_stm32f407xx.o ABSOLUTE
    ..\00-HAL_DRIVERS\STM32F4xx_HAL_Driver\Src\stm32f4xx_hal.c 0x00000000   Number         0  stm32f4xx_hal.o ABSOLUTE
    ..\00-HAL_DRIVERS\STM32F4xx_HAL_Driver\Src\stm32f4xx_hal_cortex.c 0x00000000   Number         0  stm32f4xx_hal_cortex.o ABSOLUTE
    ..\00-HAL_DRIVERS\STM32F4xx_HAL_Driver\Src\stm32f4xx_hal_dma.c 0x00000000   Number         0  stm32f4xx_hal_dma.o ABSOLUTE
    ..\00-HAL_DRIVERS\STM32F4xx_HAL_Driver\Src\stm32f4xx_hal_dma_ex.c 0x00000000   Number         0  stm32f4xx_hal_dma_ex.o ABSOLUTE
    ..\00-HAL_DRIVERS\STM32F4xx_HAL_Driver\Src\stm32f4xx_hal_gpio.c 0x00000000   Number         0  stm32f4xx_hal_gpio.o ABSOLUTE
    ..\00-HAL_DRIVERS\STM32F4xx_HAL_Driver\Src\stm32f4xx_hal_pwr.c 0x00000000   Number         0  stm32f4xx_hal_pwr.o ABSOLUTE
    ..\00-HAL_DRIVERS\STM32F4xx_HAL_Driver\Src\stm32f4xx_hal_pwr_ex.c 0x00000000   Number         0  stm32f4xx_hal_pwr_ex.o ABSOLUTE
    ..\00-HAL_DRIVERS\STM32F4xx_HAL_Driver\Src\stm32f4xx_hal_rcc.c 0x00000000   Number         0  stm32f4xx_hal_rcc.o ABSOLUTE
    ..\00-HAL_DRIVERS\STM32F4xx_HAL_Driver\Src\stm32f4xx_hal_rcc_ex.c 0x00000000   Number         0  stm32f4xx_hal_rcc_ex.o ABSOLUTE
    ..\00-HAL_DRIVERS\STM32F4xx_HAL_Driver\Src\stm32f4xx_hal_uart.c 0x00000000   Number         0  stm32f4xx_hal_uart.o ABSOLUTE
    ..\00-HAL_DRIVERS\STM32F4xx_HAL_Driver\Src\stm32f4xx_hal_usart.c 0x00000000   Number         0  stm32f4xx_hal_usart.o ABSOLUTE
    ..\00-STM32_LIBRARIES\tm_stm32_delay.c   0x00000000   Number         0  tm_stm32_delay.o ABSOLUTE
    ..\00-STM32_LIBRARIES\tm_stm32_disco.c   0x00000000   Number         0  tm_stm32_disco.o ABSOLUTE
    ..\00-STM32_LIBRARIES\tm_stm32_exti.c    0x00000000   Number         0  tm_stm32_exti.o ABSOLUTE
    ..\00-STM32_LIBRARIES\tm_stm32_gpio.c    0x00000000   Number         0  tm_stm32_gpio.o ABSOLUTE
    ..\00-STM32_LIBRARIES\tm_stm32_rcc.c     0x00000000   Number         0  tm_stm32_rcc.o ABSOLUTE
    ..\\00-HAL_DRIVERS\\STM32F4xx_HAL_Driver\\Src\\stm32f4xx_hal.c 0x00000000   Number         0  stm32f4xx_hal.o ABSOLUTE
    ..\\00-HAL_DRIVERS\\STM32F4xx_HAL_Driver\\Src\\stm32f4xx_hal_cortex.c 0x00000000   Number         0  stm32f4xx_hal_cortex.o ABSOLUTE
    ..\\00-HAL_DRIVERS\\STM32F4xx_HAL_Driver\\Src\\stm32f4xx_hal_dma.c 0x00000000   Number         0  stm32f4xx_hal_dma.o ABSOLUTE
    ..\\00-HAL_DRIVERS\\STM32F4xx_HAL_Driver\\Src\\stm32f4xx_hal_dma_ex.c 0x00000000   Number         0  stm32f4xx_hal_dma_ex.o ABSOLUTE
    ..\\00-HAL_DRIVERS\\STM32F4xx_HAL_Driver\\Src\\stm32f4xx_hal_gpio.c 0x00000000   Number         0  stm32f4xx_hal_gpio.o ABSOLUTE
    ..\\00-HAL_DRIVERS\\STM32F4xx_HAL_Driver\\Src\\stm32f4xx_hal_pwr.c 0x00000000   Number         0  stm32f4xx_hal_pwr.o ABSOLUTE
    ..\\00-HAL_DRIVERS\\STM32F4xx_HAL_Driver\\Src\\stm32f4xx_hal_pwr_ex.c 0x00000000   Number         0  stm32f4xx_hal_pwr_ex.o ABSOLUTE
    ..\\00-HAL_DRIVERS\\STM32F4xx_HAL_Driver\\Src\\stm32f4xx_hal_rcc.c 0x00000000   Number         0  stm32f4xx_hal_rcc.o ABSOLUTE
    ..\\00-HAL_DRIVERS\\STM32F4xx_HAL_Driver\\Src\\stm32f4xx_hal_rcc_ex.c 0x00000000   Number         0  stm32f4xx_hal_rcc_ex.o ABSOLUTE
    ..\\00-HAL_DRIVERS\\STM32F4xx_HAL_Driver\\Src\\stm32f4xx_hal_uart.c 0x00000000   Number         0  stm32f4xx_hal_uart.o ABSOLUTE
    ..\\00-HAL_DRIVERS\\STM32F4xx_HAL_Driver\\Src\\stm32f4xx_hal_usart.c 0x00000000   Number         0  stm32f4xx_hal_usart.o ABSOLUTE
    ..\\00-STM32_LIBRARIES\\tm_stm32_delay.c 0x00000000   Number         0  tm_stm32_delay.o ABSOLUTE
    ..\\00-STM32_LIBRARIES\\tm_stm32_disco.c 0x00000000   Number         0  tm_stm32_disco.o ABSOLUTE
    ..\\00-STM32_LIBRARIES\\tm_stm32_exti.c  0x00000000   Number         0  tm_stm32_exti.o ABSOLUTE
    ..\\00-STM32_LIBRARIES\\tm_stm32_gpio.c  0x00000000   Number         0  tm_stm32_gpio.o ABSOLUTE
    ..\\00-STM32_LIBRARIES\\tm_stm32_rcc.c   0x00000000   Number         0  tm_stm32_rcc.o ABSOLUTE
    User\\main.c                             0x00000000   Number         0  main.o ABSOLUTE
    User\\stm32fxxx_it.c                     0x00000000   Number         0  stm32fxxx_it.o ABSOLUTE
    User\\system_stm32f4xx.c                 0x00000000   Number         0  system_stm32f4xx.o ABSOLUTE
    User\main.c                              0x00000000   Number         0  main.o ABSOLUTE
    User\stm32fxxx_it.c                      0x00000000   Number         0  stm32fxxx_it.o ABSOLUTE
    User\system_stm32f4xx.c                  0x00000000   Number         0  system_stm32f4xx.o ABSOLUTE
    dc.s                                     0x00000000   Number         0  dc.o ABSOLUTE
    handlers.s                               0x00000000   Number         0  handlers.o ABSOLUTE
    init.s                                   0x00000000   Number         0  init.o ABSOLUTE
    RESET                                    0x08000000   Section      392  startup_stm32f407xx.o(RESET)
    .ARM.Collect$$$$00000000                 0x08000188   Section        0  entry.o(.ARM.Collect$$$$00000000)
    .ARM.Collect$$$$00000001                 0x08000188   Section        4  entry2.o(.ARM.Collect$$$$00000001)
    .ARM.Collect$$$$00000004                 0x0800018c   Section        4  entry5.o(.ARM.Collect$$$$00000004)
    .ARM.Collect$$$$00000008                 0x08000190   Section        0  entry7b.o(.ARM.Collect$$$$00000008)
    .ARM.Collect$$$$0000000A                 0x08000190   Section        0  entry8b.o(.ARM.Collect$$$$0000000A)
    .ARM.Collect$$$$0000000B                 0x08000190   Section        8  entry9a.o(.ARM.Collect$$$$0000000B)
    .ARM.Collect$$$$0000000D                 0x08000198   Section        0  entry10a.o(.ARM.Collect$$$$0000000D)
    .ARM.Collect$$$$0000000F                 0x08000198   Section        0  entry11a.o(.ARM.Collect$$$$0000000F)
    .ARM.Collect$$$$00002712                 0x08000198   Section        4  entry2.o(.ARM.Collect$$$$00002712)
    __lit__00000000                          0x08000198   Data           4  entry2.o(.ARM.Collect$$$$00002712)
    .text                                    0x0800019c   Section       36  startup_stm32f407xx.o(.text)
    $v0                                      0x0800019c   Number         0  startup_stm32f407xx.o(.text)
    .text                                    0x080001c0   Section        0  stm32f4xx_hal.o(.text)
    .text                                    0x08000384   Section        0  stm32f4xx_hal_cortex.o(.text)
    NVIC_SetPriority                         0x08000385   Thumb Code    32  stm32f4xx_hal_cortex.o(.text)
    NVIC_GetPriorityGrouping                 0x080006e7   Thumb Code    12  stm32f4xx_hal_cortex.o(.text)
    .text                                    0x08000708   Section        0  stm32f4xx_hal_gpio.o(.text)
    .text                                    0x08000ab4   Section        0  stm32f4xx_hal_rcc.o(.text)
    .text                                    0x08001444   Section        0  tm_stm32_rcc.o(.text)
    .text                                    0x080014f8   Section        0  tm_stm32_gpio.o(.text)
    .text                                    0x080017f8   Section        0  tm_stm32_delay.o(.text)
    .text                                    0x08001a6c   Section        0  tm_stm32_disco.o(.text)
    .text                                    0x08001b04   Section        0  tm_stm32_exti.o(.text)
    .text                                    0x08001f28   Section        0  main.o(.text)
    .text                                    0x08001f64   Section        0  stm32fxxx_it.o(.text)
    .text                                    0x08001f88   Section        0  system_stm32f4xx.o(.text)
    .text                                    0x080020a8   Section       36  init.o(.text)
    i.__scatterload_copy                     0x080020cc   Section       14  handlers.o(i.__scatterload_copy)
    i.__scatterload_null                     0x080020da   Section        2  handlers.o(i.__scatterload_null)
    i.__scatterload_zeroinit                 0x080020dc   Section       14  handlers.o(i.__scatterload_zeroinit)
    i.free                                   0x080020ec   Section        0  malloc.o(i.free)
    i.malloc                                 0x0800213c   Section        0  malloc.o(i.malloc)
    .constdata                               0x080021a8   Section       24  system_stm32f4xx.o(.constdata)
    .data                                    0x20000000   Section        4  stm32f4xx_hal.o(.data)
    .data                                    0x20000004   Section        8  tm_stm32_delay.o(.data)
    .data                                    0x2000000c   Section        1  tm_stm32_disco.o(.data)
    TM_INT_DISCO_ButtonPressed               0x2000000c   Data           1  tm_stm32_disco.o(.data)
    .data                                    0x20000010   Section        4  system_stm32f4xx.o(.data)
    .data                                    0x20000014   Section        4  mvars.o(.data)
    .data                                    0x20000018   Section        4  mvars.o(.data)
    .bss                                     0x2000001c   Section       26  tm_stm32_gpio.o(.bss)
    GPIO_UsedPins                            0x2000001c   Data          26  tm_stm32_gpio.o(.bss)
    .bss                                     0x20000038   Section       24  tm_stm32_delay.o(.bss)
    CustomTimers                             0x20000038   Data          24  tm_stm32_delay.o(.bss)
    HEAP                                     0x20000050   Section     4096  startup_stm32f407xx.o(HEAP)
    STACK                                    0x20001050   Section     1024  startup_stm32f407xx.o(STACK)

    Global Symbols

    Symbol Name                              Value     Ov Type        Size  Object(Section)

    BuildAttributes$$THM_ISAv4$E$P$D$K$B$S$7EM$VFPi3$EXTD16$VFPS$VFMA$PE$A:L22UL41UL21$X:L11$S22US41US21$IEEE1$IW$USESV6$~STKCKD$USESV7$~SHL$OSPACE$EBA8$MICROLIB$REQ8$PRES8$EABIv2 0x00000000   Number         0  anon$$obj.o ABSOLUTE
    __ARM_use_no_argv                        0x00000000   Number         0  main.o ABSOLUTE
    __cpp_initialize__aeabi_                  - Undefined Weak Reference
    __cxa_finalize                            - Undefined Weak Reference
    __decompress                              - Undefined Weak Reference
    _clock_init                               - Undefined Weak Reference
    _microlib_exit                            - Undefined Weak Reference
    __Vectors_Size                           0x00000188   Number         0  startup_stm32f407xx.o ABSOLUTE
    __Vectors                                0x08000000   Data           4  startup_stm32f407xx.o(RESET)
    __Vectors_End                            0x08000188   Data           0  startup_stm32f407xx.o(RESET)
    __main                                   0x08000189   Thumb Code     0  entry.o(.ARM.Collect$$$$00000000)
    _main_stk                                0x08000189   Thumb Code     0  entry2.o(.ARM.Collect$$$$00000001)
    _main_scatterload                        0x0800018d   Thumb Code     0  entry5.o(.ARM.Collect$$$$00000004)
    __main_after_scatterload                 0x08000191   Thumb Code     0  entry5.o(.ARM.Collect$$$$00000004)
    _main_clock                              0x08000191   Thumb Code     0  entry7b.o(.ARM.Collect$$$$00000008)
    _main_cpp_init                           0x08000191   Thumb Code     0  entry8b.o(.ARM.Collect$$$$0000000A)
    _main_init                               0x08000191   Thumb Code     0  entry9a.o(.ARM.Collect$$$$0000000B)
    __rt_final_cpp                           0x08000199   Thumb Code     0  entry10a.o(.ARM.Collect$$$$0000000D)
    __rt_final_exit                          0x08000199   Thumb Code     0  entry11a.o(.ARM.Collect$$$$0000000F)
    Reset_Handler                            0x0800019d   Thumb Code     8  startup_stm32f407xx.o(.text)
    ADC_IRQHandler                           0x080001b7   Thumb Code     0  startup_stm32f407xx.o(.text)
    CAN1_RX0_IRQHandler                      0x080001b7   Thumb Code     0  startup_stm32f407xx.o(.text)
    CAN1_RX1_IRQHandler                      0x080001b7   Thumb Code     0  startup_stm32f407xx.o(.text)
    CAN1_SCE_IRQHandler                      0x080001b7   Thumb Code     0  startup_stm32f407xx.o(.text)
    CAN1_TX_IRQHandler                       0x080001b7   Thumb Code     0  startup_stm32f407xx.o(.text)
    CAN2_RX0_IRQHandler                      0x080001b7   Thumb Code     0  startup_stm32f407xx.o(.text)
    CAN2_RX1_IRQHandler                      0x080001b7   Thumb Code     0  startup_stm32f407xx.o(.text)
    CAN2_SCE_IRQHandler                      0x080001b7   Thumb Code     0  startup_stm32f407xx.o(.text)
    CAN2_TX_IRQHandler                       0x080001b7   Thumb Code     0  startup_stm32f407xx.o(.text)
    DCMI_IRQHandler                          0x080001b7   Thumb Code     0  startup_stm32f407xx.o(.text)
    DMA1_Stream0_IRQHandler                  0x080001b7   Thumb Code     0  startup_stm32f407xx.o(.text)
    DMA1_Stream1_IRQHandler                  0x080001b7   Thumb Code     0  startup_stm32f407xx.o(.text)
    DMA1_Stream2_IRQHandler                  0x080001b7   Thumb Code     0  startup_stm32f407xx.o(.text)
    DMA1_Stream3_IRQHandler                  0x080001b7   Thumb Code     0  startup_stm32f407xx.o(.text)
    DMA1_Stream4_IRQHandler                  0x080001b7   Thumb Code     0  startup_stm32f407xx.o(.text)
    DMA1_Stream5_IRQHandler                  0x080001b7   Thumb Code     0  startup_stm32f407xx.o(.text)
    DMA1_Stream6_IRQHandler                  0x080001b7   Thumb Code     0  startup_stm32f407xx.o(.text)
    DMA1_Stream7_IRQHandler                  0x080001b7   Thumb Code     0  startup_stm32f407xx.o(.text)
    DMA2_Stream0_IRQHandler                  0x080001b7   Thumb Code     0  startup_stm32f407xx.o(.text)
    DMA2_Stream1_IRQHandler                  0x080001b7   Thumb Code     0  startup_stm32f407xx.o(.text)
    DMA2_Stream2_IRQHandler                  0x080001b7   Thumb Code     0  startup_stm32f407xx.o(.text)
    DMA2_Stream3_IRQHandler                  0x080001b7   Thumb Code     0  startup_stm32f407xx.o(.text)
    DMA2_Stream4_IRQHandler                  0x080001b7   Thumb Code     0  startup_stm32f407xx.o(.text)
    DMA2_Stream5_IRQHandler                  0x080001b7   Thumb Code     0  startup_stm32f407xx.o(.text)
    DMA2_Stream6_IRQHandler                  0x080001b7   Thumb Code     0  startup_stm32f407xx.o(.text)
    DMA2_Stream7_IRQHandler                  0x080001b7   Thumb Code     0  startup_stm32f407xx.o(.text)
    ETH_IRQHandler                           0x080001b7   Thumb Code     0  startup_stm32f407xx.o(.text)
    ETH_WKUP_IRQHandler                      0x080001b7   Thumb Code     0  startup_stm32f407xx.o(.text)
    FLASH_IRQHandler                         0x080001b7   Thumb Code     0  startup_stm32f407xx.o(.text)
    FMC_IRQHandler                           0x080001b7   Thumb Code     0  startup_stm32f407xx.o(.text)
    FPU_IRQHandler                           0x080001b7   Thumb Code     0  startup_stm32f407xx.o(.text)
    HASH_RNG_IRQHandler                      0x080001b7   Thumb Code     0  startup_stm32f407xx.o(.text)
    I2C1_ER_IRQHandler                       0x080001b7   Thumb Code     0  startup_stm32f407xx.o(.text)
    I2C1_EV_IRQHandler                       0x080001b7   Thumb Code     0  startup_stm32f407xx.o(.text)
    I2C2_ER_IRQHandler                       0x080001b7   Thumb Code     0  startup_stm32f407xx.o(.text)
    I2C2_EV_IRQHandler                       0x080001b7   Thumb Code     0  startup_stm32f407xx.o(.text)
    I2C3_ER_IRQHandler                       0x080001b7   Thumb Code     0  startup_stm32f407xx.o(.text)
    I2C3_EV_IRQHandler                       0x080001b7   Thumb Code     0  startup_stm32f407xx.o(.text)
    OTG_FS_IRQHandler                        0x080001b7   Thumb Code     0  startup_stm32f407xx.o(.text)
    OTG_FS_WKUP_IRQHandler                   0x080001b7   Thumb Code     0  startup_stm32f407xx.o(.text)
    OTG_HS_EP1_IN_IRQHandler                 0x080001b7   Thumb Code     0  startup_stm32f407xx.o(.text)
    OTG_HS_EP1_OUT_IRQHandler                0x080001b7   Thumb Code     0  startup_stm32f407xx.o(.text)
    OTG_HS_IRQHandler                        0x080001b7   Thumb Code     0  startup_stm32f407xx.o(.text)
    OTG_HS_WKUP_IRQHandler                   0x080001b7   Thumb Code     0  startup_stm32f407xx.o(.text)
    PVD_IRQHandler                           0x080001b7   Thumb Code     0  startup_stm32f407xx.o(.text)
    RCC_IRQHandler                           0x080001b7   Thumb Code     0  startup_stm32f407xx.o(.text)
    RTC_Alarm_IRQHandler                     0x080001b7   Thumb Code     0  startup_stm32f407xx.o(.text)
    RTC_WKUP_IRQHandler                      0x080001b7   Thumb Code     0  startup_stm32f407xx.o(.text)
    SDIO_IRQHandler                          0x080001b7   Thumb Code     0  startup_stm32f407xx.o(.text)
    SPI1_IRQHandler                          0x080001b7   Thumb Code     0  startup_stm32f407xx.o(.text)
    SPI2_IRQHandler                          0x080001b7   Thumb Code     0  startup_stm32f407xx.o(.text)
    SPI3_IRQHandler                          0x080001b7   Thumb Code     0  startup_stm32f407xx.o(.text)
    TAMP_STAMP_IRQHandler                    0x080001b7   Thumb Code     0  startup_stm32f407xx.o(.text)
    TIM1_BRK_TIM9_IRQHandler                 0x080001b7   Thumb Code     0  startup_stm32f407xx.o(.text)
    TIM1_CC_IRQHandler                       0x080001b7   Thumb Code     0  startup_stm32f407xx.o(.text)
    TIM1_TRG_COM_TIM11_IRQHandler            0x080001b7   Thumb Code     0  startup_stm32f407xx.o(.text)
    TIM1_UP_TIM10_IRQHandler                 0x080001b7   Thumb Code     0  startup_stm32f407xx.o(.text)
    TIM2_IRQHandler                          0x080001b7   Thumb Code     0  startup_stm32f407xx.o(.text)
    TIM3_IRQHandler                          0x080001b7   Thumb Code     0  startup_stm32f407xx.o(.text)
    TIM4_IRQHandler                          0x080001b7   Thumb Code     0  startup_stm32f407xx.o(.text)
    TIM5_IRQHandler                          0x080001b7   Thumb Code     0  startup_stm32f407xx.o(.text)
    TIM6_DAC_IRQHandler                      0x080001b7   Thumb Code     0  startup_stm32f407xx.o(.text)
    TIM7_IRQHandler                          0x080001b7   Thumb Code     0  startup_stm32f407xx.o(.text)
    TIM8_BRK_TIM12_IRQHandler                0x080001b7   Thumb Code     0  startup_stm32f407xx.o(.text)
    TIM8_CC_IRQHandler                       0x080001b7   Thumb Code     0  startup_stm32f407xx.o(.text)
    TIM8_TRG_COM_TIM14_IRQHandler            0x080001b7   Thumb Code     0  startup_stm32f407xx.o(.text)
    TIM8_UP_TIM13_IRQHandler                 0x080001b7   Thumb Code     0  startup_stm32f407xx.o(.text)
    UART4_IRQHandler                         0x080001b7   Thumb Code     0  startup_stm32f407xx.o(.text)
    UART5_IRQHandler                         0x080001b7   Thumb Code     0  startup_stm32f407xx.o(.text)
    USART1_IRQHandler                        0x080001b7   Thumb Code     0  startup_stm32f407xx.o(.text)
    USART2_IRQHandler                        0x080001b7   Thumb Code     0  startup_stm32f407xx.o(.text)
    USART3_IRQHandler                        0x080001b7   Thumb Code     0  startup_stm32f407xx.o(.text)
    USART6_IRQHandler                        0x080001b7   Thumb Code     0  startup_stm32f407xx.o(.text)
    WWDG_IRQHandler                          0x080001b7   Thumb Code     0  startup_stm32f407xx.o(.text)
    HAL_MspInit                              0x080001c1   Thumb Code     2  stm32f4xx_hal.o(.text)
    HAL_InitTick                             0x080001c3   Thumb Code    36  stm32f4xx_hal.o(.text)
    HAL_Init                                 0x080001e7   Thumb Code    54  stm32f4xx_hal.o(.text)
    HAL_MspDeInit                            0x0800021d   Thumb Code     2  stm32f4xx_hal.o(.text)
    HAL_DeInit                               0x0800021f   Thumb Code    64  stm32f4xx_hal.o(.text)
    HAL_SuspendTick                          0x0800028f   Thumb Code    18  stm32f4xx_hal.o(.text)
    HAL_ResumeTick                           0x080002a1   Thumb Code    18  stm32f4xx_hal.o(.text)
    HAL_GetHalVersion                        0x080002b3   Thumb Code     4  stm32f4xx_hal.o(.text)
    HAL_GetREVID                             0x080002b7   Thumb Code     8  stm32f4xx_hal.o(.text)
    HAL_GetDEVID                             0x080002bf   Thumb Code    10  stm32f4xx_hal.o(.text)
    HAL_DBGMCU_EnableDBGSleepMode            0x080002c9   Thumb Code    14  stm32f4xx_hal.o(.text)
    HAL_DBGMCU_DisableDBGSleepMode           0x080002d7   Thumb Code    14  stm32f4xx_hal.o(.text)
    HAL_DBGMCU_EnableDBGStopMode             0x080002e5   Thumb Code    14  stm32f4xx_hal.o(.text)
    HAL_DBGMCU_DisableDBGStopMode            0x080002f3   Thumb Code    14  stm32f4xx_hal.o(.text)
    HAL_DBGMCU_EnableDBGStandbyMode          0x08000301   Thumb Code    14  stm32f4xx_hal.o(.text)
    HAL_DBGMCU_DisableDBGStandbyMode         0x0800030f   Thumb Code    14  stm32f4xx_hal.o(.text)
    HAL_EnableCompensationCell               0x0800031d   Thumb Code    22  stm32f4xx_hal.o(.text)
    HAL_DisableCompensationCell              0x08000333   Thumb Code    24  stm32f4xx_hal.o(.text)
    HAL_GetUID                               0x0800034b   Thumb Code    24  stm32f4xx_hal.o(.text)
    HAL_NVIC_SetPriorityGrouping             0x080003a5   Thumb Code    36  stm32f4xx_hal_cortex.o(.text)
    HAL_NVIC_SetPriority                     0x080003c9   Thumb Code   124  stm32f4xx_hal_cortex.o(.text)
    HAL_NVIC_EnableIRQ                       0x08000445   Thumb Code    26  stm32f4xx_hal_cortex.o(.text)
    HAL_NVIC_DisableIRQ                      0x0800045f   Thumb Code    22  stm32f4xx_hal_cortex.o(.text)
    HAL_NVIC_SystemReset                     0x08000475   Thumb Code    64  stm32f4xx_hal_cortex.o(.text)
    HAL_SYSTICK_Config                       0x080004b5   Thumb Code    52  stm32f4xx_hal_cortex.o(.text)
    HAL_MPU_Disable                          0x080004e9   Thumb Code    42  stm32f4xx_hal_cortex.o(.text)
    HAL_MPU_Enable                           0x08000513   Thumb Code    60  stm32f4xx_hal_cortex.o(.text)
    HAL_MPU_ConfigRegion                     0x0800054f   Thumb Code    90  stm32f4xx_hal_cortex.o(.text)
    HAL_NVIC_GetPriorityGrouping             0x080005a9   Thumb Code     8  stm32f4xx_hal_cortex.o(.text)
    HAL_NVIC_GetPriority                     0x080005b1   Thumb Code   138  stm32f4xx_hal_cortex.o(.text)
    HAL_NVIC_SetPendingIRQ                   0x0800063b   Thumb Code    24  stm32f4xx_hal_cortex.o(.text)
    HAL_NVIC_GetPendingIRQ                   0x08000653   Thumb Code    38  stm32f4xx_hal_cortex.o(.text)
    HAL_NVIC_ClearPendingIRQ                 0x08000679   Thumb Code    22  stm32f4xx_hal_cortex.o(.text)
    HAL_NVIC_GetActive                       0x0800068f   Thumb Code    38  stm32f4xx_hal_cortex.o(.text)
    HAL_SYSTICK_CLKSourceConfig              0x080006b5   Thumb Code    40  stm32f4xx_hal_cortex.o(.text)
    HAL_SYSTICK_Callback                     0x080006dd   Thumb Code     2  stm32f4xx_hal_cortex.o(.text)
    HAL_SYSTICK_IRQHandler                   0x080006df   Thumb Code     8  stm32f4xx_hal_cortex.o(.text)
    HAL_GPIO_Init                            0x08000709   Thumb Code   466  stm32f4xx_hal_gpio.o(.text)
    HAL_GPIO_DeInit                          0x080008db   Thumb Code   316  stm32f4xx_hal_gpio.o(.text)
    HAL_GPIO_ReadPin                         0x08000a17   Thumb Code    16  stm32f4xx_hal_gpio.o(.text)
    HAL_GPIO_WritePin                        0x08000a27   Thumb Code    12  stm32f4xx_hal_gpio.o(.text)
    HAL_GPIO_TogglePin                       0x08000a33   Thumb Code     8  stm32f4xx_hal_gpio.o(.text)
    HAL_GPIO_LockPin                         0x08000a3b   Thumb Code    46  stm32f4xx_hal_gpio.o(.text)
    HAL_GPIO_EXTI_Callback                   0x08000a69   Thumb Code     2  stm32f4xx_hal_gpio.o(.text)
    HAL_GPIO_EXTI_IRQHandler                 0x08000a6b   Thumb Code    28  stm32f4xx_hal_gpio.o(.text)
    HAL_RCC_OscConfig                        0x08000ab7   Thumb Code  1088  stm32f4xx_hal_rcc.o(.text)
    HAL_RCC_GetSysClockFreq                  0x08000ef7   Thumb Code   170  stm32f4xx_hal_rcc.o(.text)
    HAL_RCC_ClockConfig                      0x08000fa1   Thumb Code   466  stm32f4xx_hal_rcc.o(.text)
    HAL_RCC_MCOConfig                        0x08001173   Thumb Code   186  stm32f4xx_hal_rcc.o(.text)
    HAL_RCC_EnableCSS                        0x0800122d   Thumb Code     8  stm32f4xx_hal_rcc.o(.text)
    HAL_RCC_DisableCSS                       0x08001235   Thumb Code     8  stm32f4xx_hal_rcc.o(.text)
    HAL_RCC_GetHCLKFreq                      0x0800123d   Thumb Code     6  stm32f4xx_hal_rcc.o(.text)
    HAL_RCC_GetPCLK1Freq                     0x08001243   Thumb Code    38  stm32f4xx_hal_rcc.o(.text)
    HAL_RCC_GetPCLK2Freq                     0x08001269   Thumb Code    38  stm32f4xx_hal_rcc.o(.text)
    HAL_RCC_GetOscConfig                     0x0800128f   Thumb Code   330  stm32f4xx_hal_rcc.o(.text)
    HAL_RCC_GetClockConfig                   0x080013d9   Thumb Code    66  stm32f4xx_hal_rcc.o(.text)
    HAL_RCC_CSSCallback                      0x0800141b   Thumb Code     2  stm32f4xx_hal_rcc.o(.text)
    HAL_RCC_NMI_IRQHandler                   0x0800141d   Thumb Code    30  stm32f4xx_hal_rcc.o(.text)
    TM_RCC_InitSystem                        0x08001445   Thumb Code   172  tm_stm32_rcc.o(.text)
    TM_GPIO_GetPortSource                    0x080014f9   Thumb Code    14  tm_stm32_gpio.o(.text)
    TM_GPIO_INT_Init                         0x08001507   Thumb Code   170  tm_stm32_gpio.o(.text)
    TM_GPIO_INT_EnableClock                  0x080015b1   Thumb Code    28  tm_stm32_gpio.o(.text)
    TM_GPIO_Init                             0x080015cd   Thumb Code    48  tm_stm32_gpio.o(.text)
    TM_GPIO_InitAlternate                    0x080015fd   Thumb Code   110  tm_stm32_gpio.o(.text)
    TM_GPIO_DeInit                           0x0800166b   Thumb Code    66  tm_stm32_gpio.o(.text)
    TM_GPIO_SetPinAsInput                    0x080016ad   Thumb Code    38  tm_stm32_gpio.o(.text)
    TM_GPIO_SetPinAsOutput                   0x080016d3   Thumb Code    46  tm_stm32_gpio.o(.text)
    TM_GPIO_SetPinAsAnalog                   0x08001701   Thumb Code    38  tm_stm32_gpio.o(.text)
    TM_GPIO_SetPinAsAlternate                0x08001727   Thumb Code    50  tm_stm32_gpio.o(.text)
    TM_GPIO_SetPullResistor                  0x08001759   Thumb Code    50  tm_stm32_gpio.o(.text)
    TM_GPIO_Lock                             0x0800178b   Thumb Code    16  tm_stm32_gpio.o(.text)
    TM_GPIO_GetPinSource                     0x0800179b   Thumb Code    18  tm_stm32_gpio.o(.text)
    TM_GPIO_INT_DisableClock                 0x080017ad   Thumb Code    26  tm_stm32_gpio.o(.text)
    TM_GPIO_GetUsedPins                      0x080017c7   Thumb Code    18  tm_stm32_gpio.o(.text)
    TM_GPIO_GetFreePins                      0x080017d9   Thumb Code    22  tm_stm32_gpio.o(.text)
    TM_DELAY_Init                            0x080017f9   Thumb Code    64  tm_stm32_delay.o(.text)
    TM_DELAY_TimerCreate                     0x08001839   Thumb Code    96  tm_stm32_delay.o(.text)
    TM_DELAY_TimerDelete                     0x08001899   Thumb Code   122  tm_stm32_delay.o(.text)
    TM_DELAY_TimerStop                       0x08001913   Thumb Code    10  tm_stm32_delay.o(.text)
    TM_DELAY_TimerStart                      0x0800191d   Thumb Code    12  tm_stm32_delay.o(.text)
    TM_DELAY_TimerReset                      0x08001929   Thumb Code     6  tm_stm32_delay.o(.text)
    TM_DELAY_TimerAutoReloadCommand          0x0800192f   Thumb Code    18  tm_stm32_delay.o(.text)
    TM_DELAY_TimerAutoReloadValue            0x08001941   Thumb Code     4  tm_stm32_delay.o(.text)
    TM_DELAY_1msHandler                      0x08001945   Thumb Code     2  tm_stm32_delay.o(.text)
    HAL_IncTick                              0x08001947   Thumb Code   214  tm_stm32_delay.o(.text)
    HAL_GetTick                              0x08001a1d   Thumb Code     6  tm_stm32_delay.o(.text)
    HAL_Delay                                0x08001a23   Thumb Code    54  tm_stm32_delay.o(.text)
    TM_DISCO_LedInit                         0x08001a6d   Thumb Code    36  tm_stm32_disco.o(.text)
    TM_DISCO_ButtonInit                      0x08001a91   Thumb Code    24  tm_stm32_disco.o(.text)
    TM_DISCO_ButtonOnPressed                 0x08001aa9   Thumb Code    38  tm_stm32_disco.o(.text)
    TM_DISCO_ButtonOnReleased                0x08001acf   Thumb Code    40  tm_stm32_disco.o(.text)
    TM_EXTI_Attach                           0x08001b05   Thumb Code   496  tm_stm32_exti.o(.text)
    TM_EXTI_Detach                           0x08001cf5   Thumb Code    50  tm_stm32_exti.o(.text)
    TM_EXTI_DeInit                           0x08001d27   Thumb Code    70  tm_stm32_exti.o(.text)
    TM_EXTI_Handler                          0x08001d6d   Thumb Code     2  tm_stm32_exti.o(.text)
    EXTI0_IRQHandler                         0x08001d6f   Thumb Code    28  tm_stm32_exti.o(.text)
    EXTI1_IRQHandler                         0x08001d8b   Thumb Code    28  tm_stm32_exti.o(.text)
    EXTI2_IRQHandler                         0x08001da7   Thumb Code    28  tm_stm32_exti.o(.text)
    EXTI3_IRQHandler                         0x08001dc3   Thumb Code    28  tm_stm32_exti.o(.text)
    EXTI4_IRQHandler                         0x08001ddf   Thumb Code    28  tm_stm32_exti.o(.text)
    EXTI9_5_IRQHandler                       0x08001dfb   Thumb Code   128  tm_stm32_exti.o(.text)
    EXTI15_10_IRQHandler                     0x08001e7b   Thumb Code   160  tm_stm32_exti.o(.text)
    main                                     0x08001f29   Thumb Code    52  main.o(.text)
    NMI_Handler                              0x08001f65   Thumb Code     2  stm32fxxx_it.o(.text)
    HardFault_Handler                        0x08001f67   Thumb Code     4  stm32fxxx_it.o(.text)
    MemManage_Handler                        0x08001f6b   Thumb Code     4  stm32fxxx_it.o(.text)
    BusFault_Handler                         0x08001f6f   Thumb Code     4  stm32fxxx_it.o(.text)
    UsageFault_Handler                       0x08001f73   Thumb Code     4  stm32fxxx_it.o(.text)
    SVC_Handler                              0x08001f77   Thumb Code     2  stm32fxxx_it.o(.text)
    DebugMon_Handler                         0x08001f79   Thumb Code     2  stm32fxxx_it.o(.text)
    PendSV_Handler                           0x08001f7b   Thumb Code     2  stm32fxxx_it.o(.text)
    TimingDelay_Decrement                    0x08001f7d   Thumb Code     2  stm32fxxx_it.o(.text)
    SysTick_Handler                          0x08001f7f   Thumb Code     8  stm32fxxx_it.o(.text)
    SystemInit                               0x08001f89   Thumb Code    82  system_stm32f4xx.o(.text)
    SystemCoreClockUpdate                    0x08001fdb   Thumb Code   174  system_stm32f4xx.o(.text)
    __scatterload                            0x080020a9   Thumb Code    28  init.o(.text)
    __scatterload_rt2                        0x080020a9   Thumb Code     0  init.o(.text)
    __scatterload_copy                       0x080020cd   Thumb Code    14  handlers.o(i.__scatterload_copy)
    __scatterload_null                       0x080020db   Thumb Code     2  handlers.o(i.__scatterload_null)
    __scatterload_zeroinit                   0x080020dd   Thumb Code    14  handlers.o(i.__scatterload_zeroinit)
    free                                     0x080020ed   Thumb Code    76  malloc.o(i.free)
    malloc                                   0x0800213d   Thumb Code    92  malloc.o(i.malloc)
    AHBPrescTable                            0x080021a8   Data          16  system_stm32f4xx.o(.constdata)
    APBPrescTable                            0x080021b8   Data           8  system_stm32f4xx.o(.constdata)
    Region$$Table$$Base                      0x080021c0   Number         0  anon$$obj.o(Region$$Table)
    Region$$Table$$Limit                     0x080021e0   Number         0  anon$$obj.o(Region$$Table)
    uwTick                                   0x20000000   Data           4  stm32f4xx_hal.o(.data)
    TM_Time2                                 0x20000004   Data           4  tm_stm32_delay.o(.data)
    TM_Time                                  0x20000008   Data           4  tm_stm32_delay.o(.data)
    SystemCoreClock                          0x20000010   Data           4  system_stm32f4xx.o(.data)
    __microlib_freelist                      0x20000014   Data           4  mvars.o(.data)
    __microlib_freelist_initialised          0x20000018   Data           4  mvars.o(.data)
    __heap_base                              0x20000050   Data           0  startup_stm32f407xx.o(HEAP)
    __heap_limit                             0x20001050   Data           0  startup_stm32f407xx.o(HEAP)
    __initial_sp                             0x20001450   Data           0  startup_stm32f407xx.o(STACK)



==============================================================================

Memory Map of the image

  Image Entry point : 0x08000189

  Load Region LR_IROM1 (Base: 0x08000000, Size: 0x000021fc, Max: 0x00100000, ABSOLUTE)

    Execution Region ER_IROM1 (Exec base: 0x08000000, Load base: 0x08000000, Size: 0x000021e0, Max: 0x00100000, ABSOLUTE)

    Exec Addr    Load Addr    Size         Type   Attr      Idx    E Section Name        Object

    0x08000000   0x08000000   0x00000188   Data   RO            3    RESET               startup_stm32f407xx.o
    0x08000188   0x08000188   0x00000000   Code   RO          755  * .ARM.Collect$$$$00000000  mc_w.l(entry.o)
    0x08000188   0x08000188   0x00000004   Code   RO          786    .ARM.Collect$$$$00000001  mc_w.l(entry2.o)
    0x0800018c   0x0800018c   0x00000004   Code   RO          789    .ARM.Collect$$$$00000004  mc_w.l(entry5.o)
    0x08000190   0x08000190   0x00000000   Code   RO          791    .ARM.Collect$$$$00000008  mc_w.l(entry7b.o)
    0x08000190   0x08000190   0x00000000   Code   RO          793    .ARM.Collect$$$$0000000A  mc_w.l(entry8b.o)
    0x08000190   0x08000190   0x00000008   Code   RO          794    .ARM.Collect$$$$0000000B  mc_w.l(entry9a.o)
    0x08000198   0x08000198   0x00000000   Code   RO          796    .ARM.Collect$$$$0000000D  mc_w.l(entry10a.o)
    0x08000198   0x08000198   0x00000000   Code   RO          798    .ARM.Collect$$$$0000000F  mc_w.l(entry11a.o)
    0x08000198   0x08000198   0x00000004   Code   RO          787    .ARM.Collect$$$$00002712  mc_w.l(entry2.o)
    0x0800019c   0x0800019c   0x00000024   Code   RO            4    .text               startup_stm32f407xx.o
    0x080001c0   0x080001c0   0x000001c4   Code   RO           13    .text               stm32f4xx_hal.o
    0x08000384   0x08000384   0x00000384   Code   RO          269    .text               stm32f4xx_hal_cortex.o
    0x08000708   0x08000708   0x000003ac   Code   RO          346    .text               stm32f4xx_hal_gpio.o
    0x08000ab4   0x08000ab4   0x00000990   Code   RO          418    .text               stm32f4xx_hal_rcc.o
    0x08001444   0x08001444   0x000000b4   Code   RO          514    .text               tm_stm32_rcc.o
    0x080014f8   0x080014f8   0x00000300   Code   RO          550    .text               tm_stm32_gpio.o
    0x080017f8   0x080017f8   0x00000274   Code   RO          576    .text               tm_stm32_delay.o
    0x08001a6c   0x08001a6c   0x00000098   Code   RO          613    .text               tm_stm32_disco.o
    0x08001b04   0x08001b04   0x00000424   Code   RO          642    .text               tm_stm32_exti.o
    0x08001f28   0x08001f28   0x0000003c   Code   RO          672    .text               main.o
    0x08001f64   0x08001f64   0x00000022   Code   RO          700    .text               stm32fxxx_it.o
    0x08001f86   0x08001f86   0x00000002   PAD
    0x08001f88   0x08001f88   0x00000120   Code   RO          727    .text               system_stm32f4xx.o
    0x080020a8   0x080020a8   0x00000024   Code   RO          806    .text               mc_w.l(init.o)
    0x080020cc   0x080020cc   0x0000000e   Code   RO          810    i.__scatterload_copy  mc_w.l(handlers.o)
    0x080020da   0x080020da   0x00000002   Code   RO          811    i.__scatterload_null  mc_w.l(handlers.o)
    0x080020dc   0x080020dc   0x0000000e   Code   RO          812    i.__scatterload_zeroinit  mc_w.l(handlers.o)
    0x080020ea   0x080020ea   0x00000002   PAD
    0x080020ec   0x080020ec   0x00000050   Code   RO          758    i.free              mc_w.l(malloc.o)
    0x0800213c   0x0800213c   0x0000006c   Code   RO          759    i.malloc            mc_w.l(malloc.o)
    0x080021a8   0x080021a8   0x00000018   Data   RO          728    .constdata          system_stm32f4xx.o
    0x080021c0   0x080021c0   0x00000020   Data   RO          808    Region$$Table       anon$$obj.o


    Execution Region RW_IRAM1 (Exec base: 0x20000000, Load base: 0x080021e0, Size: 0x00001450, Max: 0x00020000, ABSOLUTE)

    Exec Addr    Load Addr    Size         Type   Attr      Idx    E Section Name        Object

    0x20000000   0x080021e0   0x00000004   Data   RW           14    .data               stm32f4xx_hal.o
    0x20000004   0x080021e4   0x00000008   Data   RW          578    .data               tm_stm32_delay.o
    0x2000000c   0x080021ec   0x00000001   Data   RW          614    .data               tm_stm32_disco.o
    0x2000000d   0x080021ed   0x00000003   PAD
    0x20000010   0x080021f0   0x00000004   Data   RW          729    .data               system_stm32f4xx.o
    0x20000014   0x080021f4   0x00000004   Data   RW          804    .data               mc_w.l(mvars.o)
    0x20000018   0x080021f8   0x00000004   Data   RW          805    .data               mc_w.l(mvars.o)
    0x2000001c        -       0x0000001a   Zero   RW          551    .bss                tm_stm32_gpio.o
    0x20000036   0x080021fc   0x00000002   PAD
    0x20000038        -       0x00000018   Zero   RW          577    .bss                tm_stm32_delay.o
    0x20000050        -       0x00001000   Zero   RW            2    HEAP                startup_stm32f407xx.o
    0x20001050        -       0x00000400   Zero   RW            1    STACK               startup_stm32f407xx.o


==============================================================================

Image component sizes


      Code (inc. data)   RO Data    RW Data    ZI Data      Debug   Object Name

        60          8          0          0          0        511   main.o
        36          8        392          0       5120       1004   startup_stm32f407xx.o
       452         34          0          4          0     636590   stm32f4xx_hal.o
       900         22          0          0          0      32186   stm32f4xx_hal_cortex.o
       940         46          0          0          0       3739   stm32f4xx_hal_gpio.o
      2448         66          0          0          0       5339   stm32f4xx_hal_rcc.o
        34          0          0          0          0       1508   stm32fxxx_it.o
       288         32         24          4          0       1653   system_stm32f4xx.o
       628         20          0          8         24       7028   tm_stm32_delay.o
       152         14          0          1          0       1782   tm_stm32_disco.o
      1060         14          0          0          0       4012   tm_stm32_exti.o
       768         10          0          0         26       5768   tm_stm32_gpio.o
       180          8          0          0          0       3672   tm_stm32_rcc.o

    ----------------------------------------------------------------------
      7948        282        448         20       5172     704792   Object Totals
         0          0         32          0          0          0   (incl. Generated)
         2          0          0          3          2          0   (incl. Padding)

    ----------------------------------------------------------------------

      Code (inc. data)   RO Data    RW Data    ZI Data      Debug   Library Member Name

         0          0          0          0          0          0   entry.o
         0          0          0          0          0          0   entry10a.o
         0          0          0          0          0          0   entry11a.o
         8          4          0          0          0          0   entry2.o
         4          0          0          0          0          0   entry5.o
         0          0          0          0          0          0   entry7b.o
         0          0          0          0          0          0   entry8b.o
         8          4          0          0          0          0   entry9a.o
        30          0          0          0          0          0   handlers.o
        36          8          0          0          0         68   init.o
       188         20          0          0          0        160   malloc.o
         0          0          0          8          0          0   mvars.o

    ----------------------------------------------------------------------
       276         36          0          8          0        228   Library Totals
         2          0          0          0          0          0   (incl. Padding)

    ----------------------------------------------------------------------

      Code (inc. data)   RO Data    RW Data    ZI Data      Debug   Library Name

       274         36          0          8          0        228   mc_w.l

    ----------------------------------------------------------------------
       276         36          0          8          0        228   Library Totals

    ----------------------------------------------------------------------

==============================================================================


      Code (inc. data)   RO Data    RW Data    ZI Data      Debug   

      8224        318        448         28       5172     702372   Grand Totals
      8224        318        448         28       5172     702372   ELF Image Totals
      8224        318        448         28          0          0   ROM Totals

==============================================================================

    Total RO  Size (Code + RO Data)                 8672 (   8.47kB)
    Total RW  Size (RW Data + ZI Data)              5200 (   5.08kB)
    Total ROM Size (Code + RO Data + RW Data)       8700 (   8.50kB)

==============================================================================

