<html>
<body>
<pre>
<h1>µVision Build Log</h1>
<h2>Tool Versions:</h2>
IDE-Version: ÂµVision V5.29.0.0
Copyright (C) 2019 ARM Ltd and ARM Germany GmbH. All rights reserved.
License Information: Ramiro Vera, FIUBA, LIC=14HGK-ZXFT9-XUG41-CF5RH-U5XIP-UTTZE
 
Tool Versions:
Toolchain:       MDK-ARM Plus  Version: 5.29.0.0
Toolchain Path:  C:\Keil_v5\ARM\ARMCC\Bin
C Compiler:      Armcc.exe V5.06 update 6 (build 750)
Assembler:       Armasm.exe V5.06 update 6 (build 750)
Linker/Locator:  ArmLink.exe V5.06 update 6 (build 750)
Library Manager: ArmAr.exe V5.06 update 6 (build 750)
Hex Converter:   FromElf.exe V5.06 update 6 (build 750)
CPU DLL:         SARMCM3.DLL V5.29.0.0
Dialog DLL:      DCM.DLL V1.17.3.0
Target DLL:      UL2CM3.DLL V1.163.0.0
Dialog DLL:      TCM.DLL V1.36.5.0
 
<h2>Project:</h2>
D:\WorkSpaces\Keil uVision - Workspace\Examples\Merge MPU+CDC\21-STM32Fxxx_USB_DEVICE_CDC\project.uvprojx
Project File Date:  07/07/2020

<h2>Output:</h2>
*** Using Compiler 'V5.06 update 6 (build 750)', folder: 'C:\Keil_v5\ARM\ARMCC\Bin'
Build Project 'project' - Target 'STM32F401_DISCOVERY'
compiling stm32fxxx_it.c...
compiling tm_stm32_buffer.c...
compiling main.c...
D:\WorkSpaces\Keil uVision - Workspace\Examples\Merge MPU+CDC\00-STM32_LIBRARIES\tm_stm32_usb.h(324): warning:  #1215-D: #warning directive: "tm_stm32_usb.h: USB HS mode is not supported for your target! USB HS mode support will be disabled!"
  #warning "tm_stm32_usb.h: USB HS mode is not supported for your target! USB HS mode support will be disabled!"
User\main.c: 1 warning, 0 errors
compiling system_stm32f4xx.c...
compiling usbd_conf.c...
D:\WorkSpaces\Keil uVision - Workspace\Examples\Merge MPU+CDC\00-STM32_LIBRARIES\tm_stm32_usb.h(324): warning:  #1215-D: #warning directive: "tm_stm32_usb.h: USB HS mode is not supported for your target! USB HS mode support will be disabled!"
  #warning "tm_stm32_usb.h: USB HS mode is not supported for your target! USB HS mode support will be disabled!"
..\00-STM32_LIBRARIES\USB_Device\Core\Src\usbd_conf.c: 1 warning, 0 errors
compiling usbd_core.c...
D:\WorkSpaces\Keil uVision - Workspace\Examples\Merge MPU+CDC\00-STM32_LIBRARIES\tm_stm32_usb.h(324): warning:  #1215-D: #warning directive: "tm_stm32_usb.h: USB HS mode is not supported for your target! USB HS mode support will be disabled!"
  #warning "tm_stm32_usb.h: USB HS mode is not supported for your target! USB HS mode support will be disabled!"
..\00-STM32_LIBRARIES\USB_Device\Core\Src\usbd_core.c: 1 warning, 0 errors
compiling usbd_ctlreq.c...
D:\WorkSpaces\Keil uVision - Workspace\Examples\Merge MPU+CDC\00-STM32_LIBRARIES\tm_stm32_usb.h(324): warning:  #1215-D: #warning directive: "tm_stm32_usb.h: USB HS mode is not supported for your target! USB HS mode support will be disabled!"
  #warning "tm_stm32_usb.h: USB HS mode is not supported for your target! USB HS mode support will be disabled!"
..\00-STM32_LIBRARIES\USB_Device\Core\Src\usbd_ctlreq.c: 1 warning, 0 errors
compiling usbd_ioreq.c...
D:\WorkSpaces\Keil uVision - Workspace\Examples\Merge MPU+CDC\00-STM32_LIBRARIES\tm_stm32_usb.h(324): warning:  #1215-D: #warning directive: "tm_stm32_usb.h: USB HS mode is not supported for your target! USB HS mode support will be disabled!"
  #warning "tm_stm32_usb.h: USB HS mode is not supported for your target! USB HS mode support will be disabled!"
..\00-STM32_LIBRARIES\USB_Device\Core\Src\usbd_ioreq.c: 1 warning, 0 errors
compiling usbd_cdc.c...
D:\WorkSpaces\Keil uVision - Workspace\Examples\Merge MPU+CDC\00-STM32_LIBRARIES\tm_stm32_usb.h(324): warning:  #1215-D: #warning directive: "tm_stm32_usb.h: USB HS mode is not supported for your target! USB HS mode support will be disabled!"
  #warning "tm_stm32_usb.h: USB HS mode is not supported for your target! USB HS mode support will be disabled!"
..\00-STM32_LIBRARIES\USB_Device\Class\CDC\Src\usbd_cdc.c: 1 warning, 0 errors
compiling usbd_cdc_if.c...
D:\WorkSpaces\Keil uVision - Workspace\Examples\Merge MPU+CDC\00-STM32_LIBRARIES\tm_stm32_usb.h(324): warning:  #1215-D: #warning directive: "tm_stm32_usb.h: USB HS mode is not supported for your target! USB HS mode support will be disabled!"
  #warning "tm_stm32_usb.h: USB HS mode is not supported for your target! USB HS mode support will be disabled!"
..\00-STM32_LIBRARIES\USB_Device\Class\CDC\Src\usbd_cdc_if.c: 1 warning, 0 errors
linking...
Program Size: Code=23052 RO-data=460 RW-data=464 ZI-data=9096  
FromELF: creating hex file...
".\Targets\STM32F401_DISCOVERY\project.axf" - 0 Error(s), 7 Warning(s).

<h2>Software Packages used:</h2>

Package Vendor: Keil
                http://www.keil.com/pack/Keil.STM32F4xx_DFP.2.14.0.pack
                Keil.STM32F4xx_DFP.2.14.0
                STMicroelectronics STM32F4 Series Device Support, Drivers and Examples

<h2>Collection of Component include folders:</h2>
  .\RTE\_STM32F401_DISCOVERY
  C:\Users\ramir\AppData\Local\Arm\Packs\Keil\STM32F4xx_DFP\2.14.0\Drivers\CMSIS\Device\ST\STM32F4xx\Include

<h2>Collection of Component Files used:</h2>
Build Time Elapsed:  00:00:29
</pre>
</body>
</html>
