Component: ARM Compiler 5.06 update 6 (build 750) Tool: armlink [4d35ed]

==============================================================================

Section Cross References

    startup_stm32f407xx.o(RESET) refers to startup_stm32f407xx.o(STACK) for __initial_sp
    startup_stm32f407xx.o(RESET) refers to startup_stm32f407xx.o(.text) for Reset_Handler
    startup_stm32f407xx.o(RESET) refers to stm32fxxx_it.o(.text) for NMI_Handler
    startup_stm32f407xx.o(RESET) refers to tm_stm32_exti.o(.text) for EXTI0_IRQHandler
    startup_stm32f407xx.o(RESET) refers to tm_stm32_usb.o(.text) for OTG_FS_IRQHandler
    startup_stm32f407xx.o(.text) refers to system_stm32f4xx.o(.text) for SystemInit
    startup_stm32f407xx.o(.text) refers to entry.o(.ARM.Collect$$$$00000000) for __main
    stm32f4xx_hal.o(.text) refers to stm32f4xx_hal_cortex.o(.text) for HAL_SYSTICK_Config
    stm32f4xx_hal.o(.text) refers to stm32f4xx_hal_msp_template.o(.text) for HAL_MspInit
    stm32f4xx_hal.o(.text) refers to tm_stm32_delay.o(.text) for HAL_GetTick
    stm32f4xx_hal.o(.text) refers to system_stm32f4xx.o(.data) for SystemCoreClock
    stm32f4xx_hal.o(.text) refers to stm32f4xx_hal.o(.data) for uwTick
    stm32f4xx_hal_adc.o(.text) refers to tm_stm32_delay.o(.text) for HAL_GetTick
    stm32f4xx_hal_adc.o(.text) refers to system_stm32f4xx.o(.data) for SystemCoreClock
    stm32f4xx_hal_adc.o(.text) refers to stm32f4xx_hal_adc_ex.o(.text) for HAL_ADCEx_InjectedConvCpltCallback
    stm32f4xx_hal_adc.o(.text) refers to stm32f4xx_hal_dma.o(.text) for HAL_DMA_Start_IT
    stm32f4xx_hal_adc_ex.o(.text) refers to tm_stm32_delay.o(.text) for HAL_GetTick
    stm32f4xx_hal_adc_ex.o(.text) refers to stm32f4xx_hal_adc.o(.text) for HAL_ADC_ErrorCallback
    stm32f4xx_hal_adc_ex.o(.text) refers to system_stm32f4xx.o(.data) for SystemCoreClock
    stm32f4xx_hal_adc_ex.o(.text) refers to stm32f4xx_hal_dma.o(.text) for HAL_DMA_Start_IT
    stm32f4xx_hal_can.o(.text) refers to tm_stm32_delay.o(.text) for HAL_GetTick
    stm32f4xx_hal_dac.o(.text) refers to stm32f4xx_hal_dma.o(.text) for HAL_DMA_Start_IT
    stm32f4xx_hal_dac.o(.text) refers to stm32f4xx_hal_dac_ex.o(.text) for HAL_DACEx_DMAUnderrunCallbackCh2
    stm32f4xx_hal_dcmi.o(.text) refers to stm32f4xx_hal_dma_ex.o(.text) for HAL_DMAEx_ChangeMemory
    stm32f4xx_hal_dcmi.o(.text) refers to stm32f4xx_hal_dma.o(.text) for HAL_DMA_Start_IT
    stm32f4xx_hal_dcmi.o(.text) refers to system_stm32f4xx.o(.data) for SystemCoreClock
    stm32f4xx_hal_dcmi_ex.o(.text) refers to stm32f4xx_hal_dcmi.o(.text) for HAL_DCMI_MspInit
    stm32f4xx_hal_dma.o(.text) refers to tm_stm32_delay.o(.text) for HAL_GetTick
    stm32f4xx_hal_dma.o(.text) refers to stm32f4xx_hal_dma.o(.constdata) for flagBitshiftOffset
    stm32f4xx_hal_dma.o(.text) refers to system_stm32f4xx.o(.data) for SystemCoreClock
    stm32f4xx_hal_eth.o(.text) refers to tm_stm32_delay.o(.text) for HAL_Delay
    stm32f4xx_hal_eth.o(.text) refers to stm32f4xx_hal_rcc.o(.text) for HAL_RCC_GetHCLKFreq
    stm32f4xx_hal_eth.o(.text) refers to system_stm32f4xx.o(.data) for SystemCoreClock
    stm32f4xx_hal_flash.o(.text) refers to tm_stm32_delay.o(.text) for HAL_GetTick
    stm32f4xx_hal_flash.o(.text) refers to stm32f4xx_hal_flash_ex.o(.text) for FLASH_Erase_Sector
    stm32f4xx_hal_flash.o(.text) refers to stm32f4xx_hal_flash.o(.bss) for pFlash
    stm32f4xx_hal_flash_ex.o(.text) refers to stm32f4xx_hal_flash.o(.text) for FLASH_WaitForLastOperation
    stm32f4xx_hal_flash_ex.o(.text) refers to stm32f4xx_hal_flash.o(.bss) for pFlash
    stm32f4xx_hal_hcd.o(.text) refers to stm32f4xx_ll_usb.o(.text) for USB_DisableGlobalInt
    stm32f4xx_hal_hcd.o(.text) refers to memcpya.o(.text) for __aeabi_memcpy4
    stm32f4xx_hal_i2c.o(.text) refers to stm32f4xx_hal_rcc.o(.text) for HAL_RCC_GetPCLK1Freq
    stm32f4xx_hal_i2c.o(.text) refers to tm_stm32_delay.o(.text) for HAL_GetTick
    stm32f4xx_hal_i2c.o(.text) refers to system_stm32f4xx.o(.data) for SystemCoreClock
    stm32f4xx_hal_i2c.o(.text) refers to stm32f4xx_hal_dma.o(.text) for HAL_DMA_GetError
    stm32f4xx_hal_i2s.o(.text) refers to stm32f4xx_hal_rcc_ex.o(.text) for HAL_RCCEx_GetPeriphCLKFreq
    stm32f4xx_hal_i2s.o(.text) refers to tm_stm32_delay.o(.text) for HAL_GetTick
    stm32f4xx_hal_i2s.o(.text) refers to stm32f4xx_hal_i2s_ex.o(.text) for HAL_I2SEx_FullDuplex_IRQHandler
    stm32f4xx_hal_i2s.o(.text) refers to stm32f4xx_hal_dma.o(.text) for HAL_DMA_Start_IT
    stm32f4xx_hal_i2s_ex.o(.text) refers to tm_stm32_delay.o(.text) for HAL_GetTick
    stm32f4xx_hal_i2s_ex.o(.text) refers to stm32f4xx_hal_i2s.o(.text) for HAL_I2S_ErrorCallback
    stm32f4xx_hal_i2s_ex.o(.text) refers to stm32f4xx_hal_dma.o(.text) for HAL_DMA_Start_IT
    stm32f4xx_hal_irda.o(.text) refers to stm32f4xx_hal_rcc.o(.text) for HAL_RCC_GetPCLK2Freq
    stm32f4xx_hal_irda.o(.text) refers to tm_stm32_delay.o(.text) for HAL_GetTick
[...]
    ..\\00-STM32_LIBRARIES\\tm_stm32_usb.c   0x00000000   Number         0  tm_stm32_usb.o ABSOLUTE
    ..\\00-STM32_LIBRARIES\\tm_stm32_usb_device.c 0x00000000   Number         0  tm_stm32_usb_device.o ABSOLUTE
    ..\\00-STM32_LIBRARIES\\tm_stm32_usb_device_cdc.c 0x00000000   Number         0  tm_stm32_usb_device_cdc.o ABSOLUTE
    User\\main.c                             0x00000000   Number         0  main.o ABSOLUTE
    User\\stm32fxxx_it.c                     0x00000000   Number         0  stm32fxxx_it.o ABSOLUTE
    User\\system_stm32f4xx.c                 0x00000000   Number         0  system_stm32f4xx.o ABSOLUTE
    User\main.c                              0x00000000   Number         0  main.o ABSOLUTE
    User\stm32fxxx_it.c                      0x00000000   Number         0  stm32fxxx_it.o ABSOLUTE
    User\system_stm32f4xx.c                  0x00000000   Number         0  system_stm32f4xx.o ABSOLUTE
    cdcmple.s                                0x00000000   Number         0  cdcmple.o ABSOLUTE
    cdrcmple.s                               0x00000000   Number         0  cdrcmple.o ABSOLUTE
    dc.s                                     0x00000000   Number         0  dc.o ABSOLUTE
    handlers.s                               0x00000000   Number         0  handlers.o ABSOLUTE
    init.s                                   0x00000000   Number         0  init.o ABSOLUTE
    RESET                                    0x08000000   Section      392  startup_stm32f407xx.o(RESET)
    .ARM.Collect$$$$00000000                 0x08000188   Section        0  entry.o(.ARM.Collect$$$$00000000)
    .ARM.Collect$$$$00000001                 0x08000188   Section        4  entry2.o(.ARM.Collect$$$$00000001)
    .ARM.Collect$$$$00000004                 0x0800018c   Section        4  entry5.o(.ARM.Collect$$$$00000004)
    .ARM.Collect$$$$00000008                 0x08000190   Section        0  entry7b.o(.ARM.Collect$$$$00000008)
    .ARM.Collect$$$$0000000A                 0x08000190   Section        0  entry8b.o(.ARM.Collect$$$$0000000A)
    .ARM.Collect$$$$0000000B                 0x08000190   Section        8  entry9a.o(.ARM.Collect$$$$0000000B)
    .ARM.Collect$$$$0000000D                 0x08000198   Section        0  entry10a.o(.ARM.Collect$$$$0000000D)
    .ARM.Collect$$$$0000000F                 0x08000198   Section        0  entry11a.o(.ARM.Collect$$$$0000000F)
    .ARM.Collect$$$$00002712                 0x08000198   Section        4  entry2.o(.ARM.Collect$$$$00002712)
    __lit__00000000                          0x08000198   Data           4  entry2.o(.ARM.Collect$$$$00002712)
    .text                                    0x0800019c   Section       36  startup_stm32f407xx.o(.text)
    $v0                                      0x0800019c   Number         0  startup_stm32f407xx.o(.text)
    .text                                    0x080001c0   Section        0  stm32f4xx_hal.o(.text)
    .text                                    0x08000384   Section        0  stm32f4xx_hal_cortex.o(.text)
    NVIC_SetPriority                         0x08000385   Thumb Code    32  stm32f4xx_hal_cortex.o(.text)
    NVIC_GetPriorityGrouping                 0x080006e7   Thumb Code    12  stm32f4xx_hal_cortex.o(.text)
    .text                                    0x08000708   Section        0  stm32f4xx_hal_dma.o(.text)
    DMA_CalcBaseAndBitshift                  0x08000709   Thumb Code    46  stm32f4xx_hal_dma.o(.text)
    DMA_CheckFifoParam                       0x08000737   Thumb Code   170  stm32f4xx_hal_dma.o(.text)
    DMA_SetConfig                            0x0800092b   Thumb Code    44  stm32f4xx_hal_dma.o(.text)
    .text                                    0x08000fc0   Section        0  stm32f4xx_hal_gpio.o(.text)
    .text                                    0x0800136c   Section        0  stm32f4xx_hal_i2c.o(.text)
    I2C_IsAcknowledgeFailed                  0x080014cb   Thumb Code    52  stm32f4xx_hal_i2c.o(.text)
    I2C_WaitOnBTFFlagUntilTimeout            0x080014ff   Thumb Code    86  stm32f4xx_hal_i2c.o(.text)
    I2C_WaitOnTXEFlagUntilTimeout            0x08001555   Thumb Code    86  stm32f4xx_hal_i2c.o(.text)
    I2C_WaitOnMasterAddressFlagUntilTimeout  0x080015ab   Thumb Code   172  stm32f4xx_hal_i2c.o(.text)
    I2C_WaitOnFlagUntilTimeout               0x08001657   Thumb Code   124  stm32f4xx_hal_i2c.o(.text)
    I2C_MasterRequestWrite                   0x080016d3   Thumb Code   198  stm32f4xx_hal_i2c.o(.text)
    I2C_WaitOnRXNEFlagUntilTimeout           0x08001925   Thumb Code   110  stm32f4xx_hal_i2c.o(.text)
    I2C_MasterRequestRead                    0x08001993   Thumb Code   298  stm32f4xx_hal_i2c.o(.text)
    I2C_WaitOnSTOPFlagUntilTimeout           0x08001f7d   Thumb Code    82  stm32f4xx_hal_i2c.o(.text)
    I2C_DMAError                             0x080028e5   Thumb Code    60  stm32f4xx_hal_i2c.o(.text)
    I2C_DMAXferCplt                          0x08002925   Thumb Code   176  stm32f4xx_hal_i2c.o(.text)
    I2C_DMAAbort                             0x08002c9d   Thumb Code   104  stm32f4xx_hal_i2c.o(.text)
    I2C_ITError                              0x08002d05   Thumb Code   378  stm32f4xx_hal_i2c.o(.text)
    I2C_RequestMemoryWrite                   0x08003131   Thumb Code   218  stm32f4xx_hal_i2c.o(.text)
    I2C_RequestMemoryRead                    0x080033a3   Thumb Code   340  stm32f4xx_hal_i2c.o(.text)
    I2C_SlaveReceive_BTF                     0x08003f39   Thumb Code    30  stm32f4xx_hal_i2c.o(.text)
    I2C_SlaveReceive_RXNE                    0x08003f59   Thumb Code    72  stm32f4xx_hal_i2c.o(.text)
    I2C_SlaveTransmit_BTF                    0x08003fa1   Thumb Code    28  stm32f4xx_hal_i2c.o(.text)
    I2C_SlaveTransmit_TXE                    0x08003fbf   Thumb Code    70  stm32f4xx_hal_i2c.o(.text)
    I2C_Slave_STOPF                          0x08004005   Thumb Code   268  stm32f4xx_hal_i2c.o(.text)
    I2C_Slave_ADDR                           0x08004113   Thumb Code    54  stm32f4xx_hal_i2c.o(.text)
    I2C_MasterReceive_BTF                    0x08004149   Thumb Code   248  stm32f4xx_hal_i2c.o(.text)
    I2C_MasterReceive_RXNE                   0x08004241   Thumb Code   210  stm32f4xx_hal_i2c.o(.text)
    I2C_MasterTransmit_BTF                   0x08004317   Thumb Code   160  stm32f4xx_hal_i2c.o(.text)
    I2C_MasterTransmit_TXE                   0x080043b7   Thumb Code   330  stm32f4xx_hal_i2c.o(.text)
    I2C_Master_ADDR                          0x08004501   Thumb Code   558  stm32f4xx_hal_i2c.o(.text)
    I2C_Master_ADD10                         0x0800472f   Thumb Code    14  stm32f4xx_hal_i2c.o(.text)
    I2C_Master_SB                            0x0800473d   Thumb Code   130  stm32f4xx_hal_i2c.o(.text)
    I2C_Slave_AF                             0x0800492f   Thumb Code   158  stm32f4xx_hal_i2c.o(.text)
    .text                                    0x08004ad0   Section        0  stm32f4xx_hal_msp_template.o(.text)
    .text                                    0x08004ad8   Section        0  stm32f4xx_hal_pcd.o(.text)
    PCD_WriteEmptyTxFifo                     0x08004cc3   Thumb Code   162  stm32f4xx_hal_pcd.o(.text)
    .text                                    0x080057b8   Section        0  stm32f4xx_hal_pcd_ex.o(.text)
    .text                                    0x08005814   Section        0  stm32f4xx_hal_rcc.o(.text)
    .text                                    0x080061a4   Section        0  stm32f4xx_ll_usb.o(.text)
    USB_CoreReset                            0x080061a5   Thumb Code    70  stm32f4xx_ll_usb.o(.text)
    .text                                    0x08007780   Section        0  tm_stm32_rcc.o(.text)
    .text                                    0x08007834   Section        0  tm_stm32_gpio.o(.text)
    .text                                    0x08007b34   Section        0  tm_stm32_delay.o(.text)
    .text                                    0x08007da8   Section        0  tm_stm32_disco.o(.text)
    .text                                    0x08007e40   Section        0  tm_stm32_exti.o(.text)
    .text                                    0x08008264   Section        0  tm_stm32_usb.o(.text)
    .text                                    0x0800838c   Section        0  tm_stm32_usb_device.o(.text)
    .text                                    0x08008404   Section        0  tm_stm32_mpu9250.o(.text)
    Delayms                                  0x08008759   Thumb Code    12  tm_stm32_mpu9250.o(.text)
    .text                                    0x08008778   Section        0  tm_stm32_usb_device_cdc.o(.text)
    TM_USBD_CDC_INT_GetRXBuffer              0x08008779   Thumb Code    16  tm_stm32_usb_device_cdc.o(.text)
    TM_USBD_CDC_INT_GetTXBuffer              0x08008789   Thumb Code    16  tm_stm32_usb_device_cdc.o(.text)
    IntToUnicode                             0x08008a37   Thumb Code    62  tm_stm32_usb_device_cdc.o(.text)
    Get_SerialNum                            0x08008a75   Thumb Code    42  tm_stm32_usb_device_cdc.o(.text)
    .text                                    0x08008bc4   Section        0  tm_stm32_buffer.o(.text)
    .text                                    0x08008fc0   Section        0  tm_stm32_i2c.o(.text)
    TM_I2C_FillSettings                      0x08008fe5   Thumb Code    26  tm_stm32_i2c.o(.text)
    TM_I2C3_INT_InitPins                     0x08009001   Thumb Code    86  tm_stm32_i2c.o(.text)
    TM_I2C2_INT_InitPins                     0x08009057   Thumb Code    90  tm_stm32_i2c.o(.text)
    TM_I2C1_INT_InitPins                     0x080090b1   Thumb Code    92  tm_stm32_i2c.o(.text)
    .text                                    0x08009520   Section        0  main.o(.text)
    .text                                    0x080098d4   Section        0  stm32fxxx_it.o(.text)
    .text                                    0x080098f8   Section        0  system_stm32f4xx.o(.text)
    .text                                    0x08009a18   Section        0  usbd_conf.o(.text)
    .text                                    0x08009d8c   Section        0  usbd_core.o(.text)
    .text                                    0x0800a14c   Section        0  usbd_ctlreq.o(.text)
    USBD_ClrFeature                          0x0800a165   Thumb Code    68  usbd_ctlreq.o(.text)
    USBD_SetFeature                          0x0800a1a9   Thumb Code    36  usbd_ctlreq.o(.text)
    USBD_GetStatus                           0x0800a1cd   Thumb Code    68  usbd_ctlreq.o(.text)
    USBD_GetConfig                           0x0800a211   Thumb Code    80  usbd_ctlreq.o(.text)
    USBD_SetConfig                           0x0800a261   Thumb Code   218  usbd_ctlreq.o(.text)
    USBD_SetAddress                          0x0800a33b   Thumb Code    84  usbd_ctlreq.o(.text)
    USBD_GetDescriptor                       0x0800a38f   Thumb Code   328  usbd_ctlreq.o(.text)
    USBD_GetLen                              0x0800a715   Thumb Code    20  usbd_ctlreq.o(.text)
    .text                                    0x0800a77a   Section        0  usbd_ioreq.o(.text)
    .text                                    0x0800a83c   Section        0  usbd_cdc.o(.text)
    USBD_CDC_Init                            0x0800a83d   Thumb Code   166  usbd_cdc.o(.text)
    USBD_CDC_DeInit                          0x0800a8e3   Thumb Code    64  usbd_cdc.o(.text)
    USBD_CDC_Setup                           0x0800a923   Thumb Code   138  usbd_cdc.o(.text)
    USBD_CDC_DataIn                          0x0800a9ad   Thumb Code    26  usbd_cdc.o(.text)
    USBD_CDC_DataOut                         0x0800a9c7   Thumb Code    52  usbd_cdc.o(.text)
    USBD_CDC_EP0_RxReady                     0x0800a9fb   Thumb Code    50  usbd_cdc.o(.text)
    USBD_CDC_GetFSCfgDesc                    0x0800aa2d   Thumb Code    10  usbd_cdc.o(.text)
    USBD_CDC_GetHSCfgDesc                    0x0800aa37   Thumb Code    10  usbd_cdc.o(.text)
    USBD_CDC_GetOtherSpeedCfgDesc            0x0800aa41   Thumb Code    10  usbd_cdc.o(.text)
    .text                                    0x0800ab0c   Section        0  usbd_cdc_if.o(.text)
    VCP_Init                                 0x0800ab0d   Thumb Code    34  usbd_cdc_if.o(.text)
    VCP_InitFS                               0x0800ab2f   Thumb Code    10  usbd_cdc_if.o(.text)
    VCP_InitHS                               0x0800ab39   Thumb Code    10  usbd_cdc_if.o(.text)
    VCP_DeInit                               0x0800ab43   Thumb Code     6  usbd_cdc_if.o(.text)
    VCP_DeInitFS                             0x0800ab49   Thumb Code    10  usbd_cdc_if.o(.text)
    VCP_DeInitHS                             0x0800ab53   Thumb Code    10  usbd_cdc_if.o(.text)
    VCP_Control                              0x0800ab5d   Thumb Code   102  usbd_cdc_if.o(.text)
    VCP_ControlFS                            0x0800abc3   Thumb Code    22  usbd_cdc_if.o(.text)
    VCP_ControlHS                            0x0800abd9   Thumb Code    22  usbd_cdc_if.o(.text)
    VCP_Receive                              0x0800abef   Thumb Code    30  usbd_cdc_if.o(.text)
    VCP_ReceiveFS                            0x0800ac0d   Thumb Code    18  usbd_cdc_if.o(.text)
    VCP_ReceiveHS                            0x0800ac1f   Thumb Code    18  usbd_cdc_if.o(.text)
    .text                                    0x0800ac44   Section        0  memcpya.o(.text)
    .text                                    0x0800ac68   Section        0  memseta.o(.text)
    .text                                    0x0800ac8c   Section        0  strlen.o(.text)
    .text                                    0x0800ac9a   Section        0  dadd.o(.text)
    .text                                    0x0800ade8   Section        0  dmul.o(.text)
    .text                                    0x0800aecc   Section        0  dflti.o(.text)
    .text                                    0x0800aeee   Section        0  dfixi.o(.text)
    .text                                    0x0800af2c   Section        0  f2d.o(.text)
    .text                                    0x0800af54   Section       48  cdcmple.o(.text)
    .text                                    0x0800af84   Section        0  llshl.o(.text)
    .text                                    0x0800afa2   Section        0  llushr.o(.text)
    .text                                    0x0800afc2   Section        0  llsshr.o(.text)
    .text                                    0x0800afe6   Section        0  depilogue.o(.text)
    .text                                    0x0800afe6   Section        0  iusefp.o(.text)
    .text                                    0x0800b0a0   Section       36  init.o(.text)
    .text                                    0x0800b0c4   Section        0  semi.o(.text)
    .text                                    0x0800b0c4   Section        0  __dczerorl2.o(.text)
    .text                                    0x0800b0c4   Section        0  iusesemip.o(.text)
    i.__0printf$bare                         0x0800b11c   Section        0  printfb.o(i.__0printf$bare)
    i.__scatterload_copy                     0x0800b12c   Section       14  handlers.o(i.__scatterload_copy)
    i.__scatterload_null                     0x0800b13a   Section        2  handlers.o(i.__scatterload_null)
    i.__scatterload_zeroinit                 0x0800b13c   Section       14  handlers.o(i.__scatterload_zeroinit)
    i._printf_core                           0x0800b14a   Section        0  printfb.o(i._printf_core)
    _printf_core                             0x0800b14b   Thumb Code    34  printfb.o(i._printf_core)
    i.fputc                                  0x0800b16c   Section        0  fputc.o(i.fputc)
    i.free                                   0x0800b180   Section        0  malloc.o(i.free)
    i.malloc                                 0x0800b1d0   Section        0  malloc.o(i.malloc)
    .constdata                               0x0800b23c   Section        8  stm32f4xx_hal_dma.o(.constdata)
    flagBitshiftOffset                       0x0800b23c   Data           8  stm32f4xx_hal_dma.o(.constdata)
    .constdata                               0x0800b244   Section       24  system_stm32f4xx.o(.constdata)
    .data                                    0x20000000   Section        4  stm32f4xx_hal.o(.data)
    .data                                    0x20000004   Section        4  stm32f4xx_ll_usb.o(.data)
    debug                                    0x20000004   Data           4  stm32f4xx_ll_usb.o(.data)
    .data                                    0x20000008   Section        8  tm_stm32_delay.o(.data)
    .data                                    0x20000010   Section        1  tm_stm32_disco.o(.data)
    TM_INT_DISCO_ButtonPressed               0x20000010   Data           1  tm_stm32_disco.o(.data)
    .data                                    0x20000014   Section       12  tm_stm32_usb_device.o(.data)
    hUSBDevices                              0x20000014   Data          12  tm_stm32_usb_device.o(.data)
    .data                                    0x20000020   Section       78  tm_stm32_usb_device_cdc.o(.data)
    .data                                    0x20000070   Section      252  tm_stm32_i2c.o(.data)
    I2C1Handle                               0x20000070   Data          84  tm_stm32_i2c.o(.data)
    I2C2Handle                               0x200000c4   Data          84  tm_stm32_i2c.o(.data)
    I2C3Handle                               0x20000118   Data          84  tm_stm32_i2c.o(.data)
    .data                                    0x2000016c   Section       20  main.o(.data)
    print                                    0x2000017c   Data           4  main.o(.data)
    .data                                    0x20000180   Section        4  system_stm32f4xx.o(.data)
    .data                                    0x20000184   Section        1  usbd_ctlreq.o(.data)
    cfgidx                                   0x20000184   Data           1  usbd_ctlreq.o(.data)
    .data                                    0x20000188   Section      272  usbd_cdc.o(.data)
    USBD_CDC_DeviceQualifierDesc             0x20000188   Data          10  usbd_cdc.o(.data)
    ifalt                                    0x20000297   Data           1  usbd_cdc.o(.data)
    .data                                    0x20000298   Section       48  usbd_cdc_if.o(.data)
    .data                                    0x200002c8   Section        4  stdout.o(.data)
    .data                                    0x200002cc   Section        4  mvars.o(.data)
    .data                                    0x200002d0   Section        4  mvars.o(.data)
    .bss                                     0x200002d4   Section       26  tm_stm32_gpio.o(.bss)
    GPIO_UsedPins                            0x200002d4   Data          26  tm_stm32_gpio.o(.bss)
    .bss                                     0x200002f0   Section       24  tm_stm32_delay.o(.bss)
    CustomTimers                             0x200002f0   Data          24  tm_stm32_delay.o(.bss)
    .bss                                     0x20000308   Section     1096  tm_stm32_usb_device.o(.bss)
    .bss                                     0x20000750   Section     1888  tm_stm32_usb_device_cdc.o(.bss)
    USBD_CDC_tmp_FS                          0x20000cb0   Data         256  tm_stm32_usb_device_cdc.o(.bss)
    USBD_CDC_tmp_HS                          0x20000db0   Data         256  tm_stm32_usb_device_cdc.o(.bss)
    .bss                                     0x20000eb0   Section      102  main.o(.bss)
    .bss                                     0x20000f18   Section     2016  usbd_conf.o(.bss)
    .bss                                     0x200016f8   Section      512  usbd_cdc_if.o(.bss)
    FS_TMP_RX_Buff                           0x200016f8   Data         256  usbd_cdc_if.o(.bss)
    HS_TMP_RX_Buff                           0x200017f8   Data         256  usbd_cdc_if.o(.bss)
    HEAP                                     0x200018f8   Section     4096  startup_stm32f407xx.o(HEAP)
    STACK                                    0x200028f8   Section     1024  startup_stm32f407xx.o(STACK)

    Global Symbols

    Symbol Name                              Value     Ov Type        Size  Object(Section)

    BuildAttributes$$THM_ISAv4$E$P$D$K$B$S$7EM$VFPi3$EXTD16$VFPS$VFMA$PE$A:L22UL41UL21$X:L11$S22US41US21$IEEE1$IW$USESV6$~STKCKD$USESV7$~SHL$OSPACE$ROPI$EBA8$MICROLIB$REQ8$PRES8$EABIv2 0x00000000   Number         0  anon$$obj.o ABSOLUTE
    __ARM_use_no_argv                        0x00000000   Number         0  main.o ABSOLUTE
    __cpp_initialize__aeabi_                  - Undefined Weak Reference
    __cxa_finalize                            - Undefined Weak Reference
    _clock_init                               - Undefined Weak Reference
    _microlib_exit                            - Undefined Weak Reference
    __Vectors_Size                           0x00000188   Number         0  startup_stm32f407xx.o ABSOLUTE
    __Vectors                                0x08000000   Data           4  startup_stm32f407xx.o(RESET)
    __Vectors_End                            0x08000188   Data           0  startup_stm32f407xx.o(RESET)
    __main                                   0x08000189   Thumb Code     0  entry.o(.ARM.Collect$$$$00000000)
    _main_stk                                0x08000189   Thumb Code     0  entry2.o(.ARM.Collect$$$$00000001)
    _main_scatterload                        0x0800018d   Thumb Code     0  entry5.o(.ARM.Collect$$$$00000004)
    __main_after_scatterload                 0x08000191   Thumb Code     0  entry5.o(.ARM.Collect$$$$00000004)
    _main_clock                              0x08000191   Thumb Code     0  entry7b.o(.ARM.Collect$$$$00000008)
    _main_cpp_init                           0x08000191   Thumb Code     0  entry8b.o(.ARM.Collect$$$$0000000A)
    _main_init                               0x08000191   Thumb Code     0  entry9a.o(.ARM.Collect$$$$0000000B)
    __rt_final_cpp                           0x08000199   Thumb Code     0  entry10a.o(.ARM.Collect$$$$0000000D)
    __rt_final_exit                          0x08000199   Thumb Code     0  entry11a.o(.ARM.Collect$$$$0000000F)
    Reset_Handler                            0x0800019d   Thumb Code     8  startup_stm32f407xx.o(.text)
    ADC_IRQHandler                           0x080001b7   Thumb Code     0  startup_stm32f407xx.o(.text)
    CAN1_RX0_IRQHandler                      0x080001b7   Thumb Code     0  startup_stm32f407xx.o(.text)
    CAN1_RX1_IRQHandler                      0x080001b7   Thumb Code     0  startup_stm32f407xx.o(.text)
    CAN1_SCE_IRQHandler                      0x080001b7   Thumb Code     0  startup_stm32f407xx.o(.text)
    CAN1_TX_IRQHandler                       0x080001b7   Thumb Code     0  startup_stm32f407xx.o(.text)
    CAN2_RX0_IRQHandler                      0x080001b7   Thumb Code     0  startup_stm32f407xx.o(.text)
    CAN2_RX1_IRQHandler                      0x080001b7   Thumb Code     0  startup_stm32f407xx.o(.text)
    CAN2_SCE_IRQHandler                      0x080001b7   Thumb Code     0  startup_stm32f407xx.o(.text)
    CAN2_TX_IRQHandler                       0x080001b7   Thumb Code     0  startup_stm32f407xx.o(.text)
    DCMI_IRQHandler                          0x080001b7   Thumb Code     0  startup_stm32f407xx.o(.text)
    DMA1_Stream0_IRQHandler                  0x080001b7   Thumb Code     0  startup_stm32f407xx.o(.text)
    DMA1_Stream1_IRQHandler                  0x080001b7   Thumb Code     0  startup_stm32f407xx.o(.text)
    DMA1_Stream2_IRQHandler                  0x080001b7   Thumb Code     0  startup_stm32f407xx.o(.text)
    DMA1_Stream3_IRQHandler                  0x080001b7   Thumb Code     0  startup_stm32f407xx.o(.text)
    DMA1_Stream4_IRQHandler                  0x080001b7   Thumb Code     0  startup_stm32f407xx.o(.text)
    DMA1_Stream5_IRQHandler                  0x080001b7   Thumb Code     0  startup_stm32f407xx.o(.text)
    DMA1_Stream6_IRQHandler                  0x080001b7   Thumb Code     0  startup_stm32f407xx.o(.text)
    DMA1_Stream7_IRQHandler                  0x080001b7   Thumb Code     0  startup_stm32f407xx.o(.text)
    DMA2_Stream0_IRQHandler                  0x080001b7   Thumb Code     0  startup_stm32f407xx.o(.text)
    DMA2_Stream1_IRQHandler                  0x080001b7   Thumb Code     0  startup_stm32f407xx.o(.text)
    DMA2_Stream2_IRQHandler                  0x080001b7   Thumb Code     0  startup_stm32f407xx.o(.text)
    DMA2_Stream3_IRQHandler                  0x080001b7   Thumb Code     0  startup_stm32f407xx.o(.text)
    DMA2_Stream4_IRQHandler                  0x080001b7   Thumb Code     0  startup_stm32f407xx.o(.text)
    DMA2_Stream5_IRQHandler                  0x080001b7   Thumb Code     0  startup_stm32f407xx.o(.text)
    DMA2_Stream6_IRQHandler                  0x080001b7   Thumb Code     0  startup_stm32f407xx.o(.text)
    DMA2_Stream7_IRQHandler                  0x080001b7   Thumb Code     0  startup_stm32f407xx.o(.text)
    ETH_IRQHandler                           0x080001b7   Thumb Code     0  startup_stm32f407xx.o(.text)
    ETH_WKUP_IRQHandler                      0x080001b7   Thumb Code     0  startup_stm32f407xx.o(.text)
    FLASH_IRQHandler                         0x080001b7   Thumb Code     0  startup_stm32f407xx.o(.text)
    FMC_IRQHandler                           0x080001b7   Thumb Code     0  startup_stm32f407xx.o(.text)
    FPU_IRQHandler                           0x080001b7   Thumb Code     0  startup_stm32f407xx.o(.text)
    HASH_RNG_IRQHandler                      0x080001b7   Thumb Code     0  startup_stm32f407xx.o(.text)
    I2C1_ER_IRQHandler                       0x080001b7   Thumb Code     0  startup_stm32f407xx.o(.text)
    I2C1_EV_IRQHandler                       0x080001b7   Thumb Code     0  startup_stm32f407xx.o(.text)
    I2C2_ER_IRQHandler                       0x080001b7   Thumb Code     0  startup_stm32f407xx.o(.text)
    I2C2_EV_IRQHandler                       0x080001b7   Thumb Code     0  startup_stm32f407xx.o(.text)
    I2C3_ER_IRQHandler                       0x080001b7   Thumb Code     0  startup_stm32f407xx.o(.text)
    I2C3_EV_IRQHandler                       0x080001b7   Thumb Code     0  startup_stm32f407xx.o(.text)
    OTG_FS_WKUP_IRQHandler                   0x080001b7   Thumb Code     0  startup_stm32f407xx.o(.text)
    OTG_HS_EP1_IN_IRQHandler                 0x080001b7   Thumb Code     0  startup_stm32f407xx.o(.text)
    OTG_HS_EP1_OUT_IRQHandler                0x080001b7   Thumb Code     0  startup_stm32f407xx.o(.text)
    OTG_HS_WKUP_IRQHandler                   0x080001b7   Thumb Code     0  startup_stm32f407xx.o(.text)
    PVD_IRQHandler                           0x080001b7   Thumb Code     0  startup_stm32f407xx.o(.text)
    RCC_IRQHandler                           0x080001b7   Thumb Code     0  startup_stm32f407xx.o(.text)
    RTC_Alarm_IRQHandler                     0x080001b7   Thumb Code     0  startup_stm32f407xx.o(.text)
    RTC_WKUP_IRQHandler                      0x080001b7   Thumb Code     0  startup_stm32f407xx.o(.text)
    SDIO_IRQHandler                          0x080001b7   Thumb Code     0  startup_stm32f407xx.o(.text)
    SPI1_IRQHandler                          0x080001b7   Thumb Code     0  startup_stm32f407xx.o(.text)
    SPI2_IRQHandler                          0x080001b7   Thumb Code     0  startup_stm32f407xx.o(.text)
    SPI3_IRQHandler                          0x080001b7   Thumb Code     0  startup_stm32f407xx.o(.text)
    TAMP_STAMP_IRQHandler                    0x080001b7   Thumb Code     0  startup_stm32f407xx.o(.text)
    TIM1_BRK_TIM9_IRQHandler                 0x080001b7   Thumb Code     0  startup_stm32f407xx.o(.text)
    TIM1_CC_IRQHandler                       0x080001b7   Thumb Code     0  startup_stm32f407xx.o(.text)
    TIM1_TRG_COM_TIM11_IRQHandler            0x080001b7   Thumb Code     0  startup_stm32f407xx.o(.text)
    TIM1_UP_TIM10_IRQHandler                 0x080001b7   Thumb Code     0  startup_stm32f407xx.o(.text)
    TIM2_IRQHandler                          0x080001b7   Thumb Code     0  startup_stm32f407xx.o(.text)
    TIM3_IRQHandler                          0x080001b7   Thumb Code     0  startup_stm32f407xx.o(.text)
    TIM4_IRQHandler                          0x080001b7   Thumb Code     0  startup_stm32f407xx.o(.text)
    TIM5_IRQHandler                          0x080001b7   Thumb Code     0  startup_stm32f407xx.o(.text)
    TIM6_DAC_IRQHandler                      0x080001b7   Thumb Code     0  startup_stm32f407xx.o(.text)
    TIM7_IRQHandler                          0x080001b7   Thumb Code     0  startup_stm32f407xx.o(.text)
    TIM8_BRK_TIM12_IRQHandler                0x080001b7   Thumb Code     0  startup_stm32f407xx.o(.text)
    TIM8_CC_IRQHandler                       0x080001b7   Thumb Code     0  startup_stm32f407xx.o(.text)
    TIM8_TRG_COM_TIM14_IRQHandler            0x080001b7   Thumb Code     0  startup_stm32f407xx.o(.text)
    TIM8_UP_TIM13_IRQHandler                 0x080001b7   Thumb Code     0  startup_stm32f407xx.o(.text)
    UART4_IRQHandler                         0x080001b7   Thumb Code     0  startup_stm32f407xx.o(.text)
    UART5_IRQHandler                         0x080001b7   Thumb Code     0  startup_stm32f407xx.o(.text)
    USART1_IRQHandler                        0x080001b7   Thumb Code     0  startup_stm32f407xx.o(.text)
    USART2_IRQHandler                        0x080001b7   Thumb Code     0  startup_stm32f407xx.o(.text)
    USART3_IRQHandler                        0x080001b7   Thumb Code     0  startup_stm32f407xx.o(.text)
    USART6_IRQHandler                        0x080001b7   Thumb Code     0  startup_stm32f407xx.o(.text)
    WWDG_IRQHandler                          0x080001b7   Thumb Code     0  startup_stm32f407xx.o(.text)
    HAL_InitTick                             0x080001c3   Thumb Code    36  stm32f4xx_hal.o(.text)
    HAL_Init                                 0x080001e7   Thumb Code    54  stm32f4xx_hal.o(.text)
    HAL_DeInit                               0x0800021f   Thumb Code    64  stm32f4xx_hal.o(.text)
    HAL_SuspendTick                          0x0800028f   Thumb Code    18  stm32f4xx_hal.o(.text)
    HAL_ResumeTick                           0x080002a1   Thumb Code    18  stm32f4xx_hal.o(.text)
    HAL_GetHalVersion                        0x080002b3   Thumb Code     4  stm32f4xx_hal.o(.text)
    HAL_GetREVID                             0x080002b7   Thumb Code     8  stm32f4xx_hal.o(.text)
    HAL_GetDEVID                             0x080002bf   Thumb Code    10  stm32f4xx_hal.o(.text)
    HAL_DBGMCU_EnableDBGSleepMode            0x080002c9   Thumb Code    14  stm32f4xx_hal.o(.text)
    HAL_DBGMCU_DisableDBGSleepMode           0x080002d7   Thumb Code    14  stm32f4xx_hal.o(.text)
    HAL_DBGMCU_EnableDBGStopMode             0x080002e5   Thumb Code    14  stm32f4xx_hal.o(.text)
    HAL_DBGMCU_DisableDBGStopMode            0x080002f3   Thumb Code    14  stm32f4xx_hal.o(.text)
    HAL_DBGMCU_EnableDBGStandbyMode          0x08000301   Thumb Code    14  stm32f4xx_hal.o(.text)
    HAL_DBGMCU_DisableDBGStandbyMode         0x0800030f   Thumb Code    14  stm32f4xx_hal.o(.text)
    HAL_EnableCompensationCell               0x0800031d   Thumb Code    22  stm32f4xx_hal.o(.text)
    HAL_DisableCompensationCell              0x08000333   Thumb Code    24  stm32f4xx_hal.o(.text)
    HAL_GetUID                               0x0800034b   Thumb Code    24  stm32f4xx_hal.o(.text)
    HAL_NVIC_SetPriorityGrouping             0x080003a5   Thumb Code    36  stm32f4xx_hal_cortex.o(.text)
    HAL_NVIC_SetPriority                     0x080003c9   Thumb Code   124  stm32f4xx_hal_cortex.o(.text)
    HAL_NVIC_EnableIRQ                       0x08000445   Thumb Code    26  stm32f4xx_hal_cortex.o(.text)
    HAL_NVIC_DisableIRQ                      0x0800045f   Thumb Code    22  stm32f4xx_hal_cortex.o(.text)
    HAL_NVIC_SystemReset                     0x08000475   Thumb Code    64  stm32f4xx_hal_cortex.o(.text)
    HAL_SYSTICK_Config                       0x080004b5   Thumb Code    52  stm32f4xx_hal_cortex.o(.text)
    HAL_MPU_Disable                          0x080004e9   Thumb Code    42  stm32f4xx_hal_cortex.o(.text)
    HAL_MPU_Enable                           0x08000513   Thumb Code    60  stm32f4xx_hal_cortex.o(.text)
    HAL_MPU_ConfigRegion                     0x0800054f   Thumb Code    90  stm32f4xx_hal_cortex.o(.text)
    HAL_NVIC_GetPriorityGrouping             0x080005a9   Thumb Code     8  stm32f4xx_hal_cortex.o(.text)
    HAL_NVIC_GetPriority                     0x080005b1   Thumb Code   138  stm32f4xx_hal_cortex.o(.text)
    HAL_NVIC_SetPendingIRQ                   0x0800063b   Thumb Code    24  stm32f4xx_hal_cortex.o(.text)
    HAL_NVIC_GetPendingIRQ                   0x08000653   Thumb Code    38  stm32f4xx_hal_cortex.o(.text)
    HAL_NVIC_ClearPendingIRQ                 0x08000679   Thumb Code    22  stm32f4xx_hal_cortex.o(.text)
    HAL_NVIC_GetActive                       0x0800068f   Thumb Code    38  stm32f4xx_hal_cortex.o(.text)
    HAL_SYSTICK_CLKSourceConfig              0x080006b5   Thumb Code    40  stm32f4xx_hal_cortex.o(.text)
    HAL_SYSTICK_Callback                     0x080006dd   Thumb Code     2  stm32f4xx_hal_cortex.o(.text)
    HAL_SYSTICK_IRQHandler                   0x080006df   Thumb Code     8  stm32f4xx_hal_cortex.o(.text)
    HAL_DMA_Init                             0x080007e1   Thumb Code   232  stm32f4xx_hal_dma.o(.text)
    HAL_DMA_DeInit                           0x080008c9   Thumb Code    98  stm32f4xx_hal_dma.o(.text)
    HAL_DMA_Start                            0x08000957   Thumb Code   102  stm32f4xx_hal_dma.o(.text)
    HAL_DMA_Start_IT                         0x080009bd   Thumb Code   158  stm32f4xx_hal_dma.o(.text)
    HAL_DMA_Abort                            0x08000a5b   Thumb Code   178  stm32f4xx_hal_dma.o(.text)
    HAL_DMA_Abort_IT                         0x08000b0d   Thumb Code    40  stm32f4xx_hal_dma.o(.text)
    HAL_DMA_PollForTransfer                  0x08000b35   Thumb Code   350  stm32f4xx_hal_dma.o(.text)
    HAL_DMA_IRQHandler                       0x08000c93   Thumb Code   574  stm32f4xx_hal_dma.o(.text)
    HAL_DMA_RegisterCallback                 0x08000ed1   Thumb Code    94  stm32f4xx_hal_dma.o(.text)
    HAL_DMA_UnRegisterCallback               0x08000f2f   Thumb Code   124  stm32f4xx_hal_dma.o(.text)
    HAL_DMA_GetState                         0x08000fab   Thumb Code     8  stm32f4xx_hal_dma.o(.text)
    HAL_DMA_GetError                         0x08000fb3   Thumb Code     6  stm32f4xx_hal_dma.o(.text)
    HAL_GPIO_Init                            0x08000fc1   Thumb Code   466  stm32f4xx_hal_gpio.o(.text)
    HAL_GPIO_DeInit                          0x08001193   Thumb Code   316  stm32f4xx_hal_gpio.o(.text)
    HAL_GPIO_ReadPin                         0x080012cf   Thumb Code    16  stm32f4xx_hal_gpio.o(.text)
    HAL_GPIO_WritePin                        0x080012df   Thumb Code    12  stm32f4xx_hal_gpio.o(.text)
    HAL_GPIO_TogglePin                       0x080012eb   Thumb Code     8  stm32f4xx_hal_gpio.o(.text)
    HAL_GPIO_LockPin                         0x080012f3   Thumb Code    46  stm32f4xx_hal_gpio.o(.text)
    HAL_GPIO_EXTI_Callback                   0x08001321   Thumb Code     2  stm32f4xx_hal_gpio.o(.text)
    HAL_GPIO_EXTI_IRQHandler                 0x08001323   Thumb Code    28  stm32f4xx_hal_gpio.o(.text)
    HAL_I2C_MspInit                          0x0800136d   Thumb Code     2  stm32f4xx_hal_i2c.o(.text)
    HAL_I2C_Init                             0x0800136f   Thumb Code   286  stm32f4xx_hal_i2c.o(.text)
    HAL_I2C_MspDeInit                        0x0800148d   Thumb Code     2  stm32f4xx_hal_i2c.o(.text)
    HAL_I2C_DeInit                           0x0800148f   Thumb Code    60  stm32f4xx_hal_i2c.o(.text)
    HAL_I2C_Master_Transmit                  0x08001799   Thumb Code   396  stm32f4xx_hal_i2c.o(.text)
    HAL_I2C_Master_Receive                   0x08001abd   Thumb Code   808  stm32f4xx_hal_i2c.o(.text)
    HAL_I2C_Slave_Transmit                   0x08001de5   Thumb Code   408  stm32f4xx_hal_i2c.o(.text)
    HAL_I2C_Slave_Receive                    0x08001fcf   Thumb Code   410  stm32f4xx_hal_i2c.o(.text)
    HAL_I2C_Master_Transmit_IT               0x08002169   Thumb Code   218  stm32f4xx_hal_i2c.o(.text)
    HAL_I2C_Master_Receive_IT                0x08002243   Thumb Code   230  stm32f4xx_hal_i2c.o(.text)
    HAL_I2C_Master_Sequential_Transmit_IT    0x08002329   Thumb Code   266  stm32f4xx_hal_i2c.o(.text)
    HAL_I2C_Master_Sequential_Receive_IT     0x08002433   Thumb Code   306  stm32f4xx_hal_i2c.o(.text)
    HAL_I2C_Slave_Transmit_IT                0x08002565   Thumb Code   224  stm32f4xx_hal_i2c.o(.text)
    HAL_I2C_Slave_Receive_IT                 0x08002645   Thumb Code   222  stm32f4xx_hal_i2c.o(.text)
    HAL_I2C_Slave_Sequential_Transmit_IT     0x08002723   Thumb Code   154  stm32f4xx_hal_i2c.o(.text)
    HAL_I2C_Slave_Sequential_Receive_IT      0x080027bd   Thumb Code   154  stm32f4xx_hal_i2c.o(.text)
    HAL_I2C_EnableListen_IT                  0x08002857   Thumb Code    70  stm32f4xx_hal_i2c.o(.text)
    HAL_I2C_DisableListen_IT                 0x0800289d   Thumb Code    70  stm32f4xx_hal_i2c.o(.text)
    HAL_I2C_ErrorCallback                    0x080028e3   Thumb Code     2  stm32f4xx_hal_i2c.o(.text)
    HAL_I2C_MasterRxCpltCallback             0x08002921   Thumb Code     2  stm32f4xx_hal_i2c.o(.text)
    HAL_I2C_MemRxCpltCallback                0x08002923   Thumb Code     2  stm32f4xx_hal_i2c.o(.text)
    HAL_I2C_Master_Transmit_DMA              0x080029d5   Thumb Code   354  stm32f4xx_hal_i2c.o(.text)
    HAL_I2C_Master_Receive_DMA               0x08002b37   Thumb Code   354  stm32f4xx_hal_i2c.o(.text)
    HAL_I2C_ListenCpltCallback               0x08002c99   Thumb Code     2  stm32f4xx_hal_i2c.o(.text)
    HAL_I2C_AbortCpltCallback                0x08002c9b   Thumb Code     2  stm32f4xx_hal_i2c.o(.text)
    HAL_I2C_Master_Abort_IT                  0x08002e7f   Thumb Code   110  stm32f4xx_hal_i2c.o(.text)
    HAL_I2C_Slave_Transmit_DMA               0x08002eed   Thumb Code   290  stm32f4xx_hal_i2c.o(.text)
    HAL_I2C_Slave_Receive_DMA                0x0800300f   Thumb Code   290  stm32f4xx_hal_i2c.o(.text)
    HAL_I2C_Mem_Write                        0x0800320b   Thumb Code   408  stm32f4xx_hal_i2c.o(.text)
    HAL_I2C_Mem_Read                         0x080034f7   Thumb Code   810  stm32f4xx_hal_i2c.o(.text)
    HAL_I2C_Mem_Write_IT                     0x08003821   Thumb Code   228  stm32f4xx_hal_i2c.o(.text)
    HAL_I2C_Mem_Read_IT                      0x08003905   Thumb Code   244  stm32f4xx_hal_i2c.o(.text)
    HAL_I2C_Mem_Write_DMA                    0x080039f9   Thumb Code   386  stm32f4xx_hal_i2c.o(.text)
    HAL_I2C_Mem_Read_DMA                     0x08003b7b   Thumb Code   510  stm32f4xx_hal_i2c.o(.text)
    HAL_I2C_IsDeviceReady                    0x08003d79   Thumb Code   448  stm32f4xx_hal_i2c.o(.text)
    HAL_I2C_SlaveRxCpltCallback              0x08003f57   Thumb Code     2  stm32f4xx_hal_i2c.o(.text)
    HAL_I2C_SlaveTxCpltCallback              0x08003fbd   Thumb Code     2  stm32f4xx_hal_i2c.o(.text)
    HAL_I2C_AddrCallback                     0x08004111   Thumb Code     2  stm32f4xx_hal_i2c.o(.text)
    HAL_I2C_MasterTxCpltCallback             0x08004313   Thumb Code     2  stm32f4xx_hal_i2c.o(.text)
    HAL_I2C_MemTxCpltCallback                0x08004315   Thumb Code     2  stm32f4xx_hal_i2c.o(.text)
    HAL_I2C_EV_IRQHandler                    0x080047bf   Thumb Code   368  stm32f4xx_hal_i2c.o(.text)
    HAL_I2C_ER_IRQHandler                    0x080049cd   Thumb Code   226  stm32f4xx_hal_i2c.o(.text)
    HAL_I2C_GetState                         0x08004aaf   Thumb Code     8  stm32f4xx_hal_i2c.o(.text)
    HAL_I2C_GetMode                          0x08004ab7   Thumb Code     8  stm32f4xx_hal_i2c.o(.text)
    HAL_I2C_GetError                         0x08004abf   Thumb Code     6  stm32f4xx_hal_i2c.o(.text)
    HAL_MspInit                              0x08004ad1   Thumb Code     2  stm32f4xx_hal_msp_template.o(.text)
    HAL_MspDeInit                            0x08004ad3   Thumb Code     2  stm32f4xx_hal_msp_template.o(.text)
    HAL_PPP_MspInit                          0x08004ad5   Thumb Code     2  stm32f4xx_hal_msp_template.o(.text)
    HAL_PPP_MspDeInit                        0x08004ad7   Thumb Code     2  stm32f4xx_hal_msp_template.o(.text)
    HAL_PCD_Init                             0x08004adb   Thumb Code   322  stm32f4xx_hal_pcd.o(.text)
    HAL_PCD_Stop                             0x08004c1f   Thumb Code    58  stm32f4xx_hal_pcd.o(.text)
    HAL_PCD_DeInit                           0x08004c59   Thumb Code    38  stm32f4xx_hal_pcd.o(.text)
    HAL_PCD_Start                            0x08004c7f   Thumb Code    52  stm32f4xx_hal_pcd.o(.text)
    HAL_PCD_IRQHandler                       0x08004d6b   Thumb Code  1644  stm32f4xx_hal_pcd.o(.text)
    HAL_PCD_DevConnect                       0x080053d7   Thumb Code    46  stm32f4xx_hal_pcd.o(.text)
    HAL_PCD_DevDisconnect                    0x08005405   Thumb Code    46  stm32f4xx_hal_pcd.o(.text)
    HAL_PCD_SetAddress                       0x08005433   Thumb Code    50  stm32f4xx_hal_pcd.o(.text)
    HAL_PCD_EP_Open                          0x08005465   Thumb Code   140  stm32f4xx_hal_pcd.o(.text)
    HAL_PCD_EP_Close                         0x080054f1   Thumb Code   148  stm32f4xx_hal_pcd.o(.text)
    HAL_PCD_EP_Receive                       0x08005585   Thumb Code    88  stm32f4xx_hal_pcd.o(.text)
    HAL_PCD_EP_GetRxCount                    0x080055dd   Thumb Code    24  stm32f4xx_hal_pcd.o(.text)
    HAL_PCD_EP_Transmit                      0x080055f5   Thumb Code    90  stm32f4xx_hal_pcd.o(.text)
    HAL_PCD_EP_SetStall                      0x0800564f   Thumb Code   122  stm32f4xx_hal_pcd.o(.text)
    HAL_PCD_EP_ClrStall                      0x080056c9   Thumb Code   104  stm32f4xx_hal_pcd.o(.text)
    HAL_PCD_EP_Flush                         0x08005731   Thumb Code    68  stm32f4xx_hal_pcd.o(.text)
    HAL_PCD_ActivateRemoteWakeup             0x08005775   Thumb Code    36  stm32f4xx_hal_pcd.o(.text)
    HAL_PCD_DeActivateRemoteWakeup           0x08005799   Thumb Code    24  stm32f4xx_hal_pcd.o(.text)
    HAL_PCD_GetState                         0x080057b1   Thumb Code     8  stm32f4xx_hal_pcd.o(.text)
    HAL_PCDEx_SetTxFiFo                      0x080057b9   Thumb Code    82  stm32f4xx_hal_pcd_ex.o(.text)
    HAL_PCDEx_SetRxFiFo                      0x0800580b   Thumb Code    10  stm32f4xx_hal_pcd_ex.o(.text)
    HAL_RCC_OscConfig                        0x08005817   Thumb Code  1088  stm32f4xx_hal_rcc.o(.text)
    HAL_RCC_GetSysClockFreq                  0x08005c57   Thumb Code   170  stm32f4xx_hal_rcc.o(.text)
    HAL_RCC_ClockConfig                      0x08005d01   Thumb Code   466  stm32f4xx_hal_rcc.o(.text)
    HAL_RCC_MCOConfig                        0x08005ed3   Thumb Code   186  stm32f4xx_hal_rcc.o(.text)
    HAL_RCC_EnableCSS                        0x08005f8d   Thumb Code     8  stm32f4xx_hal_rcc.o(.text)
    HAL_RCC_DisableCSS                       0x08005f95   Thumb Code     8  stm32f4xx_hal_rcc.o(.text)
    HAL_RCC_GetHCLKFreq                      0x08005f9d   Thumb Code     6  stm32f4xx_hal_rcc.o(.text)
    HAL_RCC_GetPCLK1Freq                     0x08005fa3   Thumb Code    38  stm32f4xx_hal_rcc.o(.text)
    HAL_RCC_GetPCLK2Freq                     0x08005fc9   Thumb Code    38  stm32f4xx_hal_rcc.o(.text)
    HAL_RCC_GetOscConfig                     0x08005fef   Thumb Code   330  stm32f4xx_hal_rcc.o(.text)
    HAL_RCC_GetClockConfig                   0x08006139   Thumb Code    66  stm32f4xx_hal_rcc.o(.text)
    HAL_RCC_CSSCallback                      0x0800617b   Thumb Code     2  stm32f4xx_hal_rcc.o(.text)
    HAL_RCC_NMI_IRQHandler                   0x0800617d   Thumb Code    30  stm32f4xx_hal_rcc.o(.text)
    USB_CoreInit                             0x080061eb   Thumb Code   108  stm32f4xx_ll_usb.o(.text)
    USB_EnableGlobalInt                      0x08006257   Thumb Code    14  stm32f4xx_ll_usb.o(.text)
    USB_DisableGlobalInt                     0x08006265   Thumb Code    14  stm32f4xx_ll_usb.o(.text)
    USB_SetCurrentMode                       0x08006273   Thumb Code    48  stm32f4xx_ll_usb.o(.text)
    USB_FlushRxFifo                          0x080062a3   Thumb Code    38  stm32f4xx_ll_usb.o(.text)
    USB_FlushTxFifo                          0x080062c9   Thumb Code    44  stm32f4xx_ll_usb.o(.text)
    USB_SetDevSpeed                          0x080062f5   Thumb Code    16  stm32f4xx_ll_usb.o(.text)
    USB_DevInit                              0x08006305   Thumb Code   398  stm32f4xx_ll_usb.o(.text)
    USB_GetDevSpeed                          0x08006493   Thumb Code    68  stm32f4xx_ll_usb.o(.text)
    USB_ActivateEndpoint                     0x080064d7   Thumb Code   222  stm32f4xx_ll_usb.o(.text)
    USB_ActivateDedicatedEndpoint            0x080065b5   Thumb Code   276  stm32f4xx_ll_usb.o(.text)
    USB_DeactivateEndpoint                   0x080066c9   Thumb Code   258  stm32f4xx_ll_usb.o(.text)
    USB_DeactivateDedicatedEndpoint          0x080067cb   Thumb Code   258  stm32f4xx_ll_usb.o(.text)
    USB_WritePacket                          0x080068cd   Thumb Code    48  stm32f4xx_ll_usb.o(.text)
    USB_EPStartXfer                          0x080068fd   Thumb Code   732  stm32f4xx_ll_usb.o(.text)
    USB_EP0StartXfer                         0x08006bd9   Thumb Code   422  stm32f4xx_ll_usb.o(.text)
    USB_ReadPacket                           0x08006d7f   Thumb Code    34  stm32f4xx_ll_usb.o(.text)
    USB_EPSetStall                           0x08006da1   Thumb Code   140  stm32f4xx_ll_usb.o(.text)
    USB_EPClearStall                         0x08006e2d   Thumb Code   140  stm32f4xx_ll_usb.o(.text)
    USB_StopDevice                           0x08006eb9   Thumb Code    82  stm32f4xx_ll_usb.o(.text)
    USB_SetDevAddress                        0x08006f0b   Thumb Code    36  stm32f4xx_ll_usb.o(.text)
    USB_DevConnect                           0x08006f2f   Thumb Code    30  stm32f4xx_ll_usb.o(.text)
    USB_DevDisconnect                        0x08006f4d   Thumb Code    30  stm32f4xx_ll_usb.o(.text)
    USB_ReadInterrupts                       0x08006f6b   Thumb Code    12  stm32f4xx_ll_usb.o(.text)
    USB_ReadDevAllOutEpInterrupt             0x08006f77   Thumb Code    18  stm32f4xx_ll_usb.o(.text)
    USB_ReadDevAllInEpInterrupt              0x08006f89   Thumb Code    18  stm32f4xx_ll_usb.o(.text)
    USB_ReadDevOutEPInterrupt                0x08006f9b   Thumb Code    22  stm32f4xx_ll_usb.o(.text)
    USB_ReadDevInEPInterrupt                 0x08006fb1   Thumb Code    44  stm32f4xx_ll_usb.o(.text)
    USB_ClearInterrupts                      0x08006fdd   Thumb Code     8  stm32f4xx_ll_usb.o(.text)
    USB_GetMode                              0x08006fe5   Thumb Code    10  stm32f4xx_ll_usb.o(.text)
    USB_ActivateSetup                        0x08006fef   Thumb Code    68  stm32f4xx_ll_usb.o(.text)
    USB_EP0_OutStart                         0x08007033   Thumb Code    68  stm32f4xx_ll_usb.o(.text)
    USB_DriveVbus                            0x08007077   Thumb Code    68  stm32f4xx_ll_usb.o(.text)
    USB_HostInit                             0x080070bb   Thumb Code   214  stm32f4xx_ll_usb.o(.text)
    USB_InitFSLSPClkSel                      0x08007191   Thumb Code    62  stm32f4xx_ll_usb.o(.text)
    USB_ResetPort                            0x080071cf   Thumb Code    48  stm32f4xx_ll_usb.o(.text)
    USB_GetHostSpeed                         0x080071ff   Thumb Code    18  stm32f4xx_ll_usb.o(.text)
    USB_GetCurrentFrame                      0x08007211   Thumb Code    12  stm32f4xx_ll_usb.o(.text)
    USB_HC_Init                              0x0800721d   Thumb Code   392  stm32f4xx_ll_usb.o(.text)
    USB_DoPing                               0x080073a5   Thumb Code    60  stm32f4xx_ll_usb.o(.text)
    USB_HC_StartXfer                         0x080073e1   Thumb Code   412  stm32f4xx_ll_usb.o(.text)
    USB_HC_ReadInterrupt                     0x0800757d   Thumb Code    12  stm32f4xx_ll_usb.o(.text)
    USB_HC_Halt                              0x08007589   Thumb Code   328  stm32f4xx_ll_usb.o(.text)
    USB_StopHost                             0x080076d1   Thumb Code   174  stm32f4xx_ll_usb.o(.text)
    TM_RCC_InitSystem                        0x08007781   Thumb Code   172  tm_stm32_rcc.o(.text)
    TM_GPIO_GetPortSource                    0x08007835   Thumb Code    14  tm_stm32_gpio.o(.text)
    TM_GPIO_INT_Init                         0x08007843   Thumb Code   170  tm_stm32_gpio.o(.text)
    TM_GPIO_INT_EnableClock                  0x080078ed   Thumb Code    28  tm_stm32_gpio.o(.text)
    TM_GPIO_Init                             0x08007909   Thumb Code    48  tm_stm32_gpio.o(.text)
    TM_GPIO_InitAlternate                    0x08007939   Thumb Code   110  tm_stm32_gpio.o(.text)
    TM_GPIO_DeInit                           0x080079a7   Thumb Code    66  tm_stm32_gpio.o(.text)
    TM_GPIO_SetPinAsInput                    0x080079e9   Thumb Code    38  tm_stm32_gpio.o(.text)
    TM_GPIO_SetPinAsOutput                   0x08007a0f   Thumb Code    46  tm_stm32_gpio.o(.text)
    TM_GPIO_SetPinAsAnalog                   0x08007a3d   Thumb Code    38  tm_stm32_gpio.o(.text)
    TM_GPIO_SetPinAsAlternate                0x08007a63   Thumb Code    50  tm_stm32_gpio.o(.text)
    TM_GPIO_SetPullResistor                  0x08007a95   Thumb Code    50  tm_stm32_gpio.o(.text)
    TM_GPIO_Lock                             0x08007ac7   Thumb Code    16  tm_stm32_gpio.o(.text)
    TM_GPIO_GetPinSource                     0x08007ad7   Thumb Code    18  tm_stm32_gpio.o(.text)
    TM_GPIO_INT_DisableClock                 0x08007ae9   Thumb Code    26  tm_stm32_gpio.o(.text)
    TM_GPIO_GetUsedPins                      0x08007b03   Thumb Code    18  tm_stm32_gpio.o(.text)
    TM_GPIO_GetFreePins                      0x08007b15   Thumb Code    22  tm_stm32_gpio.o(.text)
    TM_DELAY_Init                            0x08007b35   Thumb Code    64  tm_stm32_delay.o(.text)
    TM_DELAY_TimerCreate                     0x08007b75   Thumb Code    96  tm_stm32_delay.o(.text)
    TM_DELAY_TimerDelete                     0x08007bd5   Thumb Code   122  tm_stm32_delay.o(.text)
    TM_DELAY_TimerStop                       0x08007c4f   Thumb Code    10  tm_stm32_delay.o(.text)
    TM_DELAY_TimerStart                      0x08007c59   Thumb Code    12  tm_stm32_delay.o(.text)
    TM_DELAY_TimerReset                      0x08007c65   Thumb Code     6  tm_stm32_delay.o(.text)
    TM_DELAY_TimerAutoReloadCommand          0x08007c6b   Thumb Code    18  tm_stm32_delay.o(.text)
    TM_DELAY_TimerAutoReloadValue            0x08007c7d   Thumb Code     4  tm_stm32_delay.o(.text)
    TM_DELAY_1msHandler                      0x08007c81   Thumb Code     2  tm_stm32_delay.o(.text)
    HAL_IncTick                              0x08007c83   Thumb Code   214  tm_stm32_delay.o(.text)
    HAL_GetTick                              0x08007d59   Thumb Code     6  tm_stm32_delay.o(.text)
    HAL_Delay                                0x08007d5f   Thumb Code    54  tm_stm32_delay.o(.text)
    TM_DISCO_LedInit                         0x08007da9   Thumb Code    36  tm_stm32_disco.o(.text)
    TM_DISCO_ButtonInit                      0x08007dcd   Thumb Code    24  tm_stm32_disco.o(.text)
    TM_DISCO_ButtonOnPressed                 0x08007de5   Thumb Code    38  tm_stm32_disco.o(.text)
    TM_DISCO_ButtonOnReleased                0x08007e0b   Thumb Code    40  tm_stm32_disco.o(.text)
    TM_EXTI_Attach                           0x08007e41   Thumb Code   496  tm_stm32_exti.o(.text)
    TM_EXTI_Detach                           0x08008031   Thumb Code    50  tm_stm32_exti.o(.text)
    TM_EXTI_DeInit                           0x08008063   Thumb Code    70  tm_stm32_exti.o(.text)
    TM_EXTI_Handler                          0x080080a9   Thumb Code     2  tm_stm32_exti.o(.text)
    EXTI0_IRQHandler                         0x080080ab   Thumb Code    28  tm_stm32_exti.o(.text)
    EXTI1_IRQHandler                         0x080080c7   Thumb Code    28  tm_stm32_exti.o(.text)
    EXTI2_IRQHandler                         0x080080e3   Thumb Code    28  tm_stm32_exti.o(.text)
    EXTI3_IRQHandler                         0x080080ff   Thumb Code    28  tm_stm32_exti.o(.text)
    EXTI4_IRQHandler                         0x0800811b   Thumb Code    28  tm_stm32_exti.o(.text)
    EXTI9_5_IRQHandler                       0x08008137   Thumb Code   128  tm_stm32_exti.o(.text)
    EXTI15_10_IRQHandler                     0x080081b7   Thumb Code   160  tm_stm32_exti.o(.text)
    TM_USB_Init                              0x08008265   Thumb Code     4  tm_stm32_usb.o(.text)
    TM_USB_InitFS                            0x08008269   Thumb Code   142  tm_stm32_usb.o(.text)
    TM_USB_InitHS                            0x080082f7   Thumb Code    80  tm_stm32_usb.o(.text)
    TM_USB_DriveVBUSCallback                 0x08008347   Thumb Code    26  tm_stm32_usb.o(.text)
    OTG_FS_IRQHandler                        0x08008361   Thumb Code    10  tm_stm32_usb.o(.text)
    OTG_HS_IRQHandler                        0x0800836b   Thumb Code    10  tm_stm32_usb.o(.text)
    TM_USBD_Start                            0x0800838d   Thumb Code    34  tm_stm32_usb_device.o(.text)
    TM_USBD_Stop                             0x080083af   Thumb Code    34  tm_stm32_usb_device.o(.text)
    TM_USBD_GetUSBPointer                    0x080083d1   Thumb Code    10  tm_stm32_usb_device.o(.text)
    TM_USBD_IsDeviceReady                    0x080083db   Thumb Code    30  tm_stm32_usb_device.o(.text)
    TM_MPU9250_Init                          0x08008405   Thumb Code   420  tm_stm32_mpu9250.o(.text)
    TM_MPU9250_ReadAcce                      0x080085a9   Thumb Code   144  tm_stm32_mpu9250.o(.text)
    TM_MPU9250_ReadGyro                      0x08008639   Thumb Code   144  tm_stm32_mpu9250.o(.text)
    TM_MPU9250_ReadMag                       0x080086c9   Thumb Code   108  tm_stm32_mpu9250.o(.text)
    TM_MPU9250_DataReady                     0x08008735   Thumb Code    36  tm_stm32_mpu9250.o(.text)
    TM_USBD_CDC_Init                         0x08008799   Thumb Code   124  tm_stm32_usb_device_cdc.o(.text)
    TM_USBD_CDC_Process                      0x08008815   Thumb Code   128  tm_stm32_usb_device_cdc.o(.text)
    TM_USBD_CDC_Putc                         0x08008895   Thumb Code    36  tm_stm32_usb_device_cdc.o(.text)
    TM_USBD_CDC_Puts                         0x080088b9   Thumb Code    50  tm_stm32_usb_device_cdc.o(.text)
    TM_USBD_CDC_PutArray                     0x080088eb   Thumb Code    44  tm_stm32_usb_device_cdc.o(.text)
    TM_USBD_CDC_Getc                         0x08008917   Thumb Code    32  tm_stm32_usb_device_cdc.o(.text)
    TM_USBD_CDC_Gets                         0x08008937   Thumb Code    32  tm_stm32_usb_device_cdc.o(.text)
    TM_USBD_CDC_GetArray                     0x08008957   Thumb Code    32  tm_stm32_usb_device_cdc.o(.text)
    TM_USBD_CDC_GetSettings                  0x08008977   Thumb Code    78  tm_stm32_usb_device_cdc.o(.text)
    TM_USBD_CDC_INT_AddToBuffer              0x080089c5   Thumb Code    40  tm_stm32_usb_device_cdc.o(.text)
    USBD_VCP_DeviceDescriptor                0x080089ed   Thumb Code    10  tm_stm32_usb_device_cdc.o(.text)
    USBD_VCP_LangIDStrDescriptor             0x080089f7   Thumb Code    10  tm_stm32_usb_device_cdc.o(.text)
    USBD_VCP_ProductStrDescriptor            0x08008a01   Thumb Code    34  tm_stm32_usb_device_cdc.o(.text)
    USBD_VCP_ManufacturerStrDescriptor       0x08008a23   Thumb Code    20  tm_stm32_usb_device_cdc.o(.text)
    USBD_VCP_SerialStrDescriptor             0x08008a9f   Thumb Code    20  tm_stm32_usb_device_cdc.o(.text)
    USBD_VCP_ConfigStrDescriptor             0x08008ab3   Thumb Code    34  tm_stm32_usb_device_cdc.o(.text)
    USBD_VCP_InterfaceStrDescriptor          0x08008ad5   Thumb Code    34  tm_stm32_usb_device_cdc.o(.text)
    TM_BUFFER_Init                           0x08008bc5   Thumb Code    68  tm_stm32_buffer.o(.text)
    TM_BUFFER_Free                           0x08008c09   Thumb Code    32  tm_stm32_buffer.o(.text)
    TM_BUFFER_GetFree                        0x08008c29   Thumb Code    40  tm_stm32_buffer.o(.text)
    TM_BUFFER_Write                          0x08008c51   Thumb Code   136  tm_stm32_buffer.o(.text)
    TM_BUFFER_WriteToTop                     0x08008cd9   Thumb Code   120  tm_stm32_buffer.o(.text)
    TM_BUFFER_GetFull                        0x08008d51   Thumb Code    40  tm_stm32_buffer.o(.text)
    TM_BUFFER_Read                           0x08008d79   Thumb Code   136  tm_stm32_buffer.o(.text)
    TM_BUFFER_Reset                          0x08008e01   Thumb Code    14  tm_stm32_buffer.o(.text)
    TM_BUFFER_FindElement                    0x08008e0f   Thumb Code    70  tm_stm32_buffer.o(.text)
    TM_BUFFER_Find                           0x08008e55   Thumb Code   144  tm_stm32_buffer.o(.text)
    TM_BUFFER_WriteString                    0x08008ee5   Thumb Code    26  tm_stm32_buffer.o(.text)
    TM_BUFFER_ReadString                     0x08008eff   Thumb Code   134  tm_stm32_buffer.o(.text)
    TM_BUFFER_CheckElement                   0x08008f85   Thumb Code    60  tm_stm32_buffer.o(.text)
    TM_I2C_GetHandle                         0x08008fc1   Thumb Code    36  tm_stm32_i2c.o(.text)
    TM_I2C_InitCustomPinsCallback            0x08008fff   Thumb Code     2  tm_stm32_i2c.o(.text)
    TM_I2C_Init                              0x0800910d   Thumb Code   168  tm_stm32_i2c.o(.text)
    TM_I2C_Read                              0x080091b5   Thumb Code    84  tm_stm32_i2c.o(.text)
    TM_I2C_ReadMulti                         0x08009209   Thumb Code    90  tm_stm32_i2c.o(.text)
    TM_I2C_ReadNoRegister                    0x08009263   Thumb Code    50  tm_stm32_i2c.o(.text)
    TM_I2C_ReadMultiNoRegister               0x08009295   Thumb Code    56  tm_stm32_i2c.o(.text)
    TM_I2C_Write                             0x080092cd   Thumb Code    64  tm_stm32_i2c.o(.text)
    TM_I2C_WriteMulti                        0x0800930d   Thumb Code    74  tm_stm32_i2c.o(.text)
    TM_I2C_WriteNoRegister                   0x08009357   Thumb Code    52  tm_stm32_i2c.o(.text)
    TM_I2C_WriteMultiNoRegister              0x0800938b   Thumb Code   108  tm_stm32_i2c.o(.text)
    TM_I2C_Write16                           0x080093f7   Thumb Code    72  tm_stm32_i2c.o(.text)
    TM_I2C_Read16                            0x0800943f   Thumb Code    98  tm_stm32_i2c.o(.text)
    TM_I2C_IsDeviceConnected                 0x080094a1   Thumb Code    36  tm_stm32_i2c.o(.text)
    TM_I2C_WriteReadRepeatedStart            0x080094c5   Thumb Code    92  tm_stm32_i2c.o(.text)
    TM_USBD_CDC_PutLong                      0x08009521   Thumb Code    62  main.o(.text)
    TM_USBD_CDC_PutDouble                    0x0800955f   Thumb Code   158  main.o(.text)
    main                                     0x080095fd   Thumb Code   532  main.o(.text)
    NMI_Handler                              0x080098d5   Thumb Code     2  stm32fxxx_it.o(.text)
    HardFault_Handler                        0x080098d7   Thumb Code     4  stm32fxxx_it.o(.text)
    MemManage_Handler                        0x080098db   Thumb Code     4  stm32fxxx_it.o(.text)
    BusFault_Handler                         0x080098df   Thumb Code     4  stm32fxxx_it.o(.text)
    UsageFault_Handler                       0x080098e3   Thumb Code     4  stm32fxxx_it.o(.text)
    SVC_Handler                              0x080098e7   Thumb Code     2  stm32fxxx_it.o(.text)
    DebugMon_Handler                         0x080098e9   Thumb Code     2  stm32fxxx_it.o(.text)
    PendSV_Handler                           0x080098eb   Thumb Code     2  stm32fxxx_it.o(.text)
    TimingDelay_Decrement                    0x080098ed   Thumb Code     2  stm32fxxx_it.o(.text)
    SysTick_Handler                          0x080098ef   Thumb Code     8  stm32fxxx_it.o(.text)
    SystemInit                               0x080098f9   Thumb Code    82  system_stm32f4xx.o(.text)
    SystemCoreClockUpdate                    0x0800994b   Thumb Code   174  system_stm32f4xx.o(.text)
    HAL_PCD_MspInit                          0x08009a19   Thumb Code    30  usbd_conf.o(.text)
    HAL_PCD_MspDeInit                        0x08009a37   Thumb Code    78  usbd_conf.o(.text)
    HAL_PCD_SetupStageCallback               0x08009a85   Thumb Code    18  usbd_conf.o(.text)
    HAL_PCD_DataOutStageCallback             0x08009a97   Thumb Code    32  usbd_conf.o(.text)
    HAL_PCD_DataInStageCallback              0x08009ab7   Thumb Code    32  usbd_conf.o(.text)
    HAL_PCD_SOFCallback                      0x08009ad7   Thumb Code    14  usbd_conf.o(.text)
    HAL_PCD_ResetCallback                    0x08009ae5   Thumb Code    50  usbd_conf.o(.text)
    HAL_PCD_SuspendCallback                  0x08009b17   Thumb Code    14  usbd_conf.o(.text)
    HAL_PCD_ResumeCallback                   0x08009b25   Thumb Code    14  usbd_conf.o(.text)
    HAL_PCD_ISOOUTIncompleteCallback         0x08009b33   Thumb Code    18  usbd_conf.o(.text)
    HAL_PCD_ISOINIncompleteCallback          0x08009b45   Thumb Code    18  usbd_conf.o(.text)
    HAL_PCD_ConnectCallback                  0x08009b57   Thumb Code    14  usbd_conf.o(.text)
    HAL_PCD_DisconnectCallback               0x08009b65   Thumb Code    14  usbd_conf.o(.text)
    USBD_LL_Init                             0x08009b73   Thumb Code   192  usbd_conf.o(.text)
    USBD_LL_DeInit                           0x08009c33   Thumb Code    16  usbd_conf.o(.text)
    USBD_LL_Start                            0x08009c43   Thumb Code    16  usbd_conf.o(.text)
    USBD_LL_Stop                             0x08009c53   Thumb Code    16  usbd_conf.o(.text)
    USBD_LL_OpenEP                           0x08009c63   Thumb Code    32  usbd_conf.o(.text)
    USBD_LL_CloseEP                          0x08009c83   Thumb Code    20  usbd_conf.o(.text)
    USBD_LL_FlushEP                          0x08009c97   Thumb Code    20  usbd_conf.o(.text)
    USBD_LL_StallEP                          0x08009cab   Thumb Code    20  usbd_conf.o(.text)
    USBD_LL_ClearStallEP                     0x08009cbf   Thumb Code    20  usbd_conf.o(.text)
    USBD_LL_IsStallEP                        0x08009cd3   Thumb Code    56  usbd_conf.o(.text)
    USBD_LL_SetUSBAddress                    0x08009d0b   Thumb Code    20  usbd_conf.o(.text)
    USBD_LL_Transmit                         0x08009d1f   Thumb Code    32  usbd_conf.o(.text)
    USBD_LL_PrepareReceive                   0x08009d3f   Thumb Code    32  usbd_conf.o(.text)
    USBD_LL_GetRxDataSize                    0x08009d5f   Thumb Code    18  usbd_conf.o(.text)
    USBD_LL_Delay                            0x08009d71   Thumb Code    12  usbd_conf.o(.text)
    USBD_Init                                0x08009d8d   Thumb Code    68  usbd_core.o(.text)
    USBD_DeInit                              0x08009dd1   Thumb Code    38  usbd_core.o(.text)
    USBD_RegisterClass                       0x08009df7   Thumb Code    40  usbd_core.o(.text)
    USBD_Start                               0x08009e1f   Thumb Code    14  usbd_core.o(.text)
    USBD_Stop                                0x08009e2d   Thumb Code    26  usbd_core.o(.text)
    USBD_RunTestMode                         0x08009e47   Thumb Code     6  usbd_core.o(.text)
    USBD_SetClassConfig                      0x08009e4d   Thumb Code    34  usbd_core.o(.text)
    USBD_ClrClassConfig                      0x08009e6f   Thumb Code    22  usbd_core.o(.text)
    USBD_LL_SetupStage                       0x08009e85   Thumb Code   110  usbd_core.o(.text)
    USBD_LL_DataOutStage                     0x08009ef3   Thumb Code   134  usbd_core.o(.text)
    USBD_LL_DataInStage                      0x08009f79   Thumb Code   218  usbd_core.o(.text)
    USBD_LL_Reset                            0x0800a053   Thumb Code    68  usbd_core.o(.text)
    USBD_LL_SetSpeed                         0x0800a097   Thumb Code     8  usbd_core.o(.text)
    USBD_LL_Suspend                          0x0800a09f   Thumb Code    20  usbd_core.o(.text)
    USBD_LL_Resume                           0x0800a0b3   Thumb Code    14  usbd_core.o(.text)
    USBD_LL_SOF                              0x0800a0c1   Thumb Code    34  usbd_core.o(.text)
    USBD_LL_IsoINIncomplete                  0x0800a0e3   Thumb Code     6  usbd_core.o(.text)
    USBD_LL_IsoOUTIncomplete                 0x0800a0e9   Thumb Code     6  usbd_core.o(.text)
    USBD_LL_DevConnected                     0x0800a0ef   Thumb Code     6  usbd_core.o(.text)
    USBD_LL_DevDisconnected                  0x0800a0f5   Thumb Code    26  usbd_core.o(.text)
    USBD_CtlError                            0x0800a14d   Thumb Code    24  usbd_ctlreq.o(.text)
    USBD_StdDevReq                           0x0800a4d7   Thumb Code   114  usbd_ctlreq.o(.text)
    USBD_StdItfReq                           0x0800a549   Thumb Code    74  usbd_ctlreq.o(.text)
    USBD_StdEPReq                            0x0800a593   Thumb Code   346  usbd_ctlreq.o(.text)
    USBD_ParseSetupRequest                   0x0800a6ed   Thumb Code    40  usbd_ctlreq.o(.text)
    USBD_GetString                           0x0800a729   Thumb Code    82  usbd_ctlreq.o(.text)
    USBD_CtlSendData                         0x0800a77b   Thumb Code    34  usbd_ioreq.o(.text)
    USBD_CtlContinueSendData                 0x0800a79d   Thumb Code    24  usbd_ioreq.o(.text)
    USBD_CtlPrepareRx                        0x0800a7b5   Thumb Code    40  usbd_ioreq.o(.text)
    USBD_CtlContinueRx                       0x0800a7dd   Thumb Code    24  usbd_ioreq.o(.text)
    USBD_CtlSendStatus                       0x0800a7f5   Thumb Code    26  usbd_ioreq.o(.text)
    USBD_CtlReceiveStatus                    0x0800a80f   Thumb Code    26  usbd_ioreq.o(.text)
    USBD_GetRxCount                          0x0800a829   Thumb Code    18  usbd_ioreq.o(.text)
    USBD_CDC_GetDeviceQualifierDescriptor    0x0800aa4b   Thumb Code    10  usbd_cdc.o(.text)
    USBD_CDC_RegisterInterface               0x0800aa55   Thumb Code    14  usbd_cdc.o(.text)
    USBD_CDC_SetTxBuffer                     0x0800aa63   Thumb Code    20  usbd_cdc.o(.text)
    USBD_CDC_SetRxBuffer                     0x0800aa77   Thumb Code    14  usbd_cdc.o(.text)
    USBD_CDC_TransmitPacket                  0x0800aa85   Thumb Code    56  usbd_cdc.o(.text)
    USBD_CDC_ReceivePacket                   0x0800aabd   Thumb Code    58  usbd_cdc.o(.text)
    __aeabi_memcpy                           0x0800ac45   Thumb Code    36  memcpya.o(.text)
    __aeabi_memcpy4                          0x0800ac45   Thumb Code     0  memcpya.o(.text)
    __aeabi_memcpy8                          0x0800ac45   Thumb Code     0  memcpya.o(.text)
    __aeabi_memset                           0x0800ac69   Thumb Code    14  memseta.o(.text)
    __aeabi_memset4                          0x0800ac69   Thumb Code     0  memseta.o(.text)
    __aeabi_memset8                          0x0800ac69   Thumb Code     0  memseta.o(.text)
    __aeabi_memclr                           0x0800ac77   Thumb Code     4  memseta.o(.text)
    __aeabi_memclr4                          0x0800ac77   Thumb Code     0  memseta.o(.text)
    __aeabi_memclr8                          0x0800ac77   Thumb Code     0  memseta.o(.text)
    _memset$wrapper                          0x0800ac7b   Thumb Code    18  memseta.o(.text)
    strlen                                   0x0800ac8d   Thumb Code    14  strlen.o(.text)
    __aeabi_dadd                             0x0800ac9b   Thumb Code   322  dadd.o(.text)
    __aeabi_dsub                             0x0800addd   Thumb Code     6  dadd.o(.text)
    __aeabi_drsub                            0x0800ade3   Thumb Code     6  dadd.o(.text)
    __aeabi_dmul                             0x0800ade9   Thumb Code   228  dmul.o(.text)
    __aeabi_i2d                              0x0800aecd   Thumb Code    34  dflti.o(.text)
    __aeabi_d2iz                             0x0800aeef   Thumb Code    62  dfixi.o(.text)
    __aeabi_f2d                              0x0800af2d   Thumb Code    38  f2d.o(.text)
    __aeabi_cdcmpeq                          0x0800af55   Thumb Code     0  cdcmple.o(.text)
    __aeabi_cdcmple                          0x0800af55   Thumb Code    48  cdcmple.o(.text)
    __aeabi_llsl                             0x0800af85   Thumb Code    30  llshl.o(.text)
    _ll_shift_l                              0x0800af85   Thumb Code     0  llshl.o(.text)
    __aeabi_llsr                             0x0800afa3   Thumb Code    32  llushr.o(.text)
    _ll_ushift_r                             0x0800afa3   Thumb Code     0  llushr.o(.text)
    __aeabi_lasr                             0x0800afc3   Thumb Code    36  llsshr.o(.text)
    _ll_sshift_r                             0x0800afc3   Thumb Code     0  llsshr.o(.text)
    __I$use$fp                               0x0800afe7   Thumb Code     0  iusefp.o(.text)
    _double_round                            0x0800afe7   Thumb Code    30  depilogue.o(.text)
    _double_epilogue                         0x0800b005   Thumb Code   156  depilogue.o(.text)
    __scatterload                            0x0800b0a1   Thumb Code    28  init.o(.text)
    __scatterload_rt2                        0x0800b0a1   Thumb Code     0  init.o(.text)
    __I$use$semihosting$fputc                0x0800b0c5   Thumb Code     0  iusesemip.o(.text)
    __decompress                             0x0800b0c5   Thumb Code     0  __dczerorl2.o(.text)
    __decompress1                            0x0800b0c5   Thumb Code    86  __dczerorl2.o(.text)
    __semihosting_library_function           0x0800b0c5   Thumb Code     0  semi.o(.text)
    __0printf$bare                           0x0800b11d   Thumb Code     8  printfb.o(i.__0printf$bare)
    __1printf$bare                           0x0800b11d   Thumb Code     0  printfb.o(i.__0printf$bare)
    __2printf                                0x0800b11d   Thumb Code     0  printfb.o(i.__0printf$bare)
    __scatterload_copy                       0x0800b12d   Thumb Code    14  handlers.o(i.__scatterload_copy)
    __scatterload_null                       0x0800b13b   Thumb Code     2  handlers.o(i.__scatterload_null)
    __scatterload_zeroinit                   0x0800b13d   Thumb Code    14  handlers.o(i.__scatterload_zeroinit)
    fputc                                    0x0800b16d   Thumb Code    18  fputc.o(i.fputc)
    free                                     0x0800b181   Thumb Code    76  malloc.o(i.free)
    malloc                                   0x0800b1d1   Thumb Code    92  malloc.o(i.malloc)
    AHBPrescTable                            0x0800b244   Data          16  system_stm32f4xx.o(.constdata)
    APBPrescTable                            0x0800b254   Data           8  system_stm32f4xx.o(.constdata)
    Region$$Table$$Base                      0x0800b25c   Number         0  anon$$obj.o(Region$$Table)
    Region$$Table$$Limit                     0x0800b27c   Number         0  anon$$obj.o(Region$$Table)
    uwTick                                   0x20000000   Data           4  stm32f4xx_hal.o(.data)
    TM_Time2                                 0x20000008   Data           4  tm_stm32_delay.o(.data)
    TM_Time                                  0x2000000c   Data           4  tm_stm32_delay.o(.data)
    VCP_Desc                                 0x20000020   Data          28  tm_stm32_usb_device_cdc.o(.data)
    USBD_DeviceDesc                          0x2000003c   Data          18  tm_stm32_usb_device_cdc.o(.data)
    USBD_LangIDDesc                          0x20000050   Data           4  tm_stm32_usb_device_cdc.o(.data)
    USBD_StringSerial                        0x20000054   Data          26  tm_stm32_usb_device_cdc.o(.data)
    USB_FS_Settings                          0x2000016c   Data           8  main.o(.data)
    ch                                       0x20000174   Data           1  main.o(.data)
    counter                                  0x20000178   Data           4  main.o(.data)
    SystemCoreClock                          0x20000180   Data           4  system_stm32f4xx.o(.data)
    USBD_CDC                                 0x20000194   Data          56  usbd_cdc.o(.data)
    USBD_CDC_CfgHSDesc                       0x200001cc   Data          67  usbd_cdc.o(.data)
    USBD_CDC_CfgFSDesc                       0x20000210   Data          67  usbd_cdc.o(.data)
    USBD_CDC_OtherSpeedCfgDesc               0x20000254   Data          67  usbd_cdc.o(.data)
    USBD_CDC_fops                            0x20000298   Data          32  usbd_cdc_if.o(.data)
    linecoding                               0x200002b8   Data          16  usbd_cdc_if.o(.data)
    __stdout                                 0x200002c8   Data           4  stdout.o(.data)
    __microlib_freelist                      0x200002cc   Data           4  mvars.o(.data)
    __microlib_freelist_initialised          0x200002d0   Data           4  mvars.o(.data)
    hUSBDevice_FS                            0x20000308   Data         548  tm_stm32_usb_device.o(.bss)
    hUSBDevice_HS                            0x2000052c   Data         548  tm_stm32_usb_device.o(.bss)
    USBD_StrDesc                             0x20000750   Data         256  tm_stm32_usb_device_cdc.o(.bss)
    USBD_CDC_Buffer_FS_RX                    0x20000850   Data          24  tm_stm32_usb_device_cdc.o(.bss)
    USBD_CDC_Buffer_FS_TX                    0x20000868   Data          24  tm_stm32_usb_device_cdc.o(.bss)
    USBD_CDC_Buffer_Data_FS_RX               0x20000880   Data         256  tm_stm32_usb_device_cdc.o(.bss)
    USBD_CDC_Buffer_Data_FS_TX               0x20000980   Data         256  tm_stm32_usb_device_cdc.o(.bss)
    USBD_CDC_Buffer_HS_RX                    0x20000a80   Data          24  tm_stm32_usb_device_cdc.o(.bss)
    USBD_CDC_Buffer_HS_TX                    0x20000a98   Data          24  tm_stm32_usb_device_cdc.o(.bss)
    USBD_CDC_Buffer_Data_HS_RX               0x20000ab0   Data         256  tm_stm32_usb_device_cdc.o(.bss)
    USBD_CDC_Buffer_Data_HS_TX               0x20000bb0   Data         256  tm_stm32_usb_device_cdc.o(.bss)
    MPU9250                                  0x20000eb0   Data          72  main.o(.bss)
    string_array                             0x20000ef8   Data          30  main.o(.bss)
    hpcd_FS                                  0x20000f18   Data        1008  usbd_conf.o(.bss)
    hpcd_HS                                  0x20001308   Data        1008  usbd_conf.o(.bss)
    __heap_base                              0x200018f8   Data           0  startup_stm32f407xx.o(HEAP)
    __heap_limit                             0x200028f8   Data           0  startup_stm32f407xx.o(HEAP)
    __initial_sp                             0x20002cf8   Data           0  startup_stm32f407xx.o(STACK)



==============================================================================

Memory Map of the image

  Image Entry point : 0x08000189

  Load Region LR_IROM1 (Base: 0x08000000, Size: 0x0000b550, Max: 0x00100000, ABSOLUTE, COMPRESSED[0x0000b36c])

    Execution Region ER_IROM1 (Exec base: 0x08000000, Load base: 0x08000000, Size: 0x0000b27c, Max: 0x00100000, ABSOLUTE)

    Exec Addr    Load Addr    Size         Type   Attr      Idx    E Section Name        Object

    0x08000000   0x08000000   0x00000188   Data   RO            3    RESET               startup_stm32f407xx.o
    0x08000188   0x08000188   0x00000000   Code   RO         2429  * .ARM.Collect$$$$00000000  mc_w.l(entry.o)
    0x08000188   0x08000188   0x00000004   Code   RO         2742    .ARM.Collect$$$$00000001  mc_w.l(entry2.o)
    0x0800018c   0x0800018c   0x00000004   Code   RO         2745    .ARM.Collect$$$$00000004  mc_w.l(entry5.o)
    0x08000190   0x08000190   0x00000000   Code   RO         2747    .ARM.Collect$$$$00000008  mc_w.l(entry7b.o)
    0x08000190   0x08000190   0x00000000   Code   RO         2749    .ARM.Collect$$$$0000000A  mc_w.l(entry8b.o)
    0x08000190   0x08000190   0x00000008   Code   RO         2750    .ARM.Collect$$$$0000000B  mc_w.l(entry9a.o)
    0x08000198   0x08000198   0x00000000   Code   RO         2752    .ARM.Collect$$$$0000000D  mc_w.l(entry10a.o)
    0x08000198   0x08000198   0x00000000   Code   RO         2754    .ARM.Collect$$$$0000000F  mc_w.l(entry11a.o)
    0x08000198   0x08000198   0x00000004   Code   RO         2743    .ARM.Collect$$$$00002712  mc_w.l(entry2.o)
    0x0800019c   0x0800019c   0x00000024   Code   RO            4    .text               startup_stm32f407xx.o
    0x080001c0   0x080001c0   0x000001c4   Code   RO           13    .text               stm32f4xx_hal.o
    0x08000384   0x08000384   0x00000384   Code   RO          359    .text               stm32f4xx_hal_cortex.o
    0x08000708   0x08000708   0x000008b8   Code   RO          561    .text               stm32f4xx_hal_dma.o
    0x08000fc0   0x08000fc0   0x000003ac   Code   RO          776    .text               stm32f4xx_hal_gpio.o
    0x0800136c   0x0800136c   0x00003764   Code   RO          860    .text               stm32f4xx_hal_i2c.o
    0x08004ad0   0x08004ad0   0x00000008   Code   RO         1076    .text               stm32f4xx_hal_msp_template.o
    0x08004ad8   0x08004ad8   0x00000ce0   Code   RO         1174    .text               stm32f4xx_hal_pcd.o
    0x080057b8   0x080057b8   0x0000005c   Code   RO         1198    .text               stm32f4xx_hal_pcd_ex.o
    0x08005814   0x08005814   0x00000990   Code   RO         1288    .text               stm32f4xx_hal_rcc.o
    0x080061a4   0x080061a4   0x000015da   Code   RO         1738    .text               stm32f4xx_ll_usb.o
    0x0800777e   0x0800777e   0x00000002   PAD
    0x08007780   0x08007780   0x000000b4   Code   RO         1787    .text               tm_stm32_rcc.o
    0x08007834   0x08007834   0x00000300   Code   RO         1823    .text               tm_stm32_gpio.o
    0x08007b34   0x08007b34   0x00000274   Code   RO         1849    .text               tm_stm32_delay.o
    0x08007da8   0x08007da8   0x00000098   Code   RO         1886    .text               tm_stm32_disco.o
    0x08007e40   0x08007e40   0x00000424   Code   RO         1915    .text               tm_stm32_exti.o
    0x08008264   0x08008264   0x00000128   Code   RO         1945    .text               tm_stm32_usb.o
    0x0800838c   0x0800838c   0x00000078   Code   RO         1995    .text               tm_stm32_usb_device.o
    0x08008404   0x08008404   0x00000374   Code   RO         2026    .text               tm_stm32_mpu9250.o
    0x08008778   0x08008778   0x0000044c   Code   RO         2060    .text               tm_stm32_usb_device_cdc.o
    0x08008bc4   0x08008bc4   0x000003fc   Code   RO         2107    .text               tm_stm32_buffer.o
    0x08008fc0   0x08008fc0   0x00000560   Code   RO         2134    .text               tm_stm32_i2c.o
    0x08009520   0x08009520   0x000003b4   Code   RO         2160    .text               main.o
    0x080098d4   0x080098d4   0x00000022   Code   RO         2188    .text               stm32fxxx_it.o
    0x080098f6   0x080098f6   0x00000002   PAD
    0x080098f8   0x080098f8   0x00000120   Code   RO         2215    .text               system_stm32f4xx.o
    0x08009a18   0x08009a18   0x00000374   Code   RO         2246    .text               usbd_conf.o
    0x08009d8c   0x08009d8c   0x000003c0   Code   RO         2285    .text               usbd_core.o
    0x0800a14c   0x0800a14c   0x0000062e   Code   RO         2309    .text               usbd_ctlreq.o
    0x0800a77a   0x0800a77a   0x000000c0   Code   RO         2337    .text               usbd_ioreq.o
    0x0800a83a   0x0800a83a   0x00000002   PAD
    0x0800a83c   0x0800a83c   0x000002d0   Code   RO         2361    .text               usbd_cdc.o
    0x0800ab0c   0x0800ab0c   0x00000138   Code   RO         2394    .text               usbd_cdc_if.o
    0x0800ac44   0x0800ac44   0x00000024   Code   RO         2432    .text               mc_w.l(memcpya.o)
    0x0800ac68   0x0800ac68   0x00000024   Code   RO         2434    .text               mc_w.l(memseta.o)
    0x0800ac8c   0x0800ac8c   0x0000000e   Code   RO         2436    .text               mc_w.l(strlen.o)
    0x0800ac9a   0x0800ac9a   0x0000014e   Code   RO         2728    .text               mf_w.l(dadd.o)
    0x0800ade8   0x0800ade8   0x000000e4   Code   RO         2730    .text               mf_w.l(dmul.o)
    0x0800aecc   0x0800aecc   0x00000022   Code   RO         2734    .text               mf_w.l(dflti.o)
    0x0800aeee   0x0800aeee   0x0000003e   Code   RO         2736    .text               mf_w.l(dfixi.o)
    0x0800af2c   0x0800af2c   0x00000026   Code   RO         2738    .text               mf_w.l(f2d.o)
    0x0800af52   0x0800af52   0x00000002   PAD
    0x0800af54   0x0800af54   0x00000030   Code   RO         2740    .text               mf_w.l(cdcmple.o)
    0x0800af84   0x0800af84   0x0000001e   Code   RO         2763    .text               mc_w.l(llshl.o)
    0x0800afa2   0x0800afa2   0x00000020   Code   RO         2765    .text               mc_w.l(llushr.o)
    0x0800afc2   0x0800afc2   0x00000024   Code   RO         2767    .text               mc_w.l(llsshr.o)
    0x0800afe6   0x0800afe6   0x00000000   Code   RO         2771    .text               mc_w.l(iusefp.o)
    0x0800afe6   0x0800afe6   0x000000ba   Code   RO         2772    .text               mf_w.l(depilogue.o)
    0x0800b0a0   0x0800b0a0   0x00000024   Code   RO         2780    .text               mc_w.l(init.o)
    0x0800b0c4   0x0800b0c4   0x00000000   Code   RO         2782    .text               mc_w.l(semi.o)
    0x0800b0c4   0x0800b0c4   0x00000000   Code   RO         2783    .text               mc_w.l(iusesemip.o)
    0x0800b0c4   0x0800b0c4   0x00000056   Code   RO         2792    .text               mc_w.l(__dczerorl2.o)
    0x0800b11a   0x0800b11a   0x00000002   PAD
    0x0800b11c   0x0800b11c   0x00000010   Code   RO         2441    i.__0printf$bare    mc_w.l(printfb.o)
    0x0800b12c   0x0800b12c   0x0000000e   Code   RO         2786    i.__scatterload_copy  mc_w.l(handlers.o)
    0x0800b13a   0x0800b13a   0x00000002   Code   RO         2787    i.__scatterload_null  mc_w.l(handlers.o)
    0x0800b13c   0x0800b13c   0x0000000e   Code   RO         2788    i.__scatterload_zeroinit  mc_w.l(handlers.o)
    0x0800b14a   0x0800b14a   0x00000022   Code   RO         2448    i._printf_core      mc_w.l(printfb.o)
    0x0800b16c   0x0800b16c   0x00000012   Code   RO         2756    i.fputc             mc_w.l(fputc.o)
    0x0800b17e   0x0800b17e   0x00000002   PAD
    0x0800b180   0x0800b180   0x00000050   Code   RO         2700    i.free              mc_w.l(malloc.o)
    0x0800b1d0   0x0800b1d0   0x0000006c   Code   RO         2701    i.malloc            mc_w.l(malloc.o)
    0x0800b23c   0x0800b23c   0x00000008   Data   RO          562    .constdata          stm32f4xx_hal_dma.o
    0x0800b244   0x0800b244   0x00000018   Data   RO         2216    .constdata          system_stm32f4xx.o
    0x0800b25c   0x0800b25c   0x00000020   Data   RO         2784    Region$$Table       anon$$obj.o


    Execution Region RW_IRAM1 (Exec base: 0x20000000, Load base: 0x0800b27c, Size: 0x00002cf8, Max: 0x00020000, ABSOLUTE, COMPRESSED[0x000000f0])

    Exec Addr    Load Addr    Size         Type   Attr      Idx    E Section Name        Object

    0x20000000   COMPRESSED   0x00000004   Data   RW           14    .data               stm32f4xx_hal.o
    0x20000004   COMPRESSED   0x00000004   Data   RW         1739    .data               stm32f4xx_ll_usb.o
    0x20000008   COMPRESSED   0x00000008   Data   RW         1851    .data               tm_stm32_delay.o
    0x20000010   COMPRESSED   0x00000001   Data   RW         1887    .data               tm_stm32_disco.o
    0x20000011   COMPRESSED   0x00000003   PAD
    0x20000014   COMPRESSED   0x0000000c   Data   RW         1997    .data               tm_stm32_usb_device.o
    0x20000020   COMPRESSED   0x0000004e   Data   RW         2062    .data               tm_stm32_usb_device_cdc.o
    0x2000006e   COMPRESSED   0x00000002   PAD
    0x20000070   COMPRESSED   0x000000fc   Data   RW         2135    .data               tm_stm32_i2c.o
    0x2000016c   COMPRESSED   0x00000014   Data   RW         2162    .data               main.o
    0x20000180   COMPRESSED   0x00000004   Data   RW         2217    .data               system_stm32f4xx.o
    0x20000184   COMPRESSED   0x00000001   Data   RW         2310    .data               usbd_ctlreq.o
    0x20000185   COMPRESSED   0x00000003   PAD
    0x20000188   COMPRESSED   0x00000110   Data   RW         2362    .data               usbd_cdc.o
    0x20000298   COMPRESSED   0x00000030   Data   RW         2396    .data               usbd_cdc_if.o
    0x200002c8   COMPRESSED   0x00000004   Data   RW         2758    .data               mc_w.l(stdout.o)
    0x200002cc   COMPRESSED   0x00000004   Data   RW         2769    .data               mc_w.l(mvars.o)
    0x200002d0   COMPRESSED   0x00000004   Data   RW         2770    .data               mc_w.l(mvars.o)
    0x200002d4        -       0x0000001a   Zero   RW         1824    .bss                tm_stm32_gpio.o
    0x200002ee   COMPRESSED   0x00000002   PAD
    0x200002f0        -       0x00000018   Zero   RW         1850    .bss                tm_stm32_delay.o
    0x20000308        -       0x00000448   Zero   RW         1996    .bss                tm_stm32_usb_device.o
    0x20000750        -       0x00000760   Zero   RW         2061    .bss                tm_stm32_usb_device_cdc.o
    0x20000eb0        -       0x00000066   Zero   RW         2161    .bss                main.o
    0x20000f16   COMPRESSED   0x00000002   PAD
    0x20000f18        -       0x000007e0   Zero   RW         2247    .bss                usbd_conf.o
    0x200016f8        -       0x00000200   Zero   RW         2395    .bss                usbd_cdc_if.o
    0x200018f8        -       0x00001000   Zero   RW            2    HEAP                startup_stm32f407xx.o
    0x200028f8        -       0x00000400   Zero   RW            1    STACK               startup_stm32f407xx.o


==============================================================================

Image component sizes


      Code (inc. data)   RO Data    RW Data    ZI Data      Debug   Object Name

       948        206          0         20        102       2371   main.o
        36          8        392          0       5120       1016   startup_stm32f407xx.o
       452         34          0          4          0     667258   stm32f4xx_hal.o
       900         22          0          0          0      32218   stm32f4xx_hal_cortex.o
      2232         30          8          0          0       7277   stm32f4xx_hal_dma.o
       940         46          0          0          0       3759   stm32f4xx_hal_gpio.o
     14180        166          0          0          0      33406   stm32f4xx_hal_i2c.o
         8          0          0          0          0        874   stm32f4xx_hal_msp_template.o
      3296         48          0          0          0      10675   stm32f4xx_hal_pcd.o
        92          0          0          0          0       1622   stm32f4xx_hal_pcd_ex.o
      2448         66          0          0          0       5363   stm32f4xx_hal_rcc.o
      5594         76          0          4          0      14705   stm32f4xx_ll_usb.o
        34          0          0          0          0       1516   stm32fxxx_it.o
       288         32         24          4          0       1689   system_stm32f4xx.o
      1020          0          0          0          0       7435   tm_stm32_buffer.o
       628         20          0          8         24       7076   tm_stm32_delay.o
       152         14          0          1          0       1806   tm_stm32_disco.o
      1060         14          0          0          0       4044   tm_stm32_exti.o
       768         10          0          0         26       5800   tm_stm32_gpio.o
      1376         48          0        252          0       8581   tm_stm32_i2c.o
       884         20          0          0          0       8609   tm_stm32_mpu9250.o
       180          8          0          0          0       3712   tm_stm32_rcc.o
       296         24          0          0          0       7755   tm_stm32_usb.o
       120         12          0         12       1096       2883   tm_stm32_usb_device.o
      1100        206          0         78       1888      12473   tm_stm32_usb_device_cdc.o
       720         22          0        272          0       7368   usbd_cdc.o
       312         20          0         48        512       5518   usbd_cdc_if.o
       884         16          0          0       2016      12738   usbd_conf.o
       960         62          0          0          0       6001   usbd_core.o
      1582         28          0          1          0       9822   usbd_ctlreq.o
       192          0          0          0          0       2774   usbd_ioreq.o

    ----------------------------------------------------------------------
     43688       1258        456        712      10788     898144   Object Totals
         0          0         32          0          0          0   (incl. Generated)
         6          0          0          8          4          0   (incl. Padding)

    ----------------------------------------------------------------------

      Code (inc. data)   RO Data    RW Data    ZI Data      Debug   Library Member Name

        86          0          0          0          0          0   __dczerorl2.o
         0          0          0          0          0          0   entry.o
         0          0          0          0          0          0   entry10a.o
         0          0          0          0          0          0   entry11a.o
         8          4          0          0          0          0   entry2.o
         4          0          0          0          0          0   entry5.o
         0          0          0          0          0          0   entry7b.o
         0          0          0          0          0          0   entry8b.o
         8          4          0          0          0          0   entry9a.o
        18          0          0          0          0         80   fputc.o
        30          0          0          0          0          0   handlers.o
        36          8          0          0          0         68   init.o
         0          0          0          0          0          0   iusefp.o
         0          0          0          0          0          0   iusesemip.o
        30          0          0          0          0         68   llshl.o
        36          0          0          0          0         68   llsshr.o
        32          0          0          0          0         68   llushr.o
       188         20          0          0          0        160   malloc.o
        36          0          0          0          0         68   memcpya.o
        36          0          0          0          0        108   memseta.o
         0          0          0          8          0          0   mvars.o
        50          8          0          0          0        152   printfb.o
         0          0          0          0          0          0   semi.o
         0          0          0          4          0          0   stdout.o
        14          0          0          0          0         68   strlen.o
        48          0          0          0          0         68   cdcmple.o
       334          0          0          0          0        148   dadd.o
       186          0          0          0          0        176   depilogue.o
        62          0          0          0          0         80   dfixi.o
        34          0          0          0          0         76   dflti.o
       228          0          0          0          0         96   dmul.o
        38          0          0          0          0         68   f2d.o

    ----------------------------------------------------------------------
      1548         44          0         12          0       1620   Library Totals
         6          0          0          0          0          0   (incl. Padding)

    ----------------------------------------------------------------------

      Code (inc. data)   RO Data    RW Data    ZI Data      Debug   Library Name

       612         44          0         12          0        908   mc_w.l
       930          0          0          0          0        712   mf_w.l

    ----------------------------------------------------------------------
      1548         44          0         12          0       1620   Library Totals

    ----------------------------------------------------------------------

==============================================================================


      Code (inc. data)   RO Data    RW Data    ZI Data      Debug   

     45236       1302        456        724      10788     891916   Grand Totals
     45236       1302        456        240      10788     891916   ELF Image Totals (compressed)
     45236       1302        456        240          0          0   ROM Totals

==============================================================================

    Total RO  Size (Code + RO Data)                45692 (  44.62kB)
    Total RW  Size (RW Data + ZI Data)             11512 (  11.24kB)
    Total ROM Size (Code + RO Data + RW Data)      45932 (  44.86kB)

==============================================================================

